Archive member included to satisfy reference by file (symbol)

e:/program files (x86)/atollic/truestudio for stm32 9.3.0/armtools/bin/../lib/gcc/arm-atollic-eabi/6.3.1/../../../../arm-atollic-eabi/lib/armv7e-m/fpu\libc_nano.a(lib_a-errno.o)
                              Src\syscalls.o (__errno)
e:/program files (x86)/atollic/truestudio for stm32 9.3.0/armtools/bin/../lib/gcc/arm-atollic-eabi/6.3.1/../../../../arm-atollic-eabi/lib/armv7e-m/fpu\libc_nano.a(lib_a-impure.o)
                              e:/program files (x86)/atollic/truestudio for stm32 9.3.0/armtools/bin/../lib/gcc/arm-atollic-eabi/6.3.1/../../../../arm-atollic-eabi/lib/armv7e-m/fpu\libc_nano.a(lib_a-errno.o) (_impure_ptr)
e:/program files (x86)/atollic/truestudio for stm32 9.3.0/armtools/bin/../lib/gcc/arm-atollic-eabi/6.3.1/../../../../arm-atollic-eabi/lib/armv7e-m/fpu\libc_nano.a(lib_a-init.o)
                              startup\startup_stm32f429xx.o (__libc_init_array)
e:/program files (x86)/atollic/truestudio for stm32 9.3.0/armtools/bin/../lib/gcc/arm-atollic-eabi/6.3.1/../../../../arm-atollic-eabi/lib/armv7e-m/fpu\libc_nano.a(lib_a-memset.o)
                              Src\ltdc.o (memset)
e:/program files (x86)/atollic/truestudio for stm32 9.3.0/armtools/bin/../lib/gcc/arm-atollic-eabi/6.3.1/../../../../arm-atollic-eabi/lib/armv7e-m/fpu\libc_nano.a(lib_a-printf.o)
                              Src\main.o (printf)
e:/program files (x86)/atollic/truestudio for stm32 9.3.0/armtools/bin/../lib/gcc/arm-atollic-eabi/6.3.1/../../../../arm-atollic-eabi/lib/armv7e-m/fpu\libc_nano.a(lib_a-findfp.o)
                              e:/program files (x86)/atollic/truestudio for stm32 9.3.0/armtools/bin/../lib/gcc/arm-atollic-eabi/6.3.1/../../../../arm-atollic-eabi/lib/armv7e-m/fpu\libc_nano.a(lib_a-printf.o) (__sinit)
e:/program files (x86)/atollic/truestudio for stm32 9.3.0/armtools/bin/../lib/gcc/arm-atollic-eabi/6.3.1/../../../../arm-atollic-eabi/lib/armv7e-m/fpu\libc_nano.a(lib_a-fwalk.o)
                              e:/program files (x86)/atollic/truestudio for stm32 9.3.0/armtools/bin/../lib/gcc/arm-atollic-eabi/6.3.1/../../../../arm-atollic-eabi/lib/armv7e-m/fpu\libc_nano.a(lib_a-findfp.o) (_fwalk)
e:/program files (x86)/atollic/truestudio for stm32 9.3.0/armtools/bin/../lib/gcc/arm-atollic-eabi/6.3.1/../../../../arm-atollic-eabi/lib/armv7e-m/fpu\libc_nano.a(lib_a-nano-mallocr.o)
                              e:/program files (x86)/atollic/truestudio for stm32 9.3.0/armtools/bin/../lib/gcc/arm-atollic-eabi/6.3.1/../../../../arm-atollic-eabi/lib/armv7e-m/fpu\libc_nano.a(lib_a-findfp.o) (_malloc_r)
e:/program files (x86)/atollic/truestudio for stm32 9.3.0/armtools/bin/../lib/gcc/arm-atollic-eabi/6.3.1/../../../../arm-atollic-eabi/lib/armv7e-m/fpu\libc_nano.a(lib_a-nano-vfprintf.o)
                              e:/program files (x86)/atollic/truestudio for stm32 9.3.0/armtools/bin/../lib/gcc/arm-atollic-eabi/6.3.1/../../../../arm-atollic-eabi/lib/armv7e-m/fpu\libc_nano.a(lib_a-printf.o) (_vfprintf_r)
e:/program files (x86)/atollic/truestudio for stm32 9.3.0/armtools/bin/../lib/gcc/arm-atollic-eabi/6.3.1/../../../../arm-atollic-eabi/lib/armv7e-m/fpu\libc_nano.a(lib_a-nano-vfprintf_i.o)
                              e:/program files (x86)/atollic/truestudio for stm32 9.3.0/armtools/bin/../lib/gcc/arm-atollic-eabi/6.3.1/../../../../arm-atollic-eabi/lib/armv7e-m/fpu\libc_nano.a(lib_a-nano-vfprintf.o) (_printf_i)
e:/program files (x86)/atollic/truestudio for stm32 9.3.0/armtools/bin/../lib/gcc/arm-atollic-eabi/6.3.1/../../../../arm-atollic-eabi/lib/armv7e-m/fpu\libc_nano.a(lib_a-sbrkr.o)
                              e:/program files (x86)/atollic/truestudio for stm32 9.3.0/armtools/bin/../lib/gcc/arm-atollic-eabi/6.3.1/../../../../arm-atollic-eabi/lib/armv7e-m/fpu\libc_nano.a(lib_a-nano-mallocr.o) (_sbrk_r)
e:/program files (x86)/atollic/truestudio for stm32 9.3.0/armtools/bin/../lib/gcc/arm-atollic-eabi/6.3.1/../../../../arm-atollic-eabi/lib/armv7e-m/fpu\libc_nano.a(lib_a-stdio.o)
                              e:/program files (x86)/atollic/truestudio for stm32 9.3.0/armtools/bin/../lib/gcc/arm-atollic-eabi/6.3.1/../../../../arm-atollic-eabi/lib/armv7e-m/fpu\libc_nano.a(lib_a-findfp.o) (__sread)
e:/program files (x86)/atollic/truestudio for stm32 9.3.0/armtools/bin/../lib/gcc/arm-atollic-eabi/6.3.1/../../../../arm-atollic-eabi/lib/armv7e-m/fpu\libc_nano.a(lib_a-wbuf.o)
                              e:/program files (x86)/atollic/truestudio for stm32 9.3.0/armtools/bin/../lib/gcc/arm-atollic-eabi/6.3.1/../../../../arm-atollic-eabi/lib/armv7e-m/fpu\libc_nano.a(lib_a-nano-vfprintf.o) (__swbuf_r)
e:/program files (x86)/atollic/truestudio for stm32 9.3.0/armtools/bin/../lib/gcc/arm-atollic-eabi/6.3.1/../../../../arm-atollic-eabi/lib/armv7e-m/fpu\libc_nano.a(lib_a-writer.o)
[...]
Memory Configuration

Name             Origin             Length             Attributes
RAM              0x20000000         0x00030000         xrw
CCMRAM           0x10000000         0x00010000         rw
FLASH            0x08000000         0x00200000         xr
*default*        0x00000000         0xffffffff

Linker script and memory map

LOAD e:/program files (x86)/atollic/truestudio for stm32 9.3.0/armtools/bin/../lib/gcc/arm-atollic-eabi/6.3.1/armv7e-m/fpu/crti.o
LOAD e:/program files (x86)/atollic/truestudio for stm32 9.3.0/armtools/bin/../lib/gcc/arm-atollic-eabi/6.3.1/armv7e-m/fpu/crtbegin.o
LOAD Drivers\BSP\Components\ili9341\ili9341.o
LOAD Drivers\BSP\Components\l3gd20\l3gd20.o
LOAD Drivers\BSP\Components\stmpe811\stmpe811.o
LOAD Drivers\BSP\STM32F429I-Discovery\Fonts\font12.o
LOAD Drivers\BSP\STM32F429I-Discovery\Fonts\font16.o
LOAD Drivers\BSP\STM32F429I-Discovery\Fonts\font20.o
LOAD Drivers\BSP\STM32F429I-Discovery\Fonts\font24.o
LOAD Drivers\BSP\STM32F429I-Discovery\Fonts\font8.o
LOAD Drivers\BSP\STM32F429I-Discovery\stm32f429i_discovery.o
LOAD Drivers\BSP\STM32F429I-Discovery\stm32f429i_discovery_eeprom.o
LOAD Drivers\BSP\STM32F429I-Discovery\stm32f429i_discovery_gyroscope.o
LOAD Drivers\BSP\STM32F429I-Discovery\stm32f429i_discovery_io.o
LOAD Drivers\BSP\STM32F429I-Discovery\stm32f429i_discovery_lcd.o
LOAD Drivers\BSP\STM32F429I-Discovery\stm32f429i_discovery_sdram.o
LOAD Drivers\BSP\STM32F429I-Discovery\stm32f429i_discovery_ts.o
LOAD Drivers\STM32F4xx_HAL_Driver\Src\stm32f4xx_hal.o
LOAD Drivers\STM32F4xx_HAL_Driver\Src\stm32f4xx_hal_cortex.o
LOAD Drivers\STM32F4xx_HAL_Driver\Src\stm32f4xx_hal_crc.o
LOAD Drivers\STM32F4xx_HAL_Driver\Src\stm32f4xx_hal_dma.o
LOAD Drivers\STM32F4xx_HAL_Driver\Src\stm32f4xx_hal_dma2d.o
LOAD Drivers\STM32F4xx_HAL_Driver\Src\stm32f4xx_hal_dma_ex.o
LOAD Drivers\STM32F4xx_HAL_Driver\Src\stm32f4xx_hal_dsi.o
LOAD Drivers\STM32F4xx_HAL_Driver\Src\stm32f4xx_hal_exti.o
LOAD Drivers\STM32F4xx_HAL_Driver\Src\stm32f4xx_hal_flash.o
LOAD Drivers\STM32F4xx_HAL_Driver\Src\stm32f4xx_hal_flash_ex.o
LOAD Drivers\STM32F4xx_HAL_Driver\Src\stm32f4xx_hal_flash_ramfunc.o
LOAD Drivers\STM32F4xx_HAL_Driver\Src\stm32f4xx_hal_gpio.o
LOAD Drivers\STM32F4xx_HAL_Driver\Src\stm32f4xx_hal_i2c.o
LOAD Drivers\STM32F4xx_HAL_Driver\Src\stm32f4xx_hal_i2c_ex.o
LOAD Drivers\STM32F4xx_HAL_Driver\Src\stm32f4xx_hal_ltdc.o
LOAD Drivers\STM32F4xx_HAL_Driver\Src\stm32f4xx_hal_ltdc_ex.o
LOAD Drivers\STM32F4xx_HAL_Driver\Src\stm32f4xx_hal_pwr.o
LOAD Drivers\STM32F4xx_HAL_Driver\Src\stm32f4xx_hal_pwr_ex.o
LOAD Drivers\STM32F4xx_HAL_Driver\Src\stm32f4xx_hal_rcc.o
LOAD Drivers\STM32F4xx_HAL_Driver\Src\stm32f4xx_hal_rcc_ex.o
LOAD Drivers\STM32F4xx_HAL_Driver\Src\stm32f4xx_hal_sdram.o
LOAD Drivers\STM32F4xx_HAL_Driver\Src\stm32f4xx_hal_spi.o
LOAD Drivers\STM32F4xx_HAL_Driver\Src\stm32f4xx_hal_tim.o
LOAD Drivers\STM32F4xx_HAL_Driver\Src\stm32f4xx_hal_tim_ex.o
LOAD Drivers\STM32F4xx_HAL_Driver\Src\stm32f4xx_hal_uart.o
LOAD Drivers\STM32F4xx_HAL_Driver\Src\stm32f4xx_ll_fmc.o
LOAD Src\crc.o
LOAD Src\dma2d.o
LOAD Src\fmc.o
LOAD Src\gfxsimulator.o
LOAD Src\gpio.o
LOAD Src\i2c.o
LOAD Src\ltdc.o
LOAD Src\main.o
LOAD Src\spi.o
LOAD Src\stm32f4xx_hal_msp.o
LOAD Src\stm32f4xx_hal_timebase_tim.o
LOAD Src\stm32f4xx_it.o
LOAD Src\syscalls.o
LOAD Src\system_stm32f4xx.o
LOAD Src\tim.o
LOAD Src\usart.o
LOAD startup\startup_stm32f429xx.o
                0x00000080                malloc_getpagesize_P = 0x80
START GROUP
LOAD e:/program files (x86)/atollic/truestudio for stm32 9.3.0/armtools/bin/../lib/gcc/arm-atollic-eabi/6.3.1/../../../../arm-atollic-eabi/lib/armv7e-m/fpu\libc_nano.a
LOAD e:/program files (x86)/atollic/truestudio for stm32 9.3.0/armtools/bin/../lib/gcc/arm-atollic-eabi/6.3.1/../../../../arm-atollic-eabi/lib/armv7e-m/fpu\libm.a
END GROUP
START GROUP
LOAD e:/program files (x86)/atollic/truestudio for stm32 9.3.0/armtools/bin/../lib/gcc/arm-atollic-eabi/6.3.1/armv7e-m/fpu\libgcc.a
LOAD e:/program files (x86)/atollic/truestudio for stm32 9.3.0/armtools/bin/../lib/gcc/arm-atollic-eabi/6.3.1/../../../../arm-atollic-eabi/lib/armv7e-m/fpu\libc_nano.a
END GROUP
START GROUP
LOAD e:/program files (x86)/atollic/truestudio for stm32 9.3.0/armtools/bin/../lib/gcc/arm-atollic-eabi/6.3.1/armv7e-m/fpu\libgcc.a
LOAD e:/program files (x86)/atollic/truestudio for stm32 9.3.0/armtools/bin/../lib/gcc/arm-atollic-eabi/6.3.1/../../../../arm-atollic-eabi/lib/armv7e-m/fpu\libc_nano.a
LOAD e:/program files (x86)/atollic/truestudio for stm32 9.3.0/armtools/bin/../lib/gcc/arm-atollic-eabi/6.3.1/../../../../arm-atollic-eabi/lib/armv7e-m/fpu\libnosys.a
END GROUP
START GROUP
LOAD e:/program files (x86)/atollic/truestudio for stm32 9.3.0/armtools/bin/../lib/gcc/arm-atollic-eabi/6.3.1/armv7e-m/fpu\libgcc.a
LOAD e:/program files (x86)/atollic/truestudio for stm32 9.3.0/armtools/bin/../lib/gcc/arm-atollic-eabi/6.3.1/../../../../arm-atollic-eabi/lib/armv7e-m/fpu\libc_nano.a
LOAD e:/program files (x86)/atollic/truestudio for stm32 9.3.0/armtools/bin/../lib/gcc/arm-atollic-eabi/6.3.1/../../../../arm-atollic-eabi/lib/armv7e-m/fpu\libnosys.a
END GROUP
LOAD e:/program files (x86)/atollic/truestudio for stm32 9.3.0/armtools/bin/../lib/gcc/arm-atollic-eabi/6.3.1/armv7e-m/fpu/crtend.o
LOAD e:/program files (x86)/atollic/truestudio for stm32 9.3.0/armtools/bin/../lib/gcc/arm-atollic-eabi/6.3.1/armv7e-m/fpu/crtn.o
                0x20030000                _estack = 0x20030000
                0x00000200                _Min_Heap_Size = 0x200
                0x00000400                _Min_Stack_Size = 0x400

.isr_vector     0x08000000      0x1ac
                0x08000000                . = ALIGN (0x4)
 *(.isr_vector)
 .isr_vector    0x08000000      0x1ac startup\startup_stm32f429xx.o
                0x08000000                g_pfnVectors
                0x080001ac                . = ALIGN (0x4)

.text           0x080001b0     0xb2a0
                0x080001b0                . = ALIGN (0x4)
 *(.text)
 .text          0x080001b0       0x40 e:/program files (x86)/atollic/truestudio for stm32 9.3.0/armtools/bin/../lib/gcc/arm-atollic-eabi/6.3.1/armv7e-m/fpu/crtbegin.o
 .text          0x080001f0       0xa0 e:/program files (x86)/atollic/truestudio for stm32 9.3.0/armtools/bin/../lib/gcc/arm-atollic-eabi/6.3.1/../../../../arm-atollic-eabi/lib/armv7e-m/fpu\libc_nano.a(lib_a-memchr.o)
                0x080001f0                memchr
 .text          0x08000290      0x370 e:/program files (x86)/atollic/truestudio for stm32 9.3.0/armtools/bin/../lib/gcc/arm-atollic-eabi/6.3.1/armv7e-m/fpu\libgcc.a(_arm_addsubdf3.o)
                0x08000290                __aeabi_drsub
                0x08000298                __aeabi_dsub
                0x08000298                __subdf3
                0x0800029c                __aeabi_dadd
                0x0800029c                __adddf3
                0x08000514                __floatunsidf
                0x08000514                __aeabi_ui2d
                0x08000534                __floatsidf
                0x08000534                __aeabi_i2d
                0x08000558                __aeabi_f2d
                0x08000558                __extendsfdf2
                0x08000594                __floatundidf
                0x08000594                __aeabi_ul2d
                0x080005a4                __floatdidf
                0x080005a4                __aeabi_l2d
 .text          0x08000600      0x424 e:/program files (x86)/atollic/truestudio for stm32 9.3.0/armtools/bin/../lib/gcc/arm-atollic-eabi/6.3.1/armv7e-m/fpu\libgcc.a(_arm_muldivdf3.o)
                0x08000600                __aeabi_dmul
                0x08000600                __muldf3
                0x08000854                __divdf3
                0x08000854                __aeabi_ddiv
 .text          0x08000a24       0x50 e:/program files (x86)/atollic/truestudio for stm32 9.3.0/armtools/bin/../lib/gcc/arm-atollic-eabi/6.3.1/armv7e-m/fpu\libgcc.a(_arm_fixdfsi.o)
                0x08000a24                __aeabi_d2iz
                0x08000a24                __fixdfsi
 .text          0x08000a74       0x30 e:/program files (x86)/atollic/truestudio for stm32 9.3.0/armtools/bin/../lib/gcc/arm-atollic-eabi/6.3.1/armv7e-m/fpu\libgcc.a(_aeabi_uldivmod.o)
                0x08000a74                __aeabi_uldivmod
 .text          0x08000aa4      0x2dc e:/program files (x86)/atollic/truestudio for stm32 9.3.0/armtools/bin/../lib/gcc/arm-atollic-eabi/6.3.1/armv7e-m/fpu\libgcc.a(_udivmoddi4.o)
                0x08000aa4                __udivmoddi4
 .text          0x08000d80        0x4 e:/program files (x86)/atollic/truestudio for stm32 9.3.0/armtools/bin/../lib/gcc/arm-atollic-eabi/6.3.1/armv7e-m/fpu\libgcc.a(_dvmd_tls.o)
                0x08000d80                __aeabi_idiv0
                0x08000d80                __aeabi_ldiv0
 *(.text*)
 .text.ili9341_Init
                0x08000d84      0x294 Drivers\BSP\Components\ili9341\ili9341.o
                0x08000d84                ili9341_Init
 .text.ili9341_ReadID
                0x08001018       0x18 Drivers\BSP\Components\ili9341\ili9341.o
                0x08001018                ili9341_ReadID
 .text.ili9341_DisplayOn
                0x08001030        0xe Drivers\BSP\Components\ili9341\ili9341.o
                0x08001030                ili9341_DisplayOn
 .text.ili9341_DisplayOff
                0x0800103e        0xe Drivers\BSP\Components\ili9341\ili9341.o
                0x0800103e                ili9341_DisplayOff
 .text.ili9341_WriteReg
                0x0800104c       0x1a Drivers\BSP\Components\ili9341\ili9341.o
                0x0800104c                ili9341_WriteReg
 .text.ili9341_WriteData
                0x08001066       0x1a Drivers\BSP\Components\ili9341\ili9341.o
                0x08001066                ili9341_WriteData
 .text.ili9341_ReadData
                0x08001080       0x26 Drivers\BSP\Components\ili9341\ili9341.o
                0x08001080                ili9341_ReadData
 .text.ili9341_GetLcdPixelWidth
                0x080010a6       0x10 Drivers\BSP\Components\ili9341\ili9341.o
                0x080010a6                ili9341_GetLcdPixelWidth
 .text.ili9341_GetLcdPixelHeight
                0x080010b6       0x12 Drivers\BSP\Components\ili9341\ili9341.o
                0x080010b6                ili9341_GetLcdPixelHeight
 .text.L3GD20_Init
                0x080010c8       0x46 Drivers\BSP\Components\l3gd20\l3gd20.o
                0x080010c8                L3GD20_Init
 .text.L3GD20_DeInit
                0x0800110e        0xe Drivers\BSP\Components\l3gd20\l3gd20.o
                0x0800110e                L3GD20_DeInit
 .text.L3GD20_ReadID
                0x0800111c       0x20 Drivers\BSP\Components\l3gd20\l3gd20.o
                0x0800111c                L3GD20_ReadID
 .text.L3GD20_RebootCmd
                0x0800113c       0x30 Drivers\BSP\Components\l3gd20\l3gd20.o
                0x0800113c                L3GD20_RebootCmd
 .text.L3GD20_LowPower
                0x0800116c       0x2a Drivers\BSP\Components\l3gd20\l3gd20.o
                0x0800116c                L3GD20_LowPower
 .text.L3GD20_INT1InterruptConfig
                0x08001196       0x86 Drivers\BSP\Components\l3gd20\l3gd20.o
                0x08001196                L3GD20_INT1InterruptConfig
 .text.L3GD20_EnableIT
                0x0800121c       0x64 Drivers\BSP\Components\l3gd20\l3gd20.o
                0x0800121c                L3GD20_EnableIT
 .text.L3GD20_DisableIT
                0x08001280       0x58 Drivers\BSP\Components\l3gd20\l3gd20.o
                0x08001280                L3GD20_DisableIT
 .text.L3GD20_FilterConfig
                0x080012d8       0x42 Drivers\BSP\Components\l3gd20\l3gd20.o
                0x080012d8                L3GD20_FilterConfig
 .text.L3GD20_FilterCmd
                0x0800131a       0x42 Drivers\BSP\Components\l3gd20\l3gd20.o
                0x0800131a                L3GD20_FilterCmd
 .text.L3GD20_ReadXYZAngRate
                0x0800135c      0x160 Drivers\BSP\Components\l3gd20\l3gd20.o
                0x0800135c                L3GD20_ReadXYZAngRate
 .text.SPIx_Init
                0x080014bc       0x74 Drivers\BSP\STM32F429I-Discovery\stm32f429i_discovery.o
 .text.SPIx_Read
                0x08001530       0x40 Drivers\BSP\STM32F429I-Discovery\stm32f429i_discovery.o
 .text.SPIx_Write
                0x08001570       0x3c Drivers\BSP\STM32F429I-Discovery\stm32f429i_discovery.o
 .text.SPIx_WriteRead
                0x080015ac       0x40 Drivers\BSP\STM32F429I-Discovery\stm32f429i_discovery.o
 .text.SPIx_Error
                0x080015ec       0x18 Drivers\BSP\STM32F429I-Discovery\stm32f429i_discovery.o
 .text.SPIx_MspInit
                0x08001604       0x74 Drivers\BSP\STM32F429I-Discovery\stm32f429i_discovery.o
 .text.LCD_IO_Init
                0x08001678       0xf0 Drivers\BSP\STM32F429I-Discovery\stm32f429i_discovery.o
                0x08001678                LCD_IO_Init
 .text.LCD_IO_WriteData
                0x08001768       0x44 Drivers\BSP\STM32F429I-Discovery\stm32f429i_discovery.o
                0x08001768                LCD_IO_WriteData
 .text.LCD_IO_WriteReg
                0x080017ac       0x44 Drivers\BSP\STM32F429I-Discovery\stm32f429i_discovery.o
                0x080017ac                LCD_IO_WriteReg
 .text.LCD_IO_ReadData
                0x080017f0       0x64 Drivers\BSP\STM32F429I-Discovery\stm32f429i_discovery.o
                0x080017f0                LCD_IO_ReadData
 .text.LCD_Delay
                0x08001854       0x16 Drivers\BSP\STM32F429I-Discovery\stm32f429i_discovery.o
                0x08001854                LCD_Delay
 *fill*         0x0800186a        0x2 
 .text.GYRO_IO_Init
                0x0800186c       0x98 Drivers\BSP\STM32F429I-Discovery\stm32f429i_discovery.o
                0x0800186c                GYRO_IO_Init
 .text.GYRO_IO_Write
                0x08001904       0x64 Drivers\BSP\STM32F429I-Discovery\stm32f429i_discovery.o
                0x08001904                GYRO_IO_Write
 .text.GYRO_IO_Read
                0x08001968       0x74 Drivers\BSP\STM32F429I-Discovery\stm32f429i_discovery.o
                0x08001968                GYRO_IO_Read
 .text.BSP_GYRO_Init
                0x080019dc       0xd4 Drivers\BSP\STM32F429I-Discovery\stm32f429i_discovery_gyroscope.o
                0x080019dc                BSP_GYRO_Init
 .text.BSP_LCD_Init
                0x08001ab0       0xd4 Drivers\BSP\STM32F429I-Discovery\stm32f429i_discovery_lcd.o
                0x08001ab0                BSP_LCD_Init
 .text.BSP_LCD_GetXSize
                0x08001b84       0x18 Drivers\BSP\STM32F429I-Discovery\stm32f429i_discovery_lcd.o
                0x08001b84                BSP_LCD_GetXSize
 .text.BSP_LCD_GetYSize
                0x08001b9c       0x18 Drivers\BSP\STM32F429I-Discovery\stm32f429i_discovery_lcd.o
                0x08001b9c                BSP_LCD_GetYSize
 .text.BSP_LCD_LayerDefaultInit
                0x08001bb4       0xc8 Drivers\BSP\STM32F429I-Discovery\stm32f429i_discovery_lcd.o
                0x08001bb4                BSP_LCD_LayerDefaultInit
 .text.BSP_LCD_SelectLayer
                0x08001c7c       0x20 Drivers\BSP\STM32F429I-Discovery\stm32f429i_discovery_lcd.o
                0x08001c7c                BSP_LCD_SelectLayer
 .text.BSP_LCD_SetTextColor
                0x08001c9c       0x30 Drivers\BSP\STM32F429I-Discovery\stm32f429i_discovery_lcd.o
                0x08001c9c                BSP_LCD_SetTextColor
 .text.BSP_LCD_SetFont
                0x08001ccc       0x34 Drivers\BSP\STM32F429I-Discovery\stm32f429i_discovery_lcd.o
                0x08001ccc                BSP_LCD_SetFont
 .text.BSP_LCD_Clear
                0x08001d00       0x50 Drivers\BSP\STM32F429I-Discovery\stm32f429i_discovery_lcd.o
                0x08001d00                BSP_LCD_Clear
 .text.BSP_LCD_ClearStringLine
                0x08001d50       0xc8 Drivers\BSP\STM32F429I-Discovery\stm32f429i_discovery_lcd.o
                0x08001d50                BSP_LCD_ClearStringLine
 .text.BSP_LCD_DisplayChar
                0x08001e18       0x88 Drivers\BSP\STM32F429I-Discovery\stm32f429i_discovery_lcd.o
                0x08001e18                BSP_LCD_DisplayChar
 .text.BSP_LCD_DrawHLine
                0x08001ea0       0x7c Drivers\BSP\STM32F429I-Discovery\stm32f429i_discovery_lcd.o
                0x08001ea0                BSP_LCD_DrawHLine
 .text.BSP_LCD_DrawCircle
                0x08001f1c      0x1e0 Drivers\BSP\STM32F429I-Discovery\stm32f429i_discovery_lcd.o
                0x08001f1c                BSP_LCD_DrawCircle
 .text.BSP_LCD_DrawBitmap
                0x080020fc      0x128 Drivers\BSP\STM32F429I-Discovery\stm32f429i_discovery_lcd.o
                0x080020fc                BSP_LCD_DrawBitmap
 .text.BSP_LCD_FillRect
                0x08002224       0xb4 Drivers\BSP\STM32F429I-Discovery\stm32f429i_discovery_lcd.o
                0x08002224                BSP_LCD_FillRect
 .text.BSP_LCD_FillCircle
                0x080022d8      0x140 Drivers\BSP\STM32F429I-Discovery\stm32f429i_discovery_lcd.o
                0x080022d8                BSP_LCD_FillCircle
 .text.BSP_LCD_DisplayOn
                0x08002418       0x20 Drivers\BSP\STM32F429I-Discovery\stm32f429i_discovery_lcd.o
                0x08002418                BSP_LCD_DisplayOn
 .text.BSP_LCD_MspInit
                0x08002438      0x1ac Drivers\BSP\STM32F429I-Discovery\stm32f429i_discovery_lcd.o
                0x08002438                BSP_LCD_MspInit
 .text.BSP_LCD_DrawPixel
                0x080025e4       0x4c Drivers\BSP\STM32F429I-Discovery\stm32f429i_discovery_lcd.o
                0x080025e4                BSP_LCD_DrawPixel
 .text.DrawChar
                0x08002630      0x174 Drivers\BSP\STM32F429I-Discovery\stm32f429i_discovery_lcd.o
 .text.FillBuffer
                0x080027a4       0x70 Drivers\BSP\STM32F429I-Discovery\stm32f429i_discovery_lcd.o
 .text.ConvertLineToARGB8888
                0x08002814       0x88 Drivers\BSP\STM32F429I-Discovery\stm32f429i_discovery_lcd.o
 .text.BSP_SDRAM_Init
                0x0800289c       0xbc Drivers\BSP\STM32F429I-Discovery\stm32f429i_discovery_sdram.o
                0x0800289c                BSP_SDRAM_Init
 .text.BSP_SDRAM_Initialization_sequence
                0x08002958       0xc0 Drivers\BSP\STM32F429I-Discovery\stm32f429i_discovery_sdram.o
                0x08002958                BSP_SDRAM_Initialization_sequence
 .text.BSP_SDRAM_MspInit
                0x08002a18      0x218 Drivers\BSP\STM32F429I-Discovery\stm32f429i_discovery_sdram.o
                0x08002a18                BSP_SDRAM_MspInit
 .text.HAL_Init
                0x08002c30       0x44 Drivers\STM32F4xx_HAL_Driver\Src\stm32f4xx_hal.o
                0x08002c30                HAL_Init
 .text.HAL_IncTick
                0x08002c74       0x28 Drivers\STM32F4xx_HAL_Driver\Src\stm32f4xx_hal.o
                0x08002c74                HAL_IncTick
 .text.HAL_GetTick
                0x08002c9c       0x18 Drivers\STM32F4xx_HAL_Driver\Src\stm32f4xx_hal.o
                0x08002c9c                HAL_GetTick
 .text.HAL_Delay
                0x08002cb4       0x44 Drivers\STM32F4xx_HAL_Driver\Src\stm32f4xx_hal.o
                0x08002cb4                HAL_Delay
 .text.__NVIC_SetPriorityGrouping
                0x08002cf8       0x48 Drivers\STM32F4xx_HAL_Driver\Src\stm32f4xx_hal_cortex.o
 .text.__NVIC_GetPriorityGrouping
                0x08002d40       0x1c Drivers\STM32F4xx_HAL_Driver\Src\stm32f4xx_hal_cortex.o
 .text.__NVIC_EnableIRQ
                0x08002d5c       0x3c Drivers\STM32F4xx_HAL_Driver\Src\stm32f4xx_hal_cortex.o
 .text.__NVIC_SetPriority
                0x08002d98       0x54 Drivers\STM32F4xx_HAL_Driver\Src\stm32f4xx_hal_cortex.o
 .text.NVIC_EncodePriority
                0x08002dec       0x62 Drivers\STM32F4xx_HAL_Driver\Src\stm32f4xx_hal_cortex.o
 .text.HAL_NVIC_SetPriorityGrouping
                0x08002e4e       0x16 Drivers\STM32F4xx_HAL_Driver\Src\stm32f4xx_hal_cortex.o
                0x08002e4e                HAL_NVIC_SetPriorityGrouping
 .text.HAL_NVIC_SetPriority
                0x08002e64       0x38 Drivers\STM32F4xx_HAL_Driver\Src\stm32f4xx_hal_cortex.o
                0x08002e64                HAL_NVIC_SetPriority
 .text.HAL_NVIC_EnableIRQ
                0x08002e9c       0x1c Drivers\STM32F4xx_HAL_Driver\Src\stm32f4xx_hal_cortex.o
                0x08002e9c                HAL_NVIC_EnableIRQ
 .text.HAL_CRC_Init
                0x08002eb8       0x3e Drivers\STM32F4xx_HAL_Driver\Src\stm32f4xx_hal_crc.o
                0x08002eb8                HAL_CRC_Init
 *fill*         0x08002ef6        0x2 
 .text.HAL_DMA_Init
                0x08002ef8      0x15c Drivers\STM32F4xx_HAL_Driver\Src\stm32f4xx_hal_dma.o
                0x08002ef8                HAL_DMA_Init
 .text.HAL_DMA_DeInit
                0x08003054       0xbc Drivers\STM32F4xx_HAL_Driver\Src\stm32f4xx_hal_dma.o
                0x08003054                HAL_DMA_DeInit
 .text.DMA_CalcBaseAndBitshift
                0x08003110       0x6c Drivers\STM32F4xx_HAL_Driver\Src\stm32f4xx_hal_dma.o
 .text.DMA_CheckFifoParam
                0x0800317c       0xf4 Drivers\STM32F4xx_HAL_Driver\Src\stm32f4xx_hal_dma.o
 .text.HAL_DMA2D_Init
                0x08003270       0x92 Drivers\STM32F4xx_HAL_Driver\Src\stm32f4xx_hal_dma2d.o
                0x08003270                HAL_DMA2D_Init
 .text.HAL_DMA2D_Start
                0x08003302       0x56 Drivers\STM32F4xx_HAL_Driver\Src\stm32f4xx_hal_dma2d.o
                0x08003302                HAL_DMA2D_Start
 .text.HAL_DMA2D_PollForTransfer
                0x08003358      0x1d2 Drivers\STM32F4xx_HAL_Driver\Src\stm32f4xx_hal_dma2d.o
                0x08003358                HAL_DMA2D_PollForTransfer
 .text.HAL_DMA2D_IRQHandler
                0x0800352a      0x1f8 Drivers\STM32F4xx_HAL_Driver\Src\stm32f4xx_hal_dma2d.o
                0x0800352a                HAL_DMA2D_IRQHandler
 .text.HAL_DMA2D_LineEventCallback
                0x08003722       0x14 Drivers\STM32F4xx_HAL_Driver\Src\stm32f4xx_hal_dma2d.o
                0x08003722                HAL_DMA2D_LineEventCallback
 .text.HAL_DMA2D_CLUTLoadingCpltCallback
                0x08003736       0x14 Drivers\STM32F4xx_HAL_Driver\Src\stm32f4xx_hal_dma2d.o
                0x08003736                HAL_DMA2D_CLUTLoadingCpltCallback
 *fill*         0x0800374a        0x2 
 .text.HAL_DMA2D_ConfigLayer
                0x0800374c      0x120 Drivers\STM32F4xx_HAL_Driver\Src\stm32f4xx_hal_dma2d.o
                0x0800374c                HAL_DMA2D_ConfigLayer
 .text.DMA2D_SetConfig
                0x0800386c      0x138 Drivers\STM32F4xx_HAL_Driver\Src\stm32f4xx_hal_dma2d.o
 .text.HAL_GPIO_Init
                0x080039a4      0x354 Drivers\STM32F4xx_HAL_Driver\Src\stm32f4xx_hal_gpio.o
                0x080039a4                HAL_GPIO_Init
 .text.HAL_GPIO_DeInit
                0x08003cf8      0x218 Drivers\STM32F4xx_HAL_Driver\Src\stm32f4xx_hal_gpio.o
                0x08003cf8                HAL_GPIO_DeInit
 .text.HAL_GPIO_ReadPin
                0x08003f10       0x30 Drivers\STM32F4xx_HAL_Driver\Src\stm32f4xx_hal_gpio.o
                0x08003f10                HAL_GPIO_ReadPin
 .text.HAL_GPIO_WritePin
                0x08003f40       0x32 Drivers\STM32F4xx_HAL_Driver\Src\stm32f4xx_hal_gpio.o
                0x08003f40                HAL_GPIO_WritePin
 *fill*         0x08003f72        0x2 
 .text.HAL_I2C_Init
                0x08003f74      0x250 Drivers\STM32F4xx_HAL_Driver\Src\stm32f4xx_hal_i2c.o
                0x08003f74                HAL_I2C_Init
 .text.HAL_I2CEx_ConfigAnalogFilter
                0x080041c4       0x78 Drivers\STM32F4xx_HAL_Driver\Src\stm32f4xx_hal_i2c_ex.o
                0x080041c4                HAL_I2CEx_ConfigAnalogFilter
 .text.HAL_I2CEx_ConfigDigitalFilter
                0x0800423c       0x7e Drivers\STM32F4xx_HAL_Driver\Src\stm32f4xx_hal_i2c_ex.o
                0x0800423c                HAL_I2CEx_ConfigDigitalFilter
 *fill*         0x080042ba        0x2 
 .text.HAL_LTDC_Init
                0x080042bc      0x1a0 Drivers\STM32F4xx_HAL_Driver\Src\stm32f4xx_hal_ltdc.o
                0x080042bc                HAL_LTDC_Init
 .text.HAL_LTDC_IRQHandler
                0x0800445c      0x148 Drivers\STM32F4xx_HAL_Driver\Src\stm32f4xx_hal_ltdc.o
                0x0800445c                HAL_LTDC_IRQHandler
 .text.HAL_LTDC_ErrorCallback
                0x080045a4       0x14 Drivers\STM32F4xx_HAL_Driver\Src\stm32f4xx_hal_ltdc.o
                0x080045a4                HAL_LTDC_ErrorCallback
 .text.HAL_LTDC_LineEventCallback
                0x080045b8       0x14 Drivers\STM32F4xx_HAL_Driver\Src\stm32f4xx_hal_ltdc.o
                0x080045b8                HAL_LTDC_LineEventCallback
 .text.HAL_LTDC_ReloadEventCallback
                0x080045cc       0x14 Drivers\STM32F4xx_HAL_Driver\Src\stm32f4xx_hal_ltdc.o
                0x080045cc                HAL_LTDC_ReloadEventCallback
 .text.HAL_LTDC_ConfigLayer
                0x080045e0       0x7c Drivers\STM32F4xx_HAL_Driver\Src\stm32f4xx_hal_ltdc.o
                0x080045e0                HAL_LTDC_ConfigLayer
 .text.HAL_LTDC_EnableDither
                0x0800465c       0x54 Drivers\STM32F4xx_HAL_Driver\Src\stm32f4xx_hal_ltdc.o
                0x0800465c                HAL_LTDC_EnableDither
 .text.LTDC_SetConfig
                0x080046b0      0x342 Drivers\STM32F4xx_HAL_Driver\Src\stm32f4xx_hal_ltdc.o
 *fill*         0x080049f2        0x2 
 .text.HAL_PWREx_EnableOverDrive
                0x080049f4       0xa0 Drivers\STM32F4xx_HAL_Driver\Src\stm32f4xx_hal_pwr_ex.o
                0x080049f4                HAL_PWREx_EnableOverDrive
 .text.HAL_RCC_OscConfig
                0x08004a94      0x484 Drivers\STM32F4xx_HAL_Driver\Src\stm32f4xx_hal_rcc.o
                0x08004a94                HAL_RCC_OscConfig
 .text.HAL_RCC_ClockConfig
                0x08004f18      0x1c4 Drivers\STM32F4xx_HAL_Driver\Src\stm32f4xx_hal_rcc.o
                0x08004f18                HAL_RCC_ClockConfig
 .text.HAL_RCC_GetSysClockFreq
                0x080050dc      0x1b0 Drivers\STM32F4xx_HAL_Driver\Src\stm32f4xx_hal_rcc.o
                0x080050dc                HAL_RCC_GetSysClockFreq
 .text.HAL_RCC_GetHCLKFreq
                0x0800528c       0x18 Drivers\STM32F4xx_HAL_Driver\Src\stm32f4xx_hal_rcc.o
                0x0800528c                HAL_RCC_GetHCLKFreq
 .text.HAL_RCC_GetPCLK1Freq
                0x080052a4       0x28 Drivers\STM32F4xx_HAL_Driver\Src\stm32f4xx_hal_rcc.o
                0x080052a4                HAL_RCC_GetPCLK1Freq
 .text.HAL_RCC_GetPCLK2Freq
                0x080052cc       0x28 Drivers\STM32F4xx_HAL_Driver\Src\stm32f4xx_hal_rcc.o
                0x080052cc                HAL_RCC_GetPCLK2Freq
 .text.HAL_RCC_GetClockConfig
                0x080052f4       0x64 Drivers\STM32F4xx_HAL_Driver\Src\stm32f4xx_hal_rcc.o
                0x080052f4                HAL_RCC_GetClockConfig
 .text.HAL_RCCEx_PeriphCLKConfig
                0x08005358      0x348 Drivers\STM32F4xx_HAL_Driver\Src\stm32f4xx_hal_rcc_ex.o
                0x08005358                HAL_RCCEx_PeriphCLKConfig
 .text.HAL_SDRAM_Init
                0x080056a0       0x68 Drivers\STM32F4xx_HAL_Driver\Src\stm32f4xx_hal_sdram.o
                0x080056a0                HAL_SDRAM_Init
 .text.HAL_SDRAM_SendCommand
                0x08005708       0x56 Drivers\STM32F4xx_HAL_Driver\Src\stm32f4xx_hal_sdram.o
                0x08005708                HAL_SDRAM_SendCommand
 .text.HAL_SDRAM_ProgramRefreshRate
                0x0800575e       0x40 Drivers\STM32F4xx_HAL_Driver\Src\stm32f4xx_hal_sdram.o
                0x0800575e                HAL_SDRAM_ProgramRefreshRate
 .text.HAL_SPI_Init
                0x0800579e       0xc6 Drivers\STM32F4xx_HAL_Driver\Src\stm32f4xx_hal_spi.o
                0x0800579e                HAL_SPI_Init
 .text.HAL_SPI_DeInit
                0x08005864       0x50 Drivers\STM32F4xx_HAL_Driver\Src\stm32f4xx_hal_spi.o
                0x08005864                HAL_SPI_DeInit
 .text.HAL_SPI_Transmit
                0x080058b4      0x264 Drivers\STM32F4xx_HAL_Driver\Src\stm32f4xx_hal_spi.o
                0x080058b4                HAL_SPI_Transmit
 .text.HAL_SPI_Receive
                0x08005b18      0x20c Drivers\STM32F4xx_HAL_Driver\Src\stm32f4xx_hal_spi.o
                0x08005b18                HAL_SPI_Receive
 .text.HAL_SPI_TransmitReceive
                0x08005d24      0x340 Drivers\STM32F4xx_HAL_Driver\Src\stm32f4xx_hal_spi.o
                0x08005d24                HAL_SPI_TransmitReceive
 .text.HAL_SPI_GetState
                0x08006064       0x1c Drivers\STM32F4xx_HAL_Driver\Src\stm32f4xx_hal_spi.o
                0x08006064                HAL_SPI_GetState
 .text.SPI_WaitFlagStateUntilTimeout
                0x08006080       0xd4 Drivers\STM32F4xx_HAL_Driver\Src\stm32f4xx_hal_spi.o
 .text.SPI_EndRxTransaction
                0x08006154       0x6a Drivers\STM32F4xx_HAL_Driver\Src\stm32f4xx_hal_spi.o
 .text.SPI_EndRxTxTransaction
                0x080061be       0x3c Drivers\STM32F4xx_HAL_Driver\Src\stm32f4xx_hal_spi.o
 .text.HAL_TIM_Base_Init
                0x080061fa       0x56 Drivers\STM32F4xx_HAL_Driver\Src\stm32f4xx_hal_tim.o
                0x080061fa                HAL_TIM_Base_Init
 .text.HAL_TIM_Base_Start_IT
                0x08006250       0x48 Drivers\STM32F4xx_HAL_Driver\Src\stm32f4xx_hal_tim.o
                0x08006250                HAL_TIM_Base_Start_IT
 .text.HAL_TIM_IRQHandler
                0x08006298      0x210 Drivers\STM32F4xx_HAL_Driver\Src\stm32f4xx_hal_tim.o
                0x08006298                HAL_TIM_IRQHandler
 .text.HAL_TIM_ConfigClockSource
                0x080064a8      0x16e Drivers\STM32F4xx_HAL_Driver\Src\stm32f4xx_hal_tim.o
                0x080064a8                HAL_TIM_ConfigClockSource
 .text.HAL_TIM_OC_DelayElapsedCallback
                0x08006616       0x14 Drivers\STM32F4xx_HAL_Driver\Src\stm32f4xx_hal_tim.o
                0x08006616                HAL_TIM_OC_DelayElapsedCallback
 .text.HAL_TIM_IC_CaptureCallback
                0x0800662a       0x14 Drivers\STM32F4xx_HAL_Driver\Src\stm32f4xx_hal_tim.o
                0x0800662a                HAL_TIM_IC_CaptureCallback
 .text.HAL_TIM_PWM_PulseFinishedCallback
                0x0800663e       0x14 Drivers\STM32F4xx_HAL_Driver\Src\stm32f4xx_hal_tim.o
                0x0800663e                HAL_TIM_PWM_PulseFinishedCallback
 .text.HAL_TIM_TriggerCallback
                0x08006652       0x14 Drivers\STM32F4xx_HAL_Driver\Src\stm32f4xx_hal_tim.o
                0x08006652                HAL_TIM_TriggerCallback
 *fill*         0x08006666        0x2 
 .text.TIM_Base_SetConfig
                0x08006668      0x140 Drivers\STM32F4xx_HAL_Driver\Src\stm32f4xx_hal_tim.o
                0x08006668                TIM_Base_SetConfig
 .text.TIM_TI1_ConfigInputStage
                0x080067a8       0x5e Drivers\STM32F4xx_HAL_Driver\Src\stm32f4xx_hal_tim.o
 .text.TIM_TI2_ConfigInputStage
                0x08006806       0x60 Drivers\STM32F4xx_HAL_Driver\Src\stm32f4xx_hal_tim.o
 .text.TIM_ITRx_SetConfig
                0x08006866       0x36 Drivers\STM32F4xx_HAL_Driver\Src\stm32f4xx_hal_tim.o
 .text.TIM_ETR_SetConfig
                0x0800689c       0x40 Drivers\STM32F4xx_HAL_Driver\Src\stm32f4xx_hal_tim.o
                0x0800689c                TIM_ETR_SetConfig
 .text.HAL_TIMEx_MasterConfigSynchronization
                0x080068dc       0x8a Drivers\STM32F4xx_HAL_Driver\Src\stm32f4xx_hal_tim_ex.o
                0x080068dc                HAL_TIMEx_MasterConfigSynchronization
 .text.HAL_TIMEx_CommutCallback
                0x08006966       0x14 Drivers\STM32F4xx_HAL_Driver\Src\stm32f4xx_hal_tim_ex.o
                0x08006966                HAL_TIMEx_CommutCallback
 .text.HAL_TIMEx_BreakCallback
                0x0800697a       0x14 Drivers\STM32F4xx_HAL_Driver\Src\stm32f4xx_hal_tim_ex.o
                0x0800697a                HAL_TIMEx_BreakCallback
 .text.HAL_UART_Init
                0x0800698e       0x9a Drivers\STM32F4xx_HAL_Driver\Src\stm32f4xx_hal_uart.o
                0x0800698e                HAL_UART_Init
 .text.HAL_UART_Transmit
                0x08006a28      0x130 Drivers\STM32F4xx_HAL_Driver\Src\stm32f4xx_hal_uart.o
                0x08006a28                HAL_UART_Transmit
 .text.UART_WaitOnFlagUntilTimeout
                0x08006b58       0x94 Drivers\STM32F4xx_HAL_Driver\Src\stm32f4xx_hal_uart.o
 .text.UART_SetConfig
                0x08006bec      0x414 Drivers\STM32F4xx_HAL_Driver\Src\stm32f4xx_hal_uart.o
 .text.FMC_SDRAM_Init
                0x08007000       0xe6 Drivers\STM32F4xx_HAL_Driver\Src\stm32f4xx_ll_fmc.o
                0x08007000                FMC_SDRAM_Init
 .text.FMC_SDRAM_Timing_Init
                0x080070e6       0xfe Drivers\STM32F4xx_HAL_Driver\Src\stm32f4xx_ll_fmc.o
                0x080070e6                FMC_SDRAM_Timing_Init
 .text.FMC_SDRAM_SendCommand
                0x080071e4       0x78 Drivers\STM32F4xx_HAL_Driver\Src\stm32f4xx_ll_fmc.o
                0x080071e4                FMC_SDRAM_SendCommand
 .text.FMC_SDRAM_ProgramRefreshRate
                0x0800725c       0x26 Drivers\STM32F4xx_HAL_Driver\Src\stm32f4xx_ll_fmc.o
                0x0800725c                FMC_SDRAM_ProgramRefreshRate
 *fill*         0x08007282        0x2 
 .text.MX_CRC_Init
                0x08007284       0x28 Src\crc.o
                0x08007284                MX_CRC_Init
 .text.HAL_CRC_MspInit
                0x080072ac       0x44 Src\crc.o
                0x080072ac                HAL_CRC_MspInit
 .text.MX_DMA2D_Init
                0x080072f0       0x64 Src\dma2d.o
                0x080072f0                MX_DMA2D_Init
 .text.HAL_DMA2D_MspInit
                0x08007354       0x50 Src\dma2d.o
                0x08007354                HAL_DMA2D_MspInit
 .text.MX_FMC_Init
                0x080073a4       0x90 Src\fmc.o
                0x080073a4                MX_FMC_Init
 .text.HAL_FMC_MspInit
                0x08007434      0x118 Src\fmc.o
 .text.HAL_SDRAM_MspInit
                0x0800754c       0x14 Src\fmc.o
                0x0800754c                HAL_SDRAM_MspInit
 .text.MX_GFXSIMULATOR_Init
                0x08007560        0xe Src\gfxsimulator.o
                0x08007560                MX_GFXSIMULATOR_Init
 *fill*         0x0800756e        0x2 
 .text.MX_GPIO_Init
                0x08007570      0x238 Src\gpio.o
                0x08007570                MX_GPIO_Init
 .text.MX_I2C3_Init
                0x080077a8       0x80 Src\i2c.o
                0x080077a8                MX_I2C3_Init
 .text.HAL_I2C_MspInit
                0x08007828       0xd4 Src\i2c.o
                0x08007828                HAL_I2C_MspInit
 .text.MX_LTDC_Init
                0x080078fc      0x100 Src\ltdc.o
                0x080078fc                MX_LTDC_Init
 .text.HAL_LTDC_MspInit
                0x080079fc      0x22c Src\ltdc.o
                0x080079fc                HAL_LTDC_MspInit
 .text.spi5_sendrecv
                0x08007c28       0x2c Src\main.o
                0x08007c28                spi5_sendrecv
 .text.SPI5_read
                0x08007c54       0x44 Src\main.o
                0x08007c54                SPI5_read
 .text.OurL3GD20_Read
                0x08007c98       0xd4 Src\main.o
                0x08007c98                OurL3GD20_Read
 .text.send_char
                0x08007d6c       0x24 Src\main.o
                0x08007d6c                send_char
 .text.__io_putchar
                0x08007d90       0x1c Src\main.o
                0x08007d90                __io_putchar
 .text.main     0x08007dac      0xba4 Src\main.o
                0x08007dac                main
 .text.SystemClock_Config
                0x08008950      0x114 Src\main.o
                0x08008950                SystemClock_Config
 .text.HAL_TIM_PeriodElapsedCallback
                0x08008a64     0x1390 Src\main.o
                0x08008a64                HAL_TIM_PeriodElapsedCallback
 .text.Error_Handler
                0x08009df4        0xe Src\main.o
                0x08009df4                Error_Handler
 *fill*         0x08009e02        0x2 
 .text.MX_SPI5_Init
                0x08009e04       0x6c Src\spi.o
                0x08009e04                MX_SPI5_Init
 .text.HAL_SPI_MspInit
                0x08009e70       0x90 Src\spi.o
                0x08009e70                HAL_SPI_MspInit
 .text.HAL_SPI_MspDeInit
                0x08009f00       0x3c Src\spi.o
                0x08009f00                HAL_SPI_MspDeInit
 .text.HAL_MspInit
                0x08009f3c       0x50 Src\stm32f4xx_hal_msp.o
                0x08009f3c                HAL_MspInit
 .text.HAL_InitTick
                0x08009f8c       0xb4 Src\stm32f4xx_hal_timebase_tim.o
                0x08009f8c                HAL_InitTick
 .text.NMI_Handler
                0x0800a040        0xe Src\stm32f4xx_it.o
                0x0800a040                NMI_Handler
 .text.HardFault_Handler
                0x0800a04e        0x6 Src\stm32f4xx_it.o
                0x0800a04e                HardFault_Handler
 .text.MemManage_Handler
                0x0800a054        0x6 Src\stm32f4xx_it.o
                0x0800a054                MemManage_Handler
 .text.BusFault_Handler
                0x0800a05a        0x6 Src\stm32f4xx_it.o
                0x0800a05a                BusFault_Handler
 .text.UsageFault_Handler
                0x0800a060        0x6 Src\stm32f4xx_it.o
                0x0800a060                UsageFault_Handler
 .text.SVC_Handler
                0x0800a066        0xe Src\stm32f4xx_it.o
                0x0800a066                SVC_Handler
 .text.DebugMon_Handler
                0x0800a074        0xe Src\stm32f4xx_it.o
                0x0800a074                DebugMon_Handler
 .text.PendSV_Handler
                0x0800a082        0xe Src\stm32f4xx_it.o
                0x0800a082                PendSV_Handler
 .text.TIM1_UP_TIM10_IRQHandler
                0x0800a090       0x1c Src\stm32f4xx_it.o
                0x0800a090                TIM1_UP_TIM10_IRQHandler
 .text.TIM1_TRG_COM_TIM11_IRQHandler
                0x0800a0ac       0x1c Src\stm32f4xx_it.o
                0x0800a0ac                TIM1_TRG_COM_TIM11_IRQHandler
 .text.TIM6_DAC_IRQHandler
                0x0800a0c8       0x14 Src\stm32f4xx_it.o
                0x0800a0c8                TIM6_DAC_IRQHandler
 .text.LTDC_IRQHandler
                0x0800a0dc       0x14 Src\stm32f4xx_it.o
                0x0800a0dc                LTDC_IRQHandler
 .text.DMA2D_IRQHandler
                0x0800a0f0       0x14 Src\stm32f4xx_it.o
                0x0800a0f0                DMA2D_IRQHandler
 .text._read    0x0800a104       0x3a Src\syscalls.o
                0x0800a104                _read
 .text._write   0x0800a13e       0x38 Src\syscalls.o
                0x0800a13e                _write
 *fill*         0x0800a176        0x2 
 .text._sbrk    0x0800a178       0x58 Src\syscalls.o
                0x0800a178                _sbrk
 .text._close   0x0800a1d0       0x18 Src\syscalls.o
                0x0800a1d0                _close
 .text._fstat   0x0800a1e8       0x20 Src\syscalls.o
                0x0800a1e8                _fstat
 .text._isatty  0x0800a208       0x16 Src\syscalls.o
                0x0800a208                _isatty
 .text._lseek   0x0800a21e       0x1a Src\syscalls.o
                0x0800a21e                _lseek
 .text.SystemInit
                0x0800a238       0x6c Src\system_stm32f4xx.o
                0x0800a238                SystemInit
 .text.MX_TIM1_Init
                0x0800a2a4       0xa0 Src\tim.o
                0x0800a2a4                MX_TIM1_Init
 .text.MX_TIM10_Init
                0x0800a344       0x48 Src\tim.o
                0x0800a344                MX_TIM10_Init
 .text.MX_TIM11_Init
                0x0800a38c       0x48 Src\tim.o
                0x0800a38c                MX_TIM11_Init
 .text.HAL_TIM_Base_MspInit
                0x0800a3d4       0xd8 Src\tim.o
                0x0800a3d4                HAL_TIM_Base_MspInit
 .text.MX_USART1_UART_Init
                0x0800a4ac       0x54 Src\usart.o
                0x0800a4ac                MX_USART1_UART_Init
 .text.HAL_UART_MspInit
                0x0800a500       0x90 Src\usart.o
                0x0800a500                HAL_UART_MspInit
 .text.Reset_Handler
                0x0800a590       0x50 startup\startup_stm32f429xx.o
                0x0800a590                Reset_Handler
 .text.Default_Handler
                0x0800a5e0        0x2 startup\startup_stm32f429xx.o
                0x0800a5e0                RTC_Alarm_IRQHandler
                0x0800a5e0                HASH_RNG_IRQHandler
                0x0800a5e0                EXTI2_IRQHandler
                0x0800a5e0                TIM8_CC_IRQHandler
                0x0800a5e0                UART8_IRQHandler
                0x0800a5e0                SPI4_IRQHandler
                0x0800a5e0                TIM1_CC_IRQHandler
                0x0800a5e0                DMA2_Stream5_IRQHandler
                0x0800a5e0                DMA1_Stream5_IRQHandler
                0x0800a5e0                SysTick_Handler
                0x0800a5e0                PVD_IRQHandler
                0x0800a5e0                SDIO_IRQHandler
                0x0800a5e0                TAMP_STAMP_IRQHandler
                0x0800a5e0                CAN2_RX1_IRQHandler
                0x0800a5e0                EXTI3_IRQHandler
                0x0800a5e0                TIM8_TRG_COM_TIM14_IRQHandler
                0x0800a5e0                TIM8_UP_TIM13_IRQHandler
                0x0800a5e0                I2C3_ER_IRQHandler
                0x0800a5e0                EXTI0_IRQHandler
                0x0800a5e0                I2C2_EV_IRQHandler
                0x0800a5e0                DMA1_Stream2_IRQHandler
                0x0800a5e0                CAN1_RX0_IRQHandler
                0x0800a5e0                FPU_IRQHandler
                0x0800a5e0                OTG_HS_WKUP_IRQHandler
                0x0800a5e0                LTDC_ER_IRQHandler
                0x0800a5e0                CAN2_SCE_IRQHandler
                0x0800a5e0                DMA2_Stream2_IRQHandler
                0x0800a5e0                SPI1_IRQHandler
                0x0800a5e0                TIM1_BRK_TIM9_IRQHandler
                0x0800a5e0                DCMI_IRQHandler
                0x0800a5e0                CAN2_RX0_IRQHandler
                0x0800a5e0                DMA2_Stream3_IRQHandler
                0x0800a5e0                USART6_IRQHandler
                0x0800a5e0                USART3_IRQHandler
                0x0800a5e0                CAN1_RX1_IRQHandler
                0x0800a5e0                UART5_IRQHandler
                0x0800a5e0                DMA2_Stream0_IRQHandler
                0x0800a5e0                TIM4_IRQHandler
                0x0800a5e0                I2C1_EV_IRQHandler
                0x0800a5e0                DMA1_Stream6_IRQHandler
                0x0800a5e0                DMA1_Stream1_IRQHandler
                0x0800a5e0                UART4_IRQHandler
                0x0800a5e0                TIM3_IRQHandler
                0x0800a5e0                RCC_IRQHandler
                0x0800a5e0                TIM8_BRK_TIM12_IRQHandler
                0x0800a5e0                Default_Handler
                0x0800a5e0                EXTI15_10_IRQHandler
                0x0800a5e0                ADC_IRQHandler
                0x0800a5e0                DMA1_Stream7_IRQHandler
                0x0800a5e0                SPI5_IRQHandler
                0x0800a5e0                TIM7_IRQHandler
                0x0800a5e0                CAN2_TX_IRQHandler
                0x0800a5e0                TIM5_IRQHandler
                0x0800a5e0                DMA2_Stream7_IRQHandler
                0x0800a5e0                I2C3_EV_IRQHandler
                0x0800a5e0                EXTI9_5_IRQHandler
                0x0800a5e0                RTC_WKUP_IRQHandler
                0x0800a5e0                ETH_WKUP_IRQHandler
                0x0800a5e0                SPI2_IRQHandler
                0x0800a5e0                OTG_HS_EP1_IN_IRQHandler
                0x0800a5e0                DMA1_Stream0_IRQHandler
                0x0800a5e0                CAN1_TX_IRQHandler
                0x0800a5e0                EXTI4_IRQHandler
                0x0800a5e0                ETH_IRQHandler
                0x0800a5e0                OTG_HS_EP1_OUT_IRQHandler
                0x0800a5e0                WWDG_IRQHandler
                0x0800a5e0                SPI6_IRQHandler
                0x0800a5e0                TIM2_IRQHandler
                0x0800a5e0                OTG_FS_WKUP_IRQHandler
                0x0800a5e0                OTG_HS_IRQHandler
                0x0800a5e0                EXTI1_IRQHandler
                0x0800a5e0                UART7_IRQHandler
                0x0800a5e0                USART2_IRQHandler
                0x0800a5e0                I2C2_ER_IRQHandler
                0x0800a5e0                DMA2_Stream1_IRQHandler
                0x0800a5e0                CAN1_SCE_IRQHandler
                0x0800a5e0                FLASH_IRQHandler
                0x0800a5e0                DMA2_Stream4_IRQHandler
                0x0800a5e0                USART1_IRQHandler
                0x0800a5e0                OTG_FS_IRQHandler
                0x0800a5e0                SPI3_IRQHandler
                0x0800a5e0                DMA1_Stream4_IRQHandler
                0x0800a5e0                I2C1_ER_IRQHandler
                0x0800a5e0                FMC_IRQHandler
                0x0800a5e0                DMA2_Stream6_IRQHandler
                0x0800a5e0                SAI1_IRQHandler
                0x0800a5e0                DMA1_Stream3_IRQHandler
 *fill*         0x0800a5e2        0x2 
 .text.__errno  0x0800a5e4        0xc e:/program files (x86)/atollic/truestudio for stm32 9.3.0/armtools/bin/../lib/gcc/arm-atollic-eabi/6.3.1/../../../../arm-atollic-eabi/lib/armv7e-m/fpu\libc_nano.a(lib_a-errno.o)
                0x0800a5e4                __errno
 .text.__libc_init_array
                0x0800a5f0       0x48 e:/program files (x86)/atollic/truestudio for stm32 9.3.0/armtools/bin/../lib/gcc/arm-atollic-eabi/6.3.1/../../../../arm-atollic-eabi/lib/armv7e-m/fpu\libc_nano.a(lib_a-init.o)
                0x0800a5f0                __libc_init_array
 .text.memset   0x0800a638       0x10 e:/program files (x86)/atollic/truestudio for stm32 9.3.0/armtools/bin/../lib/gcc/arm-atollic-eabi/6.3.1/../../../../arm-atollic-eabi/lib/armv7e-m/fpu\libc_nano.a(lib_a-memset.o)
                0x0800a638                memset
 .text.printf   0x0800a648       0x30 e:/program files (x86)/atollic/truestudio for stm32 9.3.0/armtools/bin/../lib/gcc/arm-atollic-eabi/6.3.1/../../../../arm-atollic-eabi/lib/armv7e-m/fpu\libc_nano.a(lib_a-printf.o)
                0x0800a648                iprintf
                0x0800a648                printf
 .text._cleanup_r
                0x0800a678        0xc e:/program files (x86)/atollic/truestudio for stm32 9.3.0/armtools/bin/../lib/gcc/arm-atollic-eabi/6.3.1/../../../../arm-atollic-eabi/lib/armv7e-m/fpu\libc_nano.a(lib_a-findfp.o)
                0x0800a678                _cleanup_r
 .text.std.isra.0
                0x0800a684       0x48 e:/program files (x86)/atollic/truestudio for stm32 9.3.0/armtools/bin/../lib/gcc/arm-atollic-eabi/6.3.1/../../../../arm-atollic-eabi/lib/armv7e-m/fpu\libc_nano.a(lib_a-findfp.o)
 .text.__sfmoreglue
                0x0800a6cc       0x2c e:/program files (x86)/atollic/truestudio for stm32 9.3.0/armtools/bin/../lib/gcc/arm-atollic-eabi/6.3.1/../../../../arm-atollic-eabi/lib/armv7e-m/fpu\libc_nano.a(lib_a-findfp.o)
                0x0800a6cc                __sfmoreglue
 .text.__sinit  0x0800a6f8       0x60 e:/program files (x86)/atollic/truestudio for stm32 9.3.0/armtools/bin/../lib/gcc/arm-atollic-eabi/6.3.1/../../../../arm-atollic-eabi/lib/armv7e-m/fpu\libc_nano.a(lib_a-findfp.o)
                0x0800a6f8                __sinit
 .text.__sfp    0x0800a758       0x78 e:/program files (x86)/atollic/truestudio for stm32 9.3.0/armtools/bin/../lib/gcc/arm-atollic-eabi/6.3.1/../../../../arm-atollic-eabi/lib/armv7e-m/fpu\libc_nano.a(lib_a-findfp.o)
                0x0800a758                __sfp
 .text._fwalk_reent
                0x0800a7d0       0x3c e:/program files (x86)/atollic/truestudio for stm32 9.3.0/armtools/bin/../lib/gcc/arm-atollic-eabi/6.3.1/../../../../arm-atollic-eabi/lib/armv7e-m/fpu\libc_nano.a(lib_a-fwalk.o)
                0x0800a7d0                _fwalk_reent
 .text._malloc_r
                0x0800a80c       0xbc e:/program files (x86)/atollic/truestudio for stm32 9.3.0/armtools/bin/../lib/gcc/arm-atollic-eabi/6.3.1/../../../../arm-atollic-eabi/lib/armv7e-m/fpu\libc_nano.a(lib_a-nano-mallocr.o)
                0x0800a80c                _malloc_r
 .text.__sfputc_r
                0x0800a8c8       0x30 e:/program files (x86)/atollic/truestudio for stm32 9.3.0/armtools/bin/../lib/gcc/arm-atollic-eabi/6.3.1/../../../../arm-atollic-eabi/lib/armv7e-m/fpu\libc_nano.a(lib_a-nano-vfprintf.o)
 .text.__sfputs_r
                0x0800a8f8       0x24 e:/program files (x86)/atollic/truestudio for stm32 9.3.0/armtools/bin/../lib/gcc/arm-atollic-eabi/6.3.1/../../../../arm-atollic-eabi/lib/armv7e-m/fpu\libc_nano.a(lib_a-nano-vfprintf.o)
                0x0800a8f8                __sfputs_r
 .text._vfprintf_r
                0x0800a91c      0x22c e:/program files (x86)/atollic/truestudio for stm32 9.3.0/armtools/bin/../lib/gcc/arm-atollic-eabi/6.3.1/../../../../arm-atollic-eabi/lib/armv7e-m/fpu\libc_nano.a(lib_a-nano-vfprintf.o)
                0x0800a91c                _vfprintf_r
                0x0800a91c                _vfiprintf_r
 .text._printf_common
                0x0800ab48       0xec e:/program files (x86)/atollic/truestudio for stm32 9.3.0/armtools/bin/../lib/gcc/arm-atollic-eabi/6.3.1/../../../../arm-atollic-eabi/lib/armv7e-m/fpu\libc_nano.a(lib_a-nano-vfprintf_i.o)
                0x0800ab48                _printf_common
 .text._printf_i
                0x0800ac34      0x240 e:/program files (x86)/atollic/truestudio for stm32 9.3.0/armtools/bin/../lib/gcc/arm-atollic-eabi/6.3.1/../../../../arm-atollic-eabi/lib/armv7e-m/fpu\libc_nano.a(lib_a-nano-vfprintf_i.o)
                0x0800ac34                _printf_i
 .text._sbrk_r  0x0800ae74       0x20 e:/program files (x86)/atollic/truestudio for stm32 9.3.0/armtools/bin/../lib/gcc/arm-atollic-eabi/6.3.1/../../../../arm-atollic-eabi/lib/armv7e-m/fpu\libc_nano.a(lib_a-sbrkr.o)
                0x0800ae74                _sbrk_r
 .text.__sread  0x0800ae94       0x22 e:/program files (x86)/atollic/truestudio for stm32 9.3.0/armtools/bin/../lib/gcc/arm-atollic-eabi/6.3.1/../../../../arm-atollic-eabi/lib/armv7e-m/fpu\libc_nano.a(lib_a-stdio.o)
                0x0800ae94                __sread
 .text.__swrite
                0x0800aeb6       0x38 e:/program files (x86)/atollic/truestudio for stm32 9.3.0/armtools/bin/../lib/gcc/arm-atollic-eabi/6.3.1/../../../../arm-atollic-eabi/lib/armv7e-m/fpu\libc_nano.a(lib_a-stdio.o)
                0x0800aeb6                __swrite
 .text.__sseek  0x0800aeee       0x24 e:/program files (x86)/atollic/truestudio for stm32 9.3.0/armtools/bin/../lib/gcc/arm-atollic-eabi/6.3.1/../../../../arm-atollic-eabi/lib/armv7e-m/fpu\libc_nano.a(lib_a-stdio.o)
                0x0800aeee                __sseek
 .text.__sclose
                0x0800af12        0x8 e:/program files (x86)/atollic/truestudio for stm32 9.3.0/armtools/bin/../lib/gcc/arm-atollic-eabi/6.3.1/../../../../arm-atollic-eabi/lib/armv7e-m/fpu\libc_nano.a(lib_a-stdio.o)
                0x0800af12                __sclose
 *fill*         0x0800af1a        0x2 
 .text.__swbuf_r
                0x0800af1c       0xa4 e:/program files (x86)/atollic/truestudio for stm32 9.3.0/armtools/bin/../lib/gcc/arm-atollic-eabi/6.3.1/../../../../arm-atollic-eabi/lib/armv7e-m/fpu\libc_nano.a(lib_a-wbuf.o)
                0x0800af1c                __swbuf_r
 .text._write_r
                0x0800afc0       0x24 e:/program files (x86)/atollic/truestudio for stm32 9.3.0/armtools/bin/../lib/gcc/arm-atollic-eabi/6.3.1/../../../../arm-atollic-eabi/lib/armv7e-m/fpu\libc_nano.a(lib_a-writer.o)
                0x0800afc0                _write_r
 .text.__swsetup_r
                0x0800afe4       0xdc e:/program files (x86)/atollic/truestudio for stm32 9.3.0/armtools/bin/../lib/gcc/arm-atollic-eabi/6.3.1/../../../../arm-atollic-eabi/lib/armv7e-m/fpu\libc_nano.a(lib_a-wsetup.o)
                0x0800afe4                __swsetup_r
 .text._close_r
                0x0800b0c0       0x20 e:/program files (x86)/atollic/truestudio for stm32 9.3.0/armtools/bin/../lib/gcc/arm-atollic-eabi/6.3.1/../../../../arm-atollic-eabi/lib/armv7e-m/fpu\libc_nano.a(lib_a-closer.o)
                0x0800b0c0                _close_r
 .text.__sflush_r
                0x0800b0e0      0x110 e:/program files (x86)/atollic/truestudio for stm32 9.3.0/armtools/bin/../lib/gcc/arm-atollic-eabi/6.3.1/../../../../arm-atollic-eabi/lib/armv7e-m/fpu\libc_nano.a(lib_a-fflush.o)
                0x0800b0e0                __sflush_r
 .text._fflush_r
                0x0800b1f0       0x54 e:/program files (x86)/atollic/truestudio for stm32 9.3.0/armtools/bin/../lib/gcc/arm-atollic-eabi/6.3.1/../../../../arm-atollic-eabi/lib/armv7e-m/fpu\libc_nano.a(lib_a-fflush.o)
                0x0800b1f0                _fflush_r
 .text._lseek_r
                0x0800b244       0x24 e:/program files (x86)/atollic/truestudio for stm32 9.3.0/armtools/bin/../lib/gcc/arm-atollic-eabi/6.3.1/../../../../arm-atollic-eabi/lib/armv7e-m/fpu\libc_nano.a(lib_a-lseekr.o)
                0x0800b244                _lseek_r
 .text.__swhatbuf_r
                0x0800b268       0x48 e:/program files (x86)/atollic/truestudio for stm32 9.3.0/armtools/bin/../lib/gcc/arm-atollic-eabi/6.3.1/../../../../arm-atollic-eabi/lib/armv7e-m/fpu\libc_nano.a(lib_a-makebuf.o)
                0x0800b268                __swhatbuf_r
 .text.__smakebuf_r
                0x0800b2b0       0x80 e:/program files (x86)/atollic/truestudio for stm32 9.3.0/armtools/bin/../lib/gcc/arm-atollic-eabi/6.3.1/../../../../arm-atollic-eabi/lib/armv7e-m/fpu\libc_nano.a(lib_a-makebuf.o)
                0x0800b2b0                __smakebuf_r
 .text.__malloc_lock
                0x0800b330        0x2 e:/program files (x86)/atollic/truestudio for stm32 9.3.0/armtools/bin/../lib/gcc/arm-atollic-eabi/6.3.1/../../../../arm-atollic-eabi/lib/armv7e-m/fpu\libc_nano.a(lib_a-mlock.o)
                0x0800b330                __malloc_lock
 .text.__malloc_unlock
                0x0800b332        0x2 e:/program files (x86)/atollic/truestudio for stm32 9.3.0/armtools/bin/../lib/gcc/arm-atollic-eabi/6.3.1/../../../../arm-atollic-eabi/lib/armv7e-m/fpu\libc_nano.a(lib_a-mlock.o)
                0x0800b332                __malloc_unlock
 .text._free_r  0x0800b334       0x9c e:/program files (x86)/atollic/truestudio for stm32 9.3.0/armtools/bin/../lib/gcc/arm-atollic-eabi/6.3.1/../../../../arm-atollic-eabi/lib/armv7e-m/fpu\libc_nano.a(lib_a-nano-freer.o)
                0x0800b334                _free_r
 .text._read_r  0x0800b3d0       0x24 e:/program files (x86)/atollic/truestudio for stm32 9.3.0/armtools/bin/../lib/gcc/arm-atollic-eabi/6.3.1/../../../../arm-atollic-eabi/lib/armv7e-m/fpu\libc_nano.a(lib_a-readr.o)
                0x0800b3d0                _read_r
 .text._fstat_r
                0x0800b3f4       0x24 e:/program files (x86)/atollic/truestudio for stm32 9.3.0/armtools/bin/../lib/gcc/arm-atollic-eabi/6.3.1/../../../../arm-atollic-eabi/lib/armv7e-m/fpu\libc_nano.a(lib_a-fstatr.o)
                0x0800b3f4                _fstat_r
 .text._isatty_r
                0x0800b418       0x20 e:/program files (x86)/atollic/truestudio for stm32 9.3.0/armtools/bin/../lib/gcc/arm-atollic-eabi/6.3.1/../../../../arm-atollic-eabi/lib/armv7e-m/fpu\libc_nano.a(lib_a-isattyr.o)
                0x0800b418                _isatty_r
 *(.glue_7)
 .glue_7        0x0800b438        0x0 linker stubs
 *(.glue_7t)
 .glue_7t       0x0800b438        0x0 linker stubs
 *(.eh_frame)
 .eh_frame      0x0800b438        0x0 e:/program files (x86)/atollic/truestudio for stm32 9.3.0/armtools/bin/../lib/gcc/arm-atollic-eabi/6.3.1/armv7e-m/fpu/crtbegin.o
 *(.init)
 .init          0x0800b438        0x4 e:/program files (x86)/atollic/truestudio for stm32 9.3.0/armtools/bin/../lib/gcc/arm-atollic-eabi/6.3.1/armv7e-m/fpu/crti.o
                0x0800b438                _init
 .init          0x0800b43c        0x8 e:/program files (x86)/atollic/truestudio for stm32 9.3.0/armtools/bin/../lib/gcc/arm-atollic-eabi/6.3.1/armv7e-m/fpu/crtn.o
 *(.fini)
 .fini          0x0800b444        0x4 e:/program files (x86)/atollic/truestudio for stm32 9.3.0/armtools/bin/../lib/gcc/arm-atollic-eabi/6.3.1/armv7e-m/fpu/crti.o
                0x0800b444                _fini
 .fini          0x0800b448        0x8 e:/program files (x86)/atollic/truestudio for stm32 9.3.0/armtools/bin/../lib/gcc/arm-atollic-eabi/6.3.1/armv7e-m/fpu/crtn.o
                0x0800b450                . = ALIGN (0x4)
                0x0800b450                _etext = .

.vfp11_veneer   0x0800b450        0x0
 .vfp11_veneer  0x0800b450        0x0 linker stubs

.v4_bx          0x0800b450        0x0
 .v4_bx         0x0800b450        0x0 linker stubs

.iplt           0x0800b450        0x0
 .iplt          0x0800b450        0x0 e:/program files (x86)/atollic/truestudio for stm32 9.3.0/armtools/bin/../lib/gcc/arm-atollic-eabi/6.3.1/armv7e-m/fpu/crtbegin.o

.rodata         0x0800b450    0x99880
                0x0800b450                . = ALIGN (0x4)
 *(.rodata)
 .rodata        0x0800b450       0xbb Src\main.o
 *(.rodata*)
 *fill*         0x0800b50b        0x1 
 .rodata.Font24_Table
                0x0800b50c     0x1ab8 Drivers\BSP\STM32F429I-Discovery\Fonts\font24.o
                0x0800b50c                Font24_Table
 .rodata.flagBitshiftOffset.9081
                0x0800cfc4        0x8 Drivers\STM32F4xx_HAL_Driver\Src\stm32f4xx_hal_dma.o
 .rodata.image_data_Menu_kontynuuj
                0x0800cfcc    0x25820 Src\main.o
 .rodata.image_data_Menu_nowagra
                0x080327ec    0x25820 Src\main.o
 .rodata.image_data_Menu_poziomy
                0x0805800c    0x25820 Src\main.o
 .rodata.image_data_mapa2
                0x0807d82c    0x25820 Src\main.o
 .rodata.Sciezka1
                0x080a304c     0x1bd4 Src\main.o
 .rodata.AHBPrescTable
                0x080a4c20       0x10 Src\system_stm32f4xx.o
                0x080a4c20                AHBPrescTable
 .rodata.APBPrescTable
                0x080a4c30        0x8 Src\system_stm32f4xx.o
                0x080a4c30                APBPrescTable
 .rodata._global_impure_ptr
                0x080a4c38        0x4 e:/program files (x86)/atollic/truestudio for stm32 9.3.0/armtools/bin/../lib/gcc/arm-atollic-eabi/6.3.1/../../../../arm-atollic-eabi/lib/armv7e-m/fpu\libc_nano.a(lib_a-impure.o)
                0x080a4c38                _global_impure_ptr
 .rodata.__sf_fake_stderr
                0x080a4c3c       0x20 e:/program files (x86)/atollic/truestudio for stm32 9.3.0/armtools/bin/../lib/gcc/arm-atollic-eabi/6.3.1/../../../../arm-atollic-eabi/lib/armv7e-m/fpu\libc_nano.a(lib_a-findfp.o)
                0x080a4c3c                __sf_fake_stderr
 .rodata.__sf_fake_stdin
                0x080a4c5c       0x20 e:/program files (x86)/atollic/truestudio for stm32 9.3.0/armtools/bin/../lib/gcc/arm-atollic-eabi/6.3.1/../../../../arm-atollic-eabi/lib/armv7e-m/fpu\libc_nano.a(lib_a-findfp.o)
                0x080a4c5c                __sf_fake_stdin
 .rodata.__sf_fake_stdout
                0x080a4c7c       0x20 e:/program files (x86)/atollic/truestudio for stm32 9.3.0/armtools/bin/../lib/gcc/arm-atollic-eabi/6.3.1/../../../../arm-atollic-eabi/lib/armv7e-m/fpu\libc_nano.a(lib_a-findfp.o)
                0x080a4c7c                __sf_fake_stdout
 .rodata._vfprintf_r.str1.1
                0x080a4c9c       0x11 e:/program files (x86)/atollic/truestudio for stm32 9.3.0/armtools/bin/../lib/gcc/arm-atollic-eabi/6.3.1/../../../../arm-atollic-eabi/lib/armv7e-m/fpu\libc_nano.a(lib_a-nano-vfprintf.o)
 .rodata._printf_i.str1.1
                0x080a4cad       0x22 e:/program files (x86)/atollic/truestudio for stm32 9.3.0/armtools/bin/../lib/gcc/arm-atollic-eabi/6.3.1/../../../../arm-atollic-eabi/lib/armv7e-m/fpu\libc_nano.a(lib_a-nano-vfprintf_i.o)
                0x080a4cd0                . = ALIGN (0x4)
 *fill*         0x080a4ccf        0x1 

.ARM.extab
 *(.ARM.extab* .gnu.linkonce.armextab.*)

.ARM            0x080a4cd0        0x8
                0x080a4cd0                __exidx_start = .
 *(.ARM.exidx*)
 .ARM.exidx     0x080a4cd0        0x8 e:/program files (x86)/atollic/truestudio for stm32 9.3.0/armtools/bin/../lib/gcc/arm-atollic-eabi/6.3.1/armv7e-m/fpu\libgcc.a(_udivmoddi4.o)
                0x080a4cd8                __exidx_end = .

.rel.dyn        0x080a4cd8        0x0
 .rel.iplt      0x080a4cd8        0x0 e:/program files (x86)/atollic/truestudio for stm32 9.3.0/armtools/bin/../lib/gcc/arm-atollic-eabi/6.3.1/armv7e-m/fpu/crtbegin.o

.preinit_array  0x080a4cd8        0x0
                0x080a4cd8                PROVIDE (__preinit_array_start, .)
 *(.preinit_array*)
                0x080a4cd8                PROVIDE (__preinit_array_end, .)

.init_array     0x080a4cd8        0x4
                0x080a4cd8                PROVIDE (__init_array_start, .)
 *(SORT(.init_array.*))
 *(.init_array*)
 .init_array    0x080a4cd8        0x4 e:/program files (x86)/atollic/truestudio for stm32 9.3.0/armtools/bin/../lib/gcc/arm-atollic-eabi/6.3.1/armv7e-m/fpu/crtbegin.o
                0x080a4cdc                PROVIDE (__init_array_end, .)

.fini_array     0x080a4cdc        0x4
                [!provide]                PROVIDE (__fini_array_start, .)
 *(SORT(.fini_array.*))
 *(.fini_array*)
 .fini_array    0x080a4cdc        0x4 e:/program files (x86)/atollic/truestudio for stm32 9.3.0/armtools/bin/../lib/gcc/arm-atollic-eabi/6.3.1/armv7e-m/fpu/crtbegin.o
                [!provide]                PROVIDE (__fini_array_end, .)
                0x080a4ce0                _sidata = LOADADDR (.data)

.data           0x20000000       0xe4 load address 0x080a4ce0
                0x20000000                . = ALIGN (0x4)
                0x20000000                _sdata = .
 *(.data)
 *(.data*)
 .data.ili9341_drv
                0x20000000       0x38 Drivers\BSP\Components\ili9341\ili9341.o
                0x20000000                ili9341_drv
 .data.L3gd20Drv
                0x20000038       0x34 Drivers\BSP\Components\l3gd20\l3gd20.o
                0x20000038                L3gd20Drv
 .data.Font24   0x2000006c        0x8 Drivers\BSP\STM32F429I-Discovery\Fonts\font24.o
                0x2000006c                Font24
 .data.SpixTimeout
                0x20000074        0x4 Drivers\BSP\STM32F429I-Discovery\stm32f429i_discovery.o
                0x20000074                SpixTimeout
 .data.sdramstatus.9025
                0x20000078        0x1 Drivers\BSP\STM32F429I-Discovery\stm32f429i_discovery_sdram.o
 .data.uwTickFreq
                0x20000079        0x1 Drivers\STM32F4xx_HAL_Driver\Src\stm32f4xx_hal.o
                0x20000079                uwTickFreq
 *fill*         0x2000007a        0x2 
 .data.SystemCoreClock
                0x2000007c        0x4 Src\system_stm32f4xx.o
                0x2000007c                SystemCoreClock
 .data._impure_ptr
                0x20000080        0x4 e:/program files (x86)/atollic/truestudio for stm32 9.3.0/armtools/bin/../lib/gcc/arm-atollic-eabi/6.3.1/../../../../arm-atollic-eabi/lib/armv7e-m/fpu\libc_nano.a(lib_a-impure.o)
                0x20000080                _impure_ptr
 .data.impure_data
                0x20000084       0x60 e:/program files (x86)/atollic/truestudio for stm32 9.3.0/armtools/bin/../lib/gcc/arm-atollic-eabi/6.3.1/../../../../arm-atollic-eabi/lib/armv7e-m/fpu\libc_nano.a(lib_a-impure.o)
                0x200000e4                . = ALIGN (0x4)
                0x200000e4                _edata = .
                0x080a4dc4                _siccmram = LOADADDR (.ccmram)

.igot.plt       0x200000e4        0x0 load address 0x080a4dc4
 .igot.plt      0x200000e4        0x0 e:/program files (x86)/atollic/truestudio for stm32 9.3.0/armtools/bin/../lib/gcc/arm-atollic-eabi/6.3.1/armv7e-m/fpu/crtbegin.o

.ccmram         0x10000000        0x0 load address 0x080a4dc4
                0x10000000                . = ALIGN (0x4)
                0x10000000                _sccmram = .
 *(.ccmram)
 *(.ccmram*)
                0x10000000                . = ALIGN (0x4)
                0x10000000                _eccmram = .
                0x10000000                . = ALIGN (0x4)

.bss            0x200000e4      0x68c
                0x200000e4                _sbss = .
                0x200000e4                __bss_start__ = _sbss
 *(.bss)
 .bss           0x200000e4       0x1c e:/program files (x86)/atollic/truestudio for stm32 9.3.0/armtools/bin/../lib/gcc/arm-atollic-eabi/6.3.1/armv7e-m/fpu/crtbegin.o
 *(.bss*)
 .bss.SpiHandle
                0x20000100       0x58 Drivers\BSP\STM32F429I-Discovery\stm32f429i_discovery.o
 .bss.Is_LCD_IO_Initialized
                0x20000158        0x1 Drivers\BSP\STM32F429I-Discovery\stm32f429i_discovery.o
 *fill*         0x20000159        0x3 
 .bss.GyroscopeDrv
                0x2000015c        0x4 Drivers\BSP\STM32F429I-Discovery\stm32f429i_discovery_gyroscope.o
 .bss.Dma2dHandler
                0x20000160       0x40 Drivers\BSP\STM32F429I-Discovery\stm32f429i_discovery_lcd.o
 .bss.PeriphClkInitStruct
                0x200001a0       0x30 Drivers\BSP\STM32F429I-Discovery\stm32f429i_discovery_lcd.o
 .bss.ActiveLayer
                0x200001d0        0x4 Drivers\BSP\STM32F429I-Discovery\stm32f429i_discovery_lcd.o
 .bss.DrawProp  0x200001d4       0x18 Drivers\BSP\STM32F429I-Discovery\stm32f429i_discovery_lcd.o
 .bss.SdramHandle
                0x200001ec       0x34 Drivers\BSP\STM32F429I-Discovery\stm32f429i_discovery_sdram.o
 .bss.Timing    0x20000220       0x1c Drivers\BSP\STM32F429I-Discovery\stm32f429i_discovery_sdram.o
 .bss.Command   0x2000023c       0x10 Drivers\BSP\STM32F429I-Discovery\stm32f429i_discovery_sdram.o
 .bss.dmaHandle.9060
                0x2000024c       0x60 Drivers\BSP\STM32F429I-Discovery\stm32f429i_discovery_sdram.o
 .bss.FMC_Initialized
                0x200002ac        0x4 Src\fmc.o
 .bss.PoprzedniStanPrzycisku
                0x200002b0        0x1 Src\main.o
                0x200002b0                PoprzedniStanPrzycisku
 *fill*         0x200002b1        0x3 
 .bss.heap_end.7010
                0x200002b4        0x4 Src\syscalls.o
 .bss.__malloc_free_list
                0x200002b8        0x4 e:/program files (x86)/atollic/truestudio for stm32 9.3.0/armtools/bin/../lib/gcc/arm-atollic-eabi/6.3.1/../../../../arm-atollic-eabi/lib/armv7e-m/fpu\libc_nano.a(lib_a-nano-mallocr.o)
                0x200002b8                __malloc_free_list
 .bss.__malloc_sbrk_start
                0x200002bc        0x4 e:/program files (x86)/atollic/truestudio for stm32 9.3.0/armtools/bin/../lib/gcc/arm-atollic-eabi/6.3.1/../../../../arm-atollic-eabi/lib/armv7e-m/fpu\libc_nano.a(lib_a-nano-mallocr.o)
                0x200002bc                __malloc_sbrk_start
 *(COMMON)
 COMMON         0x200002c0       0xac Drivers\BSP\STM32F429I-Discovery\stm32f429i_discovery_lcd.o
                0x200002c0                LtdcHandler
                0x20000368                LcdDrv
 COMMON         0x2000036c        0x4 Drivers\STM32F4xx_HAL_Driver\Src\stm32f4xx_hal.o
                0x2000036c                uwTick
 COMMON         0x20000370        0x8 Src\crc.o
                0x20000370                hcrc
 COMMON         0x20000378       0x40 Src\dma2d.o
                0x20000378                hdma2d
 COMMON         0x200003b8       0x34 Src\fmc.o
                0x200003b8                hsdram1
 COMMON         0x200003ec       0x54 Src\i2c.o
                0x200003ec                hi2c3
 COMMON         0x20000440       0xa8 Src\ltdc.o
                0x20000440                hltdc
 COMMON         0x200004e8      0x142 Src\main.o
                0x200004e8                DataOld
                0x200004ee                Direction
                0x200004f0                DataTempRom
                0x20000508                CalkaPomocnicza2RomY
                0x20000510                CalkaPosrednia2Y
                0x20000514                hspi5
                0x2000056c                PoprzedniCzasPrzycisku
                0x20000570                StanPrzycisku
                0x20000574                CalkaRombX
                0x20000578                LicznikPomocniczyRomberg
                0x2000057c                CalkaPomocniczaRomY
                0x20000588                dT
                0x2000058c                CalkaTrapX
                0x20000590                PoprzednieY
                0x20000592                ZmienionoStanPoziomow
                0x20000594                CalkaPomocniczaRomX
                0x200005a0                CalkaPosredniaRomY
                0x200005b0                Y
                0x200005b4                PozycjaNaSciezce
                0x200005b8                AngleX
                0x200005bc                DataNow
                0x200005c2                ResetTimeX
                0x200005c4                CalkaPosrednia1X
                0x200005c8                CalkaTrapY
                0x200005cc                fMovedX
                0x200005d0                CalkaRichaY
                0x200005d4                CalkaPosredniaRomX
                0x200005e4                Animacja
                0x200005e5                StanMenu
                0x200005e8                AngleZ
                0x200005ec                AngleY
                0x200005f0                czasZmiany
                0x200005f4                LicznikPomocniczy
                0x200005f8                CalkaPosrednia2X
                0x200005fc                RozpoczetoNowaGre
                0x20000600                CalkaRombY
                0x20000604                fMovedY
                0x20000605                StanGry
                0x20000606                ZmienionoStanMenu
                0x20000608                CalkaRichaX
                0x2000060c                DataTempRich
                0x20000614                CalkaPosrednia1Y
                0x20000618                ResetTimeY
                0x2000061a                WybranyPoziom
                0x2000061c                PoprzednieX
                0x20000620                CalkaPomocnicza2RomX
                0x20000628                X
 *fill*         0x2000062a        0x2 
 COMMON         0x2000062c       0x40 Src\stm32f4xx_hal_timebase_tim.o
                0x2000062c                htim6
 COMMON         0x2000066c       0xc0 Src\tim.o
                0x2000066c                htim10
                0x200006ac                htim11
                0x200006ec                htim1
 COMMON         0x2000072c       0x40 Src\usart.o
                0x2000072c                huart1
 COMMON         0x2000076c        0x4 e:/program files (x86)/atollic/truestudio for stm32 9.3.0/armtools/bin/../lib/gcc/arm-atollic-eabi/6.3.1/../../../../arm-atollic-eabi/lib/armv7e-m/fpu\libc_nano.a(lib_a-reent.o)
                0x2000076c                errno
                0x20000770                . = ALIGN (0x4)
                0x20000770                _ebss = .
                0x20000770                __bss_end__ = _ebss

._user_heap_stack
                0x20000770      0x600
                0x20000770                . = ALIGN (0x4)
                0x20000770                PROVIDE (end, .)
                [!provide]                PROVIDE (_end, .)
                0x20000970                . = (. + _Min_Heap_Size)
 *fill*         0x20000770      0x200 
                0x20000d70                . = (. + _Min_Stack_Size)
 *fill*         0x20000970      0x400 
                0x20000d70                . = ALIGN (0x4)

/DISCARD/
 libc.a(*)
 libm.a(*)
 libgcc.a(*)

.ARM.attributes
                0x00000000       0x30
 *(.ARM.attributes)
 .ARM.attributes
                0x00000000       0x22 e:/program files (x86)/atollic/truestudio for stm32 9.3.0/armtools/bin/../lib/gcc/arm-atollic-eabi/6.3.1/armv7e-m/fpu/crti.o
 .ARM.attributes
                0x00000022       0x34 e:/program files (x86)/atollic/truestudio for stm32 9.3.0/armtools/bin/../lib/gcc/arm-atollic-eabi/6.3.1/armv7e-m/fpu/crtbegin.o
 .ARM.attributes
                0x00000056       0x39 Drivers\BSP\Components\ili9341\ili9341.o
 .ARM.attributes
                0x0000008f       0x39 Drivers\BSP\Components\l3gd20\l3gd20.o
 .ARM.attributes
                0x000000c8       0x39 Drivers\BSP\STM32F429I-Discovery\Fonts\font24.o
 .ARM.attributes
                0x00000101       0x39 Drivers\BSP\STM32F429I-Discovery\stm32f429i_discovery.o
 .ARM.attributes
                0x0000013a       0x39 Drivers\BSP\STM32F429I-Discovery\stm32f429i_discovery_gyroscope.o
 .ARM.attributes
                0x00000173       0x39 Drivers\BSP\STM32F429I-Discovery\stm32f429i_discovery_lcd.o
 .ARM.attributes
                0x000001ac       0x39 Drivers\BSP\STM32F429I-Discovery\stm32f429i_discovery_sdram.o
 .ARM.attributes
                0x000001e5       0x39 Drivers\STM32F4xx_HAL_Driver\Src\stm32f4xx_hal.o
 .ARM.attributes
                0x0000021e       0x39 Drivers\STM32F4xx_HAL_Driver\Src\stm32f4xx_hal_cortex.o
 .ARM.attributes
                0x00000257       0x39 Drivers\STM32F4xx_HAL_Driver\Src\stm32f4xx_hal_crc.o
 .ARM.attributes
                0x00000290       0x39 Drivers\STM32F4xx_HAL_Driver\Src\stm32f4xx_hal_dma.o
 .ARM.attributes
                0x000002c9       0x39 Drivers\STM32F4xx_HAL_Driver\Src\stm32f4xx_hal_dma2d.o
 .ARM.attributes
                0x00000302       0x39 Drivers\STM32F4xx_HAL_Driver\Src\stm32f4xx_hal_gpio.o
 .ARM.attributes
                0x0000033b       0x39 Drivers\STM32F4xx_HAL_Driver\Src\stm32f4xx_hal_i2c.o
 .ARM.attributes
                0x00000374       0x39 Drivers\STM32F4xx_HAL_Driver\Src\stm32f4xx_hal_i2c_ex.o
 .ARM.attributes
                0x000003ad       0x39 Drivers\STM32F4xx_HAL_Driver\Src\stm32f4xx_hal_ltdc.o
 .ARM.attributes
                0x000003e6       0x39 Drivers\STM32F4xx_HAL_Driver\Src\stm32f4xx_hal_pwr_ex.o
 .ARM.attributes
                0x0000041f       0x39 Drivers\STM32F4xx_HAL_Driver\Src\stm32f4xx_hal_rcc.o
 .ARM.attributes
                0x00000458       0x39 Drivers\STM32F4xx_HAL_Driver\Src\stm32f4xx_hal_rcc_ex.o
 .ARM.attributes
                0x00000491       0x39 Drivers\STM32F4xx_HAL_Driver\Src\stm32f4xx_hal_sdram.o
 .ARM.attributes
                0x000004ca       0x39 Drivers\STM32F4xx_HAL_Driver\Src\stm32f4xx_hal_spi.o
 .ARM.attributes
                0x00000503       0x39 Drivers\STM32F4xx_HAL_Driver\Src\stm32f4xx_hal_tim.o
 .ARM.attributes
                0x0000053c       0x39 Drivers\STM32F4xx_HAL_Driver\Src\stm32f4xx_hal_tim_ex.o
 .ARM.attributes
                0x00000575       0x39 Drivers\STM32F4xx_HAL_Driver\Src\stm32f4xx_hal_uart.o
 .ARM.attributes
                0x000005ae       0x39 Drivers\STM32F4xx_HAL_Driver\Src\stm32f4xx_ll_fmc.o
 .ARM.attributes
                0x000005e7       0x39 Src\crc.o
 .ARM.attributes
                0x00000620       0x39 Src\dma2d.o
 .ARM.attributes
                0x00000659       0x39 Src\fmc.o
 .ARM.attributes
                0x00000692       0x39 Src\gfxsimulator.o
 .ARM.attributes
                0x000006cb       0x39 Src\gpio.o
 .ARM.attributes
                0x00000704       0x39 Src\i2c.o
 .ARM.attributes
                0x0000073d       0x39 Src\ltdc.o
 .ARM.attributes
                0x00000776       0x39 Src\main.o
 .ARM.attributes
                0x000007af       0x39 Src\spi.o
 .ARM.attributes
                0x000007e8       0x39 Src\stm32f4xx_hal_msp.o
 .ARM.attributes
                0x00000821       0x39 Src\stm32f4xx_hal_timebase_tim.o
 .ARM.attributes
                0x0000085a       0x39 Src\stm32f4xx_it.o
 .ARM.attributes
                0x00000893       0x39 Src\syscalls.o
 .ARM.attributes
                0x000008cc       0x39 Src\system_stm32f4xx.o
 .ARM.attributes
                0x00000905       0x39 Src\tim.o
 .ARM.attributes
                0x0000093e       0x39 Src\usart.o
 .ARM.attributes
                0x00000977       0x21 startup\startup_stm32f429xx.o
 .ARM.attributes
                0x00000998       0x34 e:/program files (x86)/atollic/truestudio for stm32 9.3.0/armtools/bin/../lib/gcc/arm-atollic-eabi/6.3.1/../../../../arm-atollic-eabi/lib/armv7e-m/fpu\libc_nano.a(lib_a-errno.o)
 .ARM.attributes
                0x000009cc       0x34 e:/program files (x86)/atollic/truestudio for stm32 9.3.0/armtools/bin/../lib/gcc/arm-atollic-eabi/6.3.1/../../../../arm-atollic-eabi/lib/armv7e-m/fpu\libc_nano.a(lib_a-impure.o)
 .ARM.attributes
                0x00000a00       0x34 e:/program files (x86)/atollic/truestudio for stm32 9.3.0/armtools/bin/../lib/gcc/arm-atollic-eabi/6.3.1/../../../../arm-atollic-eabi/lib/armv7e-m/fpu\libc_nano.a(lib_a-init.o)
 .ARM.attributes
                0x00000a34       0x34 e:/program files (x86)/atollic/truestudio for stm32 9.3.0/armtools/bin/../lib/gcc/arm-atollic-eabi/6.3.1/../../../../arm-atollic-eabi/lib/armv7e-m/fpu\libc_nano.a(lib_a-memset.o)
 .ARM.attributes
                0x00000a68       0x34 e:/program files (x86)/atollic/truestudio for stm32 9.3.0/armtools/bin/../lib/gcc/arm-atollic-eabi/6.3.1/../../../../arm-atollic-eabi/lib/armv7e-m/fpu\libc_nano.a(lib_a-printf.o)
 .ARM.attributes
                0x00000a9c       0x34 e:/program files (x86)/atollic/truestudio for stm32 9.3.0/armtools/bin/../lib/gcc/arm-atollic-eabi/6.3.1/../../../../arm-atollic-eabi/lib/armv7e-m/fpu\libc_nano.a(lib_a-findfp.o)
 .ARM.attributes
                0x00000ad0       0x34 e:/program files (x86)/atollic/truestudio for stm32 9.3.0/armtools/bin/../lib/gcc/arm-atollic-eabi/6.3.1/../../../../arm-atollic-eabi/lib/armv7e-m/fpu\libc_nano.a(lib_a-fwalk.o)
 .ARM.attributes
                0x00000b04       0x34 e:/program files (x86)/atollic/truestudio for stm32 9.3.0/armtools/bin/../lib/gcc/arm-atollic-eabi/6.3.1/../../../../arm-atollic-eabi/lib/armv7e-m/fpu\libc_nano.a(lib_a-nano-mallocr.o)
 .ARM.attributes
                0x00000b38       0x34 e:/program files (x86)/atollic/truestudio for stm32 9.3.0/armtools/bin/../lib/gcc/arm-atollic-eabi/6.3.1/../../../../arm-atollic-eabi/lib/armv7e-m/fpu\libc_nano.a(lib_a-nano-vfprintf.o)
 .ARM.attributes
                0x00000b6c       0x34 e:/program files (x86)/atollic/truestudio for stm32 9.3.0/armtools/bin/../lib/gcc/arm-atollic-eabi/6.3.1/../../../../arm-atollic-eabi/lib/armv7e-m/fpu\libc_nano.a(lib_a-nano-vfprintf_i.o)
 .ARM.attributes
                0x00000ba0       0x34 e:/program files (x86)/atollic/truestudio for stm32 9.3.0/armtools/bin/../lib/gcc/arm-atollic-eabi/6.3.1/../../../../arm-atollic-eabi/lib/armv7e-m/fpu\libc_nano.a(lib_a-sbrkr.o)
 .ARM.attributes
                0x00000bd4       0x34 e:/program files (x86)/atollic/truestudio for stm32 9.3.0/armtools/bin/../lib/gcc/arm-atollic-eabi/6.3.1/../../../../arm-atollic-eabi/lib/armv7e-m/fpu\libc_nano.a(lib_a-stdio.o)
 .ARM.attributes
                0x00000c08       0x34 e:/program files (x86)/atollic/truestudio for stm32 9.3.0/armtools/bin/../lib/gcc/arm-atollic-eabi/6.3.1/../../../../arm-atollic-eabi/lib/armv7e-m/fpu\libc_nano.a(lib_a-wbuf.o)
 .ARM.attributes
                0x00000c3c       0x34 e:/program files (x86)/atollic/truestudio for stm32 9.3.0/armtools/bin/../lib/gcc/arm-atollic-eabi/6.3.1/../../../../arm-atollic-eabi/lib/armv7e-m/fpu\libc_nano.a(lib_a-writer.o)
 .ARM.attributes
                0x00000c70       0x34 e:/program files (x86)/atollic/truestudio for stm32 9.3.0/armtools/bin/../lib/gcc/arm-atollic-eabi/6.3.1/../../../../arm-atollic-eabi/lib/armv7e-m/fpu\libc_nano.a(lib_a-wsetup.o)
 .ARM.attributes
                0x00000ca4       0x34 e:/program files (x86)/atollic/truestudio for stm32 9.3.0/armtools/bin/../lib/gcc/arm-atollic-eabi/6.3.1/../../../../arm-atollic-eabi/lib/armv7e-m/fpu\libc_nano.a(lib_a-closer.o)
 .ARM.attributes
                0x00000cd8       0x34 e:/program files (x86)/atollic/truestudio for stm32 9.3.0/armtools/bin/../lib/gcc/arm-atollic-eabi/6.3.1/../../../../arm-atollic-eabi/lib/armv7e-m/fpu\libc_nano.a(lib_a-fflush.o)
 .ARM.attributes
                0x00000d0c       0x34 e:/program files (x86)/atollic/truestudio for stm32 9.3.0/armtools/bin/../lib/gcc/arm-atollic-eabi/6.3.1/../../../../arm-atollic-eabi/lib/armv7e-m/fpu\libc_nano.a(lib_a-lseekr.o)
 .ARM.attributes
                0x00000d40       0x34 e:/program files (x86)/atollic/truestudio for stm32 9.3.0/armtools/bin/../lib/gcc/arm-atollic-eabi/6.3.1/../../../../arm-atollic-eabi/lib/armv7e-m/fpu\libc_nano.a(lib_a-makebuf.o)
 .ARM.attributes
                0x00000d74       0x20 e:/program files (x86)/atollic/truestudio for stm32 9.3.0/armtools/bin/../lib/gcc/arm-atollic-eabi/6.3.1/../../../../arm-atollic-eabi/lib/armv7e-m/fpu\libc_nano.a(lib_a-memchr.o)
 .ARM.attributes
                0x00000d94       0x34 e:/program files (x86)/atollic/truestudio for stm32 9.3.0/armtools/bin/../lib/gcc/arm-atollic-eabi/6.3.1/../../../../arm-atollic-eabi/lib/armv7e-m/fpu\libc_nano.a(lib_a-mlock.o)
 .ARM.attributes
                0x00000dc8       0x34 e:/program files (x86)/atollic/truestudio for stm32 9.3.0/armtools/bin/../lib/gcc/arm-atollic-eabi/6.3.1/../../../../arm-atollic-eabi/lib/armv7e-m/fpu\libc_nano.a(lib_a-nano-freer.o)
 .ARM.attributes
                0x00000dfc       0x34 e:/program files (x86)/atollic/truestudio for stm32 9.3.0/armtools/bin/../lib/gcc/arm-atollic-eabi/6.3.1/../../../../arm-atollic-eabi/lib/armv7e-m/fpu\libc_nano.a(lib_a-readr.o)
 .ARM.attributes
                0x00000e30       0x34 e:/program files (x86)/atollic/truestudio for stm32 9.3.0/armtools/bin/../lib/gcc/arm-atollic-eabi/6.3.1/../../../../arm-atollic-eabi/lib/armv7e-m/fpu\libc_nano.a(lib_a-reent.o)
 .ARM.attributes
                0x00000e64       0x34 e:/program files (x86)/atollic/truestudio for stm32 9.3.0/armtools/bin/../lib/gcc/arm-atollic-eabi/6.3.1/../../../../arm-atollic-eabi/lib/armv7e-m/fpu\libc_nano.a(lib_a-fstatr.o)
 .ARM.attributes
                0x00000e98       0x34 e:/program files (x86)/atollic/truestudio for stm32 9.3.0/armtools/bin/../lib/gcc/arm-atollic-eabi/6.3.1/../../../../arm-atollic-eabi/lib/armv7e-m/fpu\libc_nano.a(lib_a-isattyr.o)
 .ARM.attributes
                0x00000ecc       0x22 e:/program files (x86)/atollic/truestudio for stm32 9.3.0/armtools/bin/../lib/gcc/arm-atollic-eabi/6.3.1/armv7e-m/fpu\libgcc.a(_arm_addsubdf3.o)
 .ARM.attributes
                0x00000eee       0x22 e:/program files (x86)/atollic/truestudio for stm32 9.3.0/armtools/bin/../lib/gcc/arm-atollic-eabi/6.3.1/armv7e-m/fpu\libgcc.a(_arm_muldivdf3.o)
 .ARM.attributes
                0x00000f10       0x22 e:/program files (x86)/atollic/truestudio for stm32 9.3.0/armtools/bin/../lib/gcc/arm-atollic-eabi/6.3.1/armv7e-m/fpu\libgcc.a(_arm_fixdfsi.o)
 .ARM.attributes
                0x00000f32       0x22 e:/program files (x86)/atollic/truestudio for stm32 9.3.0/armtools/bin/../lib/gcc/arm-atollic-eabi/6.3.1/armv7e-m/fpu\libgcc.a(_aeabi_uldivmod.o)
 .ARM.attributes
                0x00000f54       0x34 e:/program files (x86)/atollic/truestudio for stm32 9.3.0/armtools/bin/../lib/gcc/arm-atollic-eabi/6.3.1/armv7e-m/fpu\libgcc.a(_udivmoddi4.o)
 .ARM.attributes
                0x00000f88       0x22 e:/program files (x86)/atollic/truestudio for stm32 9.3.0/armtools/bin/../lib/gcc/arm-atollic-eabi/6.3.1/armv7e-m/fpu\libgcc.a(_dvmd_tls.o)
 .ARM.attributes
                0x00000faa       0x22 e:/program files (x86)/atollic/truestudio for stm32 9.3.0/armtools/bin/../lib/gcc/arm-atollic-eabi/6.3.1/armv7e-m/fpu/crtn.o
OUTPUT(AnL.elf elf32-littlearm)

.debug_info     0x00000000    0x274be
 .debug_info    0x00000000      0x340 Drivers\BSP\Components\ili9341\ili9341.o
 .debug_info    0x00000340      0x487 Drivers\BSP\Components\l3gd20\l3gd20.o
 .debug_info    0x000007c7      0x14a Drivers\BSP\STM32F429I-Discovery\Fonts\font24.o
 .debug_info    0x00000911     0x1e69 Drivers\BSP\STM32F429I-Discovery\stm32f429i_discovery.o
 .debug_info    0x0000277a      0x49d Drivers\BSP\STM32F429I-Discovery\stm32f429i_discovery_gyroscope.o
 .debug_info    0x00002c17     0x2849 Drivers\BSP\STM32F429I-Discovery\stm32f429i_discovery_lcd.o
 .debug_info    0x00005460      0xe6b Drivers\BSP\STM32F429I-Discovery\stm32f429i_discovery_sdram.o
 .debug_info    0x000062cb      0x994 Drivers\STM32F4xx_HAL_Driver\Src\stm32f4xx_hal.o
 .debug_info    0x00006c5f      0xe0d Drivers\STM32F4xx_HAL_Driver\Src\stm32f4xx_hal_cortex.o
 .debug_info    0x00007a6c      0x3ef Drivers\STM32F4xx_HAL_Driver\Src\stm32f4xx_hal_crc.o
 .debug_info    0x00007e5b      0x913 Drivers\STM32F4xx_HAL_Driver\Src\stm32f4xx_hal_dma.o
 .debug_info    0x0000876e      0xe89 Drivers\STM32F4xx_HAL_Driver\Src\stm32f4xx_hal_dma2d.o
 .debug_info    0x000095f7      0x77d Drivers\STM32F4xx_HAL_Driver\Src\stm32f4xx_hal_gpio.o
 .debug_info    0x00009d74     0x2329 Drivers\STM32F4xx_HAL_Driver\Src\stm32f4xx_hal_i2c.o
 .debug_info    0x0000c09d      0x6c9 Drivers\STM32F4xx_HAL_Driver\Src\stm32f4xx_hal_i2c_ex.o
 .debug_info    0x0000c766     0x10b2 Drivers\STM32F4xx_HAL_Driver\Src\stm32f4xx_hal_ltdc.o
 .debug_info    0x0000d818      0x6f5 Drivers\STM32F4xx_HAL_Driver\Src\stm32f4xx_hal_pwr_ex.o
 .debug_info    0x0000df0d      0x8be Drivers\STM32F4xx_HAL_Driver\Src\stm32f4xx_hal_rcc.o
 .debug_info    0x0000e7cb      0x66a Drivers\STM32F4xx_HAL_Driver\Src\stm32f4xx_hal_rcc_ex.o
 .debug_info    0x0000ee35      0xc47 Drivers\STM32F4xx_HAL_Driver\Src\stm32f4xx_hal_sdram.o
 .debug_info    0x0000fa7c     0x15d7 Drivers\STM32F4xx_HAL_Driver\Src\stm32f4xx_hal_spi.o
 .debug_info    0x00011053     0x2452 Drivers\STM32F4xx_HAL_Driver\Src\stm32f4xx_hal_tim.o
 .debug_info    0x000134a5     0x1102 Drivers\STM32F4xx_HAL_Driver\Src\stm32f4xx_hal_tim_ex.o
 .debug_info    0x000145a7     0x11d3 Drivers\STM32F4xx_HAL_Driver\Src\stm32f4xx_hal_uart.o
 .debug_info    0x0001577a      0xeba Drivers\STM32F4xx_HAL_Driver\Src\stm32f4xx_ll_fmc.o
 .debug_info    0x00016634      0xcba Src\crc.o
 .debug_info    0x000172ee     0x10f4 Src\dma2d.o
 .debug_info    0x000183e2     0x115a Src\fmc.o
 .debug_info    0x0001953c      0x940 Src\gfxsimulator.o
 .debug_info    0x00019e7c      0xd14 Src\gpio.o
 .debug_info    0x0001ab90     0x11dc Src\i2c.o
 .debug_info    0x0001bd6c     0x1349 Src\ltdc.o
 .debug_info    0x0001d0b5     0x2d2c Src\main.o
 .debug_info    0x0001fde1     0x118e Src\spi.o
 .debug_info    0x00020f6f      0xb3f Src\stm32f4xx_hal_msp.o
 .debug_info    0x00021aae      0xb28 Src\stm32f4xx_hal_timebase_tim.o
 .debug_info    0x000225d6     0x1540 Src\stm32f4xx_it.o
 .debug_info    0x00023b16      0xf16 Src\syscalls.o
 .debug_info    0x00024a2c      0x51f Src\system_stm32f4xx.o
 .debug_info    0x00024f4b     0x13dc Src\tim.o
 .debug_info    0x00026327     0x1121 Src\usart.o
 .debug_info    0x00027448       0x76 startup\startup_stm32f429xx.o

.debug_abbrev   0x00000000     0x4ff0
 .debug_abbrev  0x00000000      0x14e Drivers\BSP\Components\ili9341\ili9341.o
 .debug_abbrev  0x0000014e      0x1ad Drivers\BSP\Components\l3gd20\l3gd20.o
 .debug_abbrev  0x000002fb       0xa2 Drivers\BSP\STM32F429I-Discovery\Fonts\font24.o
 .debug_abbrev  0x0000039d      0x2d0 Drivers\BSP\STM32F429I-Discovery\stm32f429i_discovery.o
 .debug_abbrev  0x0000066d      0x176 Drivers\BSP\STM32F429I-Discovery\stm32f429i_discovery_gyroscope.o
 .debug_abbrev  0x000007e3      0x2ce Drivers\BSP\STM32F429I-Discovery\stm32f429i_discovery_lcd.o
 .debug_abbrev  0x00000ab1      0x21a Drivers\BSP\STM32F429I-Discovery\stm32f429i_discovery_sdram.o
 .debug_abbrev  0x00000ccb      0x1c6 Drivers\STM32F4xx_HAL_Driver\Src\stm32f4xx_hal.o
 .debug_abbrev  0x00000e91      0x2f5 Drivers\STM32F4xx_HAL_Driver\Src\stm32f4xx_hal_cortex.o
 .debug_abbrev  0x00001186      0x1b2 Drivers\STM32F4xx_HAL_Driver\Src\stm32f4xx_hal_crc.o
 .debug_abbrev  0x00001338      0x224 Drivers\STM32F4xx_HAL_Driver\Src\stm32f4xx_hal_dma.o
 .debug_abbrev  0x0000155c      0x20c Drivers\STM32F4xx_HAL_Driver\Src\stm32f4xx_hal_dma2d.o
 .debug_abbrev  0x00001768      0x1c4 Drivers\STM32F4xx_HAL_Driver\Src\stm32f4xx_hal_gpio.o
 .debug_abbrev  0x0000192c      0x24f Drivers\STM32F4xx_HAL_Driver\Src\stm32f4xx_hal_i2c.o
 .debug_abbrev  0x00001b7b      0x168 Drivers\STM32F4xx_HAL_Driver\Src\stm32f4xx_hal_i2c_ex.o
 .debug_abbrev  0x00001ce3      0x204 Drivers\STM32F4xx_HAL_Driver\Src\stm32f4xx_hal_ltdc.o
 .debug_abbrev  0x00001ee7      0x1b3 Drivers\STM32F4xx_HAL_Driver\Src\stm32f4xx_hal_pwr_ex.o
 .debug_abbrev  0x0000209a      0x240 Drivers\STM32F4xx_HAL_Driver\Src\stm32f4xx_hal_rcc.o
 .debug_abbrev  0x000022da      0x16e Drivers\STM32F4xx_HAL_Driver\Src\stm32f4xx_hal_rcc_ex.o
 .debug_abbrev  0x00002448      0x1f2 Drivers\STM32F4xx_HAL_Driver\Src\stm32f4xx_hal_sdram.o
 .debug_abbrev  0x0000263a      0x23b Drivers\STM32F4xx_HAL_Driver\Src\stm32f4xx_hal_spi.o
 .debug_abbrev  0x00002875      0x229 Drivers\STM32F4xx_HAL_Driver\Src\stm32f4xx_hal_tim.o
 .debug_abbrev  0x00002a9e      0x217 Drivers\STM32F4xx_HAL_Driver\Src\stm32f4xx_hal_tim_ex.o
 .debug_abbrev  0x00002cb5      0x23d Drivers\STM32F4xx_HAL_Driver\Src\stm32f4xx_hal_uart.o
 .debug_abbrev  0x00002ef2      0x187 Drivers\STM32F4xx_HAL_Driver\Src\stm32f4xx_ll_fmc.o
 .debug_abbrev  0x00003079      0x1eb Src\crc.o
 .debug_abbrev  0x00003264      0x210 Src\dma2d.o
 .debug_abbrev  0x00003474      0x242 Src\fmc.o
 .debug_abbrev  0x000036b6      0x178 Src\gfxsimulator.o
 .debug_abbrev  0x0000382e      0x1c0 Src\gpio.o
 .debug_abbrev  0x000039ee      0x1f6 Src\i2c.o
 .debug_abbrev  0x00003be4      0x1ff Src\ltdc.o
 .debug_abbrev  0x00003de3      0x332 Src\main.o
 .debug_abbrev  0x00004115      0x1f6 Src\spi.o
 .debug_abbrev  0x0000430b      0x1a8 Src\stm32f4xx_hal_msp.o
 .debug_abbrev  0x000044b3      0x196 Src\stm32f4xx_hal_timebase_tim.o
 .debug_abbrev  0x00004649      0x1e0 Src\stm32f4xx_it.o
 .debug_abbrev  0x00004829      0x271 Src\syscalls.o
 .debug_abbrev  0x00004a9a      0x10e Src\system_stm32f4xx.o
 .debug_abbrev  0x00004ba8      0x240 Src\tim.o
 .debug_abbrev  0x00004de8      0x1f6 Src\usart.o
 .debug_abbrev  0x00004fde       0x12 startup\startup_stm32f429xx.o

.debug_aranges  0x00000000     0x1d18
 .debug_aranges
                0x00000000       0x60 Drivers\BSP\Components\ili9341\ili9341.o
 .debug_aranges
                0x00000060       0x78 Drivers\BSP\Components\l3gd20\l3gd20.o
 .debug_aranges
                0x000000d8       0x18 Drivers\BSP\STM32F429I-Discovery\Fonts\font24.o
 .debug_aranges
                0x000000f0      0x1a8 Drivers\BSP\STM32F429I-Discovery\stm32f429i_discovery.o
 .debug_aranges
                0x00000298       0x50 Drivers\BSP\STM32F429I-Discovery\stm32f429i_discovery_gyroscope.o
 .debug_aranges
                0x000002e8      0x1a8 Drivers\BSP\STM32F429I-Discovery\stm32f429i_discovery_lcd.o
 .debug_aranges
                0x00000490       0x68 Drivers\BSP\STM32F429I-Discovery\stm32f429i_discovery_sdram.o
 .debug_aranges
                0x000004f8      0x100 Drivers\STM32F4xx_HAL_Driver\Src\stm32f4xx_hal.o
 .debug_aranges
                0x000005f8      0x118 Drivers\STM32F4xx_HAL_Driver\Src\stm32f4xx_hal_cortex.o
 .debug_aranges
                0x00000710       0x50 Drivers\STM32F4xx_HAL_Driver\Src\stm32f4xx_hal_crc.o
 .debug_aranges
                0x00000760       0x90 Drivers\STM32F4xx_HAL_Driver\Src\stm32f4xx_hal_dma.o
 .debug_aranges
                0x000007f0      0x108 Drivers\STM32F4xx_HAL_Driver\Src\stm32f4xx_hal_dma2d.o
 .debug_aranges
                0x000008f8       0x58 Drivers\STM32F4xx_HAL_Driver\Src\stm32f4xx_hal_gpio.o
 .debug_aranges
                0x00000950      0x290 Drivers\STM32F4xx_HAL_Driver\Src\stm32f4xx_hal_i2c.o
 .debug_aranges
                0x00000be0       0x28 Drivers\STM32F4xx_HAL_Driver\Src\stm32f4xx_hal_i2c_ex.o
 .debug_aranges
                0x00000c08      0x158 Drivers\STM32F4xx_HAL_Driver\Src\stm32f4xx_hal_ltdc.o
 .debug_aranges
                0x00000d60       0x60 Drivers\STM32F4xx_HAL_Driver\Src\stm32f4xx_hal_pwr_ex.o
 .debug_aranges
                0x00000dc0       0x88 Drivers\STM32F4xx_HAL_Driver\Src\stm32f4xx_hal_rcc.o
 .debug_aranges
                0x00000e48       0x58 Drivers\STM32F4xx_HAL_Driver\Src\stm32f4xx_hal_rcc_ex.o
 .debug_aranges
                0x00000ea0       0xd0 Drivers\STM32F4xx_HAL_Driver\Src\stm32f4xx_hal_sdram.o
 .debug_aranges
                0x00000f70      0x1d0 Drivers\STM32F4xx_HAL_Driver\Src\stm32f4xx_hal_spi.o
 .debug_aranges
                0x00001140      0x3a8 Drivers\STM32F4xx_HAL_Driver\Src\stm32f4xx_hal_tim.o
 .debug_aranges
                0x000014e8      0x150 Drivers\STM32F4xx_HAL_Driver\Src\stm32f4xx_hal_tim_ex.o
 .debug_aranges
                0x00001638      0x1d0 Drivers\STM32F4xx_HAL_Driver\Src\stm32f4xx_hal_uart.o
 .debug_aranges
                0x00001808       0xf0 Drivers\STM32F4xx_HAL_Driver\Src\stm32f4xx_ll_fmc.o
 .debug_aranges
                0x000018f8       0x30 Src\crc.o
 .debug_aranges
                0x00001928       0x30 Src\dma2d.o
 .debug_aranges
                0x00001958       0x40 Src\fmc.o
 .debug_aranges
                0x00001998       0x20 Src\gfxsimulator.o
 .debug_aranges
                0x000019b8       0x20 Src\gpio.o
 .debug_aranges
                0x000019d8       0x30 Src\i2c.o
 .debug_aranges
                0x00001a08       0x30 Src\ltdc.o
 .debug_aranges
                0x00001a38       0x70 Src\main.o
 .debug_aranges
                0x00001aa8       0x30 Src\spi.o
 .debug_aranges
                0x00001ad8       0x20 Src\stm32f4xx_hal_msp.o
 .debug_aranges
                0x00001af8       0x30 Src\stm32f4xx_hal_timebase_tim.o
 .debug_aranges
                0x00001b28       0x80 Src\stm32f4xx_it.o
 .debug_aranges
                0x00001ba8       0xb0 Src\syscalls.o
 .debug_aranges
                0x00001c58       0x28 Src\system_stm32f4xx.o
 .debug_aranges
                0x00001c80       0x40 Src\tim.o
 .debug_aranges
                0x00001cc0       0x30 Src\usart.o
 .debug_aranges
                0x00001cf0       0x28 startup\startup_stm32f429xx.o

.debug_ranges   0x00000000     0x1a98
 .debug_ranges  0x00000000       0x50 Drivers\BSP\Components\ili9341\ili9341.o
 .debug_ranges  0x00000050       0x68 Drivers\BSP\Components\l3gd20\l3gd20.o