Archive member included to satisfy reference by file (symbol)

/opt/Atollic_TrueSTUDIO_for_STM32_x86_64_9.3.0/ARMTools/bin/../lib/gcc/arm-atollic-eabi/6.3.1/../../../../arm-atollic-eabi/lib/armv7e-m/fpu/libc_nano.a(lib_a-errno.o)
                              Src/syscalls.o (__errno)
/opt/Atollic_TrueSTUDIO_for_STM32_x86_64_9.3.0/ARMTools/bin/../lib/gcc/arm-atollic-eabi/6.3.1/../../../../arm-atollic-eabi/lib/armv7e-m/fpu/libc_nano.a(lib_a-impure.o)
                              /opt/Atollic_TrueSTUDIO_for_STM32_x86_64_9.3.0/ARMTools/bin/../lib/gcc/arm-atollic-eabi/6.3.1/../../../../arm-atollic-eabi/lib/armv7e-m/fpu/libc_nano.a(lib_a-errno.o) (_impure_ptr)
/opt/Atollic_TrueSTUDIO_for_STM32_x86_64_9.3.0/ARMTools/bin/../lib/gcc/arm-atollic-eabi/6.3.1/../../../../arm-atollic-eabi/lib/armv7e-m/fpu/libc_nano.a(lib_a-init.o)
                              startup/startup_stm32f429xx.o (__libc_init_array)
/opt/Atollic_TrueSTUDIO_for_STM32_x86_64_9.3.0/ARMTools/bin/../lib/gcc/arm-atollic-eabi/6.3.1/../../../../arm-atollic-eabi/lib/armv7e-m/fpu/libc_nano.a(lib_a-memset.o)
                              Src/ltdc.o (memset)
/opt/Atollic_TrueSTUDIO_for_STM32_x86_64_9.3.0/ARMTools/bin/../lib/gcc/arm-atollic-eabi/6.3.1/../../../../arm-atollic-eabi/lib/armv7e-m/fpu/libc_nano.a(lib_a-printf.o)
                              Src/main.o (printf)
/opt/Atollic_TrueSTUDIO_for_STM32_x86_64_9.3.0/ARMTools/bin/../lib/gcc/arm-atollic-eabi/6.3.1/../../../../arm-atollic-eabi/lib/armv7e-m/fpu/libc_nano.a(lib_a-findfp.o)
                              /opt/Atollic_TrueSTUDIO_for_STM32_x86_64_9.3.0/ARMTools/bin/../lib/gcc/arm-atollic-eabi/6.3.1/../../../../arm-atollic-eabi/lib/armv7e-m/fpu/libc_nano.a(lib_a-printf.o) (__sinit)
/opt/Atollic_TrueSTUDIO_for_STM32_x86_64_9.3.0/ARMTools/bin/../lib/gcc/arm-atollic-eabi/6.3.1/../../../../arm-atollic-eabi/lib/armv7e-m/fpu/libc_nano.a(lib_a-fwalk.o)
                              /opt/Atollic_TrueSTUDIO_for_STM32_x86_64_9.3.0/ARMTools/bin/../lib/gcc/arm-atollic-eabi/6.3.1/../../../../arm-atollic-eabi/lib/armv7e-m/fpu/libc_nano.a(lib_a-findfp.o) (_fwalk)
/opt/Atollic_TrueSTUDIO_for_STM32_x86_64_9.3.0/ARMTools/bin/../lib/gcc/arm-atollic-eabi/6.3.1/../../../../arm-atollic-eabi/lib/armv7e-m/fpu/libc_nano.a(lib_a-nano-mallocr.o)
                              /opt/Atollic_TrueSTUDIO_for_STM32_x86_64_9.3.0/ARMTools/bin/../lib/gcc/arm-atollic-eabi/6.3.1/../../../../arm-atollic-eabi/lib/armv7e-m/fpu/libc_nano.a(lib_a-findfp.o) (_malloc_r)
/opt/Atollic_TrueSTUDIO_for_STM32_x86_64_9.3.0/ARMTools/bin/../lib/gcc/arm-atollic-eabi/6.3.1/../../../../arm-atollic-eabi/lib/armv7e-m/fpu/libc_nano.a(lib_a-nano-vfprintf.o)
                              /opt/Atollic_TrueSTUDIO_for_STM32_x86_64_9.3.0/ARMTools/bin/../lib/gcc/arm-atollic-eabi/6.3.1/../../../../arm-atollic-eabi/lib/armv7e-m/fpu/libc_nano.a(lib_a-printf.o) (_vfprintf_r)
/opt/Atollic_TrueSTUDIO_for_STM32_x86_64_9.3.0/ARMTools/bin/../lib/gcc/arm-atollic-eabi/6.3.1/../../../../arm-atollic-eabi/lib/armv7e-m/fpu/libc_nano.a(lib_a-nano-vfprintf_i.o)
                              /opt/Atollic_TrueSTUDIO_for_STM32_x86_64_9.3.0/ARMTools/bin/../lib/gcc/arm-atollic-eabi/6.3.1/../../../../arm-atollic-eabi/lib/armv7e-m/fpu/libc_nano.a(lib_a-nano-vfprintf.o) (_printf_i)
/opt/Atollic_TrueSTUDIO_for_STM32_x86_64_9.3.0/ARMTools/bin/../lib/gcc/arm-atollic-eabi/6.3.1/../../../../arm-atollic-eabi/lib/armv7e-m/fpu/libc_nano.a(lib_a-sbrkr.o)
                              /opt/Atollic_TrueSTUDIO_for_STM32_x86_64_9.3.0/ARMTools/bin/../lib/gcc/arm-atollic-eabi/6.3.1/../../../../arm-atollic-eabi/lib/armv7e-m/fpu/libc_nano.a(lib_a-nano-mallocr.o) (_sbrk_r)
/opt/Atollic_TrueSTUDIO_for_STM32_x86_64_9.3.0/ARMTools/bin/../lib/gcc/arm-atollic-eabi/6.3.1/../../../../arm-atollic-eabi/lib/armv7e-m/fpu/libc_nano.a(lib_a-stdio.o)
                              /opt/Atollic_TrueSTUDIO_for_STM32_x86_64_9.3.0/ARMTools/bin/../lib/gcc/arm-atollic-eabi/6.3.1/../../../../arm-atollic-eabi/lib/armv7e-m/fpu/libc_nano.a(lib_a-findfp.o) (__sread)
/opt/Atollic_TrueSTUDIO_for_STM32_x86_64_9.3.0/ARMTools/bin/../lib/gcc/arm-atollic-eabi/6.3.1/../../../../arm-atollic-eabi/lib/armv7e-m/fpu/libc_nano.a(lib_a-wbuf.o)
                              /opt/Atollic_TrueSTUDIO_for_STM32_x86_64_9.3.0/ARMTools/bin/../lib/gcc/arm-atollic-eabi/6.3.1/../../../../arm-atollic-eabi/lib/armv7e-m/fpu/libc_nano.a(lib_a-nano-vfprintf.o) (__swbuf_r)
/opt/Atollic_TrueSTUDIO_for_STM32_x86_64_9.3.0/ARMTools/bin/../lib/gcc/arm-atollic-eabi/6.3.1/../../../../arm-atollic-eabi/lib/armv7e-m/fpu/libc_nano.a(lib_a-writer.o)
                              /opt/Atollic_TrueSTUDIO_for_STM32_x86_64_9.3.0/ARMTools/bin/../lib/gcc/arm-atollic-eabi/6.3.1/../../../../arm-atollic-eabi/lib/armv7e-m/fpu/libc_nano.a(lib_a-stdio.o) (_write_r)
/opt/Atollic_TrueSTUDIO_for_STM32_x86_64_9.3.0/ARMTools/bin/../lib/gcc/arm-atollic-eabi/6.3.1/../../../../arm-atollic-eabi/lib/armv7e-m/fpu/libc_nano.a(lib_a-wsetup.o)
[...]
Memory Configuration

Name             Origin             Length             Attributes
RAM              0x0000000020000000 0x0000000000030000 xrw
CCMRAM           0x0000000010000000 0x0000000000010000 rw
FLASH            0x0000000008000000 0x0000000000200000 xr
*default*        0x0000000000000000 0xffffffffffffffff

Linker script and memory map

LOAD /opt/Atollic_TrueSTUDIO_for_STM32_x86_64_9.3.0/ARMTools/bin/../lib/gcc/arm-atollic-eabi/6.3.1/armv7e-m/fpu/crti.o
LOAD /opt/Atollic_TrueSTUDIO_for_STM32_x86_64_9.3.0/ARMTools/bin/../lib/gcc/arm-atollic-eabi/6.3.1/armv7e-m/fpu/crtbegin.o
LOAD Drivers/BSP/Components/ili9341/ili9341.o
LOAD Drivers/BSP/Components/l3gd20/l3gd20.o
LOAD Drivers/BSP/Components/stmpe811/stmpe811.o
LOAD Drivers/BSP/STM32F429I-Discovery/Fonts/font12.o
LOAD Drivers/BSP/STM32F429I-Discovery/Fonts/font16.o
LOAD Drivers/BSP/STM32F429I-Discovery/Fonts/font20.o
LOAD Drivers/BSP/STM32F429I-Discovery/Fonts/font24.o
LOAD Drivers/BSP/STM32F429I-Discovery/Fonts/font8.o
LOAD Drivers/BSP/STM32F429I-Discovery/stm32f429i_discovery.o
LOAD Drivers/BSP/STM32F429I-Discovery/stm32f429i_discovery_eeprom.o
LOAD Drivers/BSP/STM32F429I-Discovery/stm32f429i_discovery_gyroscope.o
LOAD Drivers/BSP/STM32F429I-Discovery/stm32f429i_discovery_io.o
LOAD Drivers/BSP/STM32F429I-Discovery/stm32f429i_discovery_lcd.o
LOAD Drivers/BSP/STM32F429I-Discovery/stm32f429i_discovery_sdram.o
LOAD Drivers/BSP/STM32F429I-Discovery/stm32f429i_discovery_ts.o
LOAD Drivers/STM32F4xx_HAL_Driver/Src/stm32f4xx_hal.o
LOAD Drivers/STM32F4xx_HAL_Driver/Src/stm32f4xx_hal_cortex.o
LOAD Drivers/STM32F4xx_HAL_Driver/Src/stm32f4xx_hal_crc.o
LOAD Drivers/STM32F4xx_HAL_Driver/Src/stm32f4xx_hal_dma.o
LOAD Drivers/STM32F4xx_HAL_Driver/Src/stm32f4xx_hal_dma2d.o
LOAD Drivers/STM32F4xx_HAL_Driver/Src/stm32f4xx_hal_dma_ex.o
LOAD Drivers/STM32F4xx_HAL_Driver/Src/stm32f4xx_hal_dsi.o
LOAD Drivers/STM32F4xx_HAL_Driver/Src/stm32f4xx_hal_exti.o
LOAD Drivers/STM32F4xx_HAL_Driver/Src/stm32f4xx_hal_flash.o
LOAD Drivers/STM32F4xx_HAL_Driver/Src/stm32f4xx_hal_flash_ex.o
LOAD Drivers/STM32F4xx_HAL_Driver/Src/stm32f4xx_hal_flash_ramfunc.o
LOAD Drivers/STM32F4xx_HAL_Driver/Src/stm32f4xx_hal_gpio.o
LOAD Drivers/STM32F4xx_HAL_Driver/Src/stm32f4xx_hal_i2c.o
LOAD Drivers/STM32F4xx_HAL_Driver/Src/stm32f4xx_hal_i2c_ex.o
LOAD Drivers/STM32F4xx_HAL_Driver/Src/stm32f4xx_hal_ltdc.o
LOAD Drivers/STM32F4xx_HAL_Driver/Src/stm32f4xx_hal_ltdc_ex.o
LOAD Drivers/STM32F4xx_HAL_Driver/Src/stm32f4xx_hal_pwr.o
LOAD Drivers/STM32F4xx_HAL_Driver/Src/stm32f4xx_hal_pwr_ex.o
LOAD Drivers/STM32F4xx_HAL_Driver/Src/stm32f4xx_hal_rcc.o
LOAD Drivers/STM32F4xx_HAL_Driver/Src/stm32f4xx_hal_rcc_ex.o
LOAD Drivers/STM32F4xx_HAL_Driver/Src/stm32f4xx_hal_sdram.o
LOAD Drivers/STM32F4xx_HAL_Driver/Src/stm32f4xx_hal_spi.o
LOAD Drivers/STM32F4xx_HAL_Driver/Src/stm32f4xx_hal_tim.o
LOAD Drivers/STM32F4xx_HAL_Driver/Src/stm32f4xx_hal_tim_ex.o
LOAD Drivers/STM32F4xx_HAL_Driver/Src/stm32f4xx_hal_uart.o
LOAD Drivers/STM32F4xx_HAL_Driver/Src/stm32f4xx_ll_fmc.o
LOAD Src/crc.o
LOAD Src/dma2d.o
LOAD Src/fmc.o
LOAD Src/gfxsimulator.o
LOAD Src/gpio.o
LOAD Src/i2c.o
LOAD Src/ltdc.o
LOAD Src/main.o
LOAD Src/spi.o
LOAD Src/stm32f4xx_hal_msp.o
LOAD Src/stm32f4xx_hal_timebase_tim.o
LOAD Src/stm32f4xx_it.o
LOAD Src/syscalls.o
LOAD Src/system_stm32f4xx.o
LOAD Src/tim.o
LOAD Src/usart.o
LOAD startup/startup_stm32f429xx.o
                0x0000000000000080                malloc_getpagesize_P = 0x80
START GROUP
LOAD /opt/Atollic_TrueSTUDIO_for_STM32_x86_64_9.3.0/ARMTools/bin/../lib/gcc/arm-atollic-eabi/6.3.1/../../../../arm-atollic-eabi/lib/armv7e-m/fpu/libc_nano.a
LOAD /opt/Atollic_TrueSTUDIO_for_STM32_x86_64_9.3.0/ARMTools/bin/../lib/gcc/arm-atollic-eabi/6.3.1/../../../../arm-atollic-eabi/lib/armv7e-m/fpu/libm.a
END GROUP
START GROUP
LOAD /opt/Atollic_TrueSTUDIO_for_STM32_x86_64_9.3.0/ARMTools/bin/../lib/gcc/arm-atollic-eabi/6.3.1/armv7e-m/fpu/libgcc.a
LOAD /opt/Atollic_TrueSTUDIO_for_STM32_x86_64_9.3.0/ARMTools/bin/../lib/gcc/arm-atollic-eabi/6.3.1/../../../../arm-atollic-eabi/lib/armv7e-m/fpu/libc_nano.a
END GROUP
START GROUP
LOAD /opt/Atollic_TrueSTUDIO_for_STM32_x86_64_9.3.0/ARMTools/bin/../lib/gcc/arm-atollic-eabi/6.3.1/armv7e-m/fpu/libgcc.a
LOAD /opt/Atollic_TrueSTUDIO_for_STM32_x86_64_9.3.0/ARMTools/bin/../lib/gcc/arm-atollic-eabi/6.3.1/../../../../arm-atollic-eabi/lib/armv7e-m/fpu/libc_nano.a
LOAD /opt/Atollic_TrueSTUDIO_for_STM32_x86_64_9.3.0/ARMTools/bin/../lib/gcc/arm-atollic-eabi/6.3.1/../../../../arm-atollic-eabi/lib/armv7e-m/fpu/libnosys.a
END GROUP
START GROUP
LOAD /opt/Atollic_TrueSTUDIO_for_STM32_x86_64_9.3.0/ARMTools/bin/../lib/gcc/arm-atollic-eabi/6.3.1/armv7e-m/fpu/libgcc.a
LOAD /opt/Atollic_TrueSTUDIO_for_STM32_x86_64_9.3.0/ARMTools/bin/../lib/gcc/arm-atollic-eabi/6.3.1/../../../../arm-atollic-eabi/lib/armv7e-m/fpu/libc_nano.a
LOAD /opt/Atollic_TrueSTUDIO_for_STM32_x86_64_9.3.0/ARMTools/bin/../lib/gcc/arm-atollic-eabi/6.3.1/../../../../arm-atollic-eabi/lib/armv7e-m/fpu/libnosys.a
END GROUP
LOAD /opt/Atollic_TrueSTUDIO_for_STM32_x86_64_9.3.0/ARMTools/bin/../lib/gcc/arm-atollic-eabi/6.3.1/armv7e-m/fpu/crtend.o
LOAD /opt/Atollic_TrueSTUDIO_for_STM32_x86_64_9.3.0/ARMTools/bin/../lib/gcc/arm-atollic-eabi/6.3.1/armv7e-m/fpu/crtn.o
                0x0000000020030000                _estack = 0x20030000
                0x0000000000000200                _Min_Heap_Size = 0x200
                0x0000000000000400                _Min_Stack_Size = 0x400

.isr_vector     0x0000000008000000      0x1ac
                0x0000000008000000                . = ALIGN (0x4)
 *(.isr_vector)
 .isr_vector    0x0000000008000000      0x1ac startup/startup_stm32f429xx.o
                0x0000000008000000                g_pfnVectors
                0x00000000080001ac                . = ALIGN (0x4)

.text           0x00000000080001b0     0xae94
                0x00000000080001b0                . = ALIGN (0x4)
 *(.text)
 .text          0x00000000080001b0       0x40 /opt/Atollic_TrueSTUDIO_for_STM32_x86_64_9.3.0/ARMTools/bin/../lib/gcc/arm-atollic-eabi/6.3.1/armv7e-m/fpu/crtbegin.o
 .text          0x00000000080001f0       0xa0 /opt/Atollic_TrueSTUDIO_for_STM32_x86_64_9.3.0/ARMTools/bin/../lib/gcc/arm-atollic-eabi/6.3.1/../../../../arm-atollic-eabi/lib/armv7e-m/fpu/libc_nano.a(lib_a-memchr.o)
                0x00000000080001f0                memchr
 .text          0x0000000008000290      0x370 /opt/Atollic_TrueSTUDIO_for_STM32_x86_64_9.3.0/ARMTools/bin/../lib/gcc/arm-atollic-eabi/6.3.1/armv7e-m/fpu/libgcc.a(_arm_addsubdf3.o)
                0x0000000008000290                __aeabi_drsub
                0x0000000008000298                __aeabi_dsub
                0x0000000008000298                __subdf3
                0x000000000800029c                __adddf3
                0x000000000800029c                __aeabi_dadd
                0x0000000008000514                __aeabi_ui2d
                0x0000000008000514                __floatunsidf
                0x0000000008000534                __floatsidf
                0x0000000008000534                __aeabi_i2d
                0x0000000008000558                __extendsfdf2
                0x0000000008000558                __aeabi_f2d
                0x0000000008000594                __aeabi_ul2d
                0x0000000008000594                __floatundidf
                0x00000000080005a4                __floatdidf
                0x00000000080005a4                __aeabi_l2d
 .text          0x0000000008000600      0x424 /opt/Atollic_TrueSTUDIO_for_STM32_x86_64_9.3.0/ARMTools/bin/../lib/gcc/arm-atollic-eabi/6.3.1/armv7e-m/fpu/libgcc.a(_arm_muldivdf3.o)
                0x0000000008000600                __aeabi_dmul
                0x0000000008000600                __muldf3
                0x0000000008000854                __aeabi_ddiv
                0x0000000008000854                __divdf3
 .text          0x0000000008000a24       0x50 /opt/Atollic_TrueSTUDIO_for_STM32_x86_64_9.3.0/ARMTools/bin/../lib/gcc/arm-atollic-eabi/6.3.1/armv7e-m/fpu/libgcc.a(_arm_fixdfsi.o)
                0x0000000008000a24                __fixdfsi
                0x0000000008000a24                __aeabi_d2iz
 .text          0x0000000008000a74       0x30 /opt/Atollic_TrueSTUDIO_for_STM32_x86_64_9.3.0/ARMTools/bin/../lib/gcc/arm-atollic-eabi/6.3.1/armv7e-m/fpu/libgcc.a(_aeabi_uldivmod.o)
                0x0000000008000a74                __aeabi_uldivmod
 .text          0x0000000008000aa4      0x2dc /opt/Atollic_TrueSTUDIO_for_STM32_x86_64_9.3.0/ARMTools/bin/../lib/gcc/arm-atollic-eabi/6.3.1/armv7e-m/fpu/libgcc.a(_udivmoddi4.o)
                0x0000000008000aa4                __udivmoddi4
 .text          0x0000000008000d80        0x4 /opt/Atollic_TrueSTUDIO_for_STM32_x86_64_9.3.0/ARMTools/bin/../lib/gcc/arm-atollic-eabi/6.3.1/armv7e-m/fpu/libgcc.a(_dvmd_tls.o)
                0x0000000008000d80                __aeabi_ldiv0
                0x0000000008000d80                __aeabi_idiv0
 *(.text*)
 .text.ili9341_Init
                0x0000000008000d84      0x294 Drivers/BSP/Components/ili9341/ili9341.o
                0x0000000008000d84                ili9341_Init
 .text.ili9341_ReadID
                0x0000000008001018       0x18 Drivers/BSP/Components/ili9341/ili9341.o
                0x0000000008001018                ili9341_ReadID
 .text.ili9341_DisplayOn
                0x0000000008001030        0xe Drivers/BSP/Components/ili9341/ili9341.o
                0x0000000008001030                ili9341_DisplayOn
 .text.ili9341_DisplayOff
                0x000000000800103e        0xe Drivers/BSP/Components/ili9341/ili9341.o
                0x000000000800103e                ili9341_DisplayOff
 .text.ili9341_WriteReg
                0x000000000800104c       0x1a Drivers/BSP/Components/ili9341/ili9341.o
                0x000000000800104c                ili9341_WriteReg
 .text.ili9341_WriteData
                0x0000000008001066       0x1a Drivers/BSP/Components/ili9341/ili9341.o
                0x0000000008001066                ili9341_WriteData
 .text.ili9341_ReadData
                0x0000000008001080       0x26 Drivers/BSP/Components/ili9341/ili9341.o
                0x0000000008001080                ili9341_ReadData
 .text.ili9341_GetLcdPixelWidth
                0x00000000080010a6       0x10 Drivers/BSP/Components/ili9341/ili9341.o
                0x00000000080010a6                ili9341_GetLcdPixelWidth
 .text.ili9341_GetLcdPixelHeight
                0x00000000080010b6       0x12 Drivers/BSP/Components/ili9341/ili9341.o
                0x00000000080010b6                ili9341_GetLcdPixelHeight
 .text.SPIx_Init
                0x00000000080010c8       0x74 Drivers/BSP/STM32F429I-Discovery/stm32f429i_discovery.o
 .text.SPIx_Read
                0x000000000800113c       0x40 Drivers/BSP/STM32F429I-Discovery/stm32f429i_discovery.o
 .text.SPIx_Write
                0x000000000800117c       0x3c Drivers/BSP/STM32F429I-Discovery/stm32f429i_discovery.o
 .text.SPIx_Error
                0x00000000080011b8       0x18 Drivers/BSP/STM32F429I-Discovery/stm32f429i_discovery.o
 .text.SPIx_MspInit
                0x00000000080011d0       0x74 Drivers/BSP/STM32F429I-Discovery/stm32f429i_discovery.o
 .text.LCD_IO_Init
                0x0000000008001244       0xf0 Drivers/BSP/STM32F429I-Discovery/stm32f429i_discovery.o
                0x0000000008001244                LCD_IO_Init
 .text.LCD_IO_WriteData
                0x0000000008001334       0x44 Drivers/BSP/STM32F429I-Discovery/stm32f429i_discovery.o
                0x0000000008001334                LCD_IO_WriteData
 .text.LCD_IO_WriteReg
                0x0000000008001378       0x44 Drivers/BSP/STM32F429I-Discovery/stm32f429i_discovery.o
                0x0000000008001378                LCD_IO_WriteReg
 .text.LCD_IO_ReadData
                0x00000000080013bc       0x64 Drivers/BSP/STM32F429I-Discovery/stm32f429i_discovery.o
                0x00000000080013bc                LCD_IO_ReadData
 .text.LCD_Delay
                0x0000000008001420       0x16 Drivers/BSP/STM32F429I-Discovery/stm32f429i_discovery.o
                0x0000000008001420                LCD_Delay
 *fill*         0x0000000008001436        0x2 
 .text.BSP_LCD_Init
                0x0000000008001438       0xd4 Drivers/BSP/STM32F429I-Discovery/stm32f429i_discovery_lcd.o
                0x0000000008001438                BSP_LCD_Init
 .text.BSP_LCD_GetXSize
                0x000000000800150c       0x18 Drivers/BSP/STM32F429I-Discovery/stm32f429i_discovery_lcd.o
                0x000000000800150c                BSP_LCD_GetXSize
 .text.BSP_LCD_GetYSize
                0x0000000008001524       0x18 Drivers/BSP/STM32F429I-Discovery/stm32f429i_discovery_lcd.o
                0x0000000008001524                BSP_LCD_GetYSize
 .text.BSP_LCD_LayerDefaultInit
                0x000000000800153c       0xc8 Drivers/BSP/STM32F429I-Discovery/stm32f429i_discovery_lcd.o
                0x000000000800153c                BSP_LCD_LayerDefaultInit
 .text.BSP_LCD_SelectLayer
                0x0000000008001604       0x20 Drivers/BSP/STM32F429I-Discovery/stm32f429i_discovery_lcd.o
                0x0000000008001604                BSP_LCD_SelectLayer
 .text.BSP_LCD_SetTextColor
                0x0000000008001624       0x30 Drivers/BSP/STM32F429I-Discovery/stm32f429i_discovery_lcd.o
                0x0000000008001624                BSP_LCD_SetTextColor
 .text.BSP_LCD_SetFont
                0x0000000008001654       0x34 Drivers/BSP/STM32F429I-Discovery/stm32f429i_discovery_lcd.o
                0x0000000008001654                BSP_LCD_SetFont
 .text.BSP_LCD_Clear
                0x0000000008001688       0x50 Drivers/BSP/STM32F429I-Discovery/stm32f429i_discovery_lcd.o
                0x0000000008001688                BSP_LCD_Clear
 .text.BSP_LCD_ClearStringLine
                0x00000000080016d8       0xc8 Drivers/BSP/STM32F429I-Discovery/stm32f429i_discovery_lcd.o
                0x00000000080016d8                BSP_LCD_ClearStringLine
 .text.BSP_LCD_DisplayChar
                0x00000000080017a0       0x88 Drivers/BSP/STM32F429I-Discovery/stm32f429i_discovery_lcd.o
                0x00000000080017a0                BSP_LCD_DisplayChar
 .text.BSP_LCD_DrawHLine
                0x0000000008001828       0x7c Drivers/BSP/STM32F429I-Discovery/stm32f429i_discovery_lcd.o
                0x0000000008001828                BSP_LCD_DrawHLine
 .text.BSP_LCD_DrawCircle
                0x00000000080018a4      0x1e0 Drivers/BSP/STM32F429I-Discovery/stm32f429i_discovery_lcd.o
                0x00000000080018a4                BSP_LCD_DrawCircle
 .text.BSP_LCD_DrawBitmap
                0x0000000008001a84      0x128 Drivers/BSP/STM32F429I-Discovery/stm32f429i_discovery_lcd.o
                0x0000000008001a84                BSP_LCD_DrawBitmap
 .text.BSP_LCD_FillRect
                0x0000000008001bac       0xb4 Drivers/BSP/STM32F429I-Discovery/stm32f429i_discovery_lcd.o
                0x0000000008001bac                BSP_LCD_FillRect
 .text.BSP_LCD_FillCircle
                0x0000000008001c60      0x140 Drivers/BSP/STM32F429I-Discovery/stm32f429i_discovery_lcd.o
                0x0000000008001c60                BSP_LCD_FillCircle
 .text.BSP_LCD_DisplayOn
                0x0000000008001da0       0x20 Drivers/BSP/STM32F429I-Discovery/stm32f429i_discovery_lcd.o
                0x0000000008001da0                BSP_LCD_DisplayOn
 .text.BSP_LCD_MspInit
                0x0000000008001dc0      0x1ac Drivers/BSP/STM32F429I-Discovery/stm32f429i_discovery_lcd.o
                0x0000000008001dc0                BSP_LCD_MspInit
 .text.BSP_LCD_DrawPixel
                0x0000000008001f6c       0x4c Drivers/BSP/STM32F429I-Discovery/stm32f429i_discovery_lcd.o
                0x0000000008001f6c                BSP_LCD_DrawPixel
 .text.DrawChar
                0x0000000008001fb8      0x174 Drivers/BSP/STM32F429I-Discovery/stm32f429i_discovery_lcd.o
 .text.FillBuffer
                0x000000000800212c       0x70 Drivers/BSP/STM32F429I-Discovery/stm32f429i_discovery_lcd.o
 .text.ConvertLineToARGB8888
                0x000000000800219c       0x88 Drivers/BSP/STM32F429I-Discovery/stm32f429i_discovery_lcd.o
 .text.BSP_SDRAM_Init
                0x0000000008002224       0xbc Drivers/BSP/STM32F429I-Discovery/stm32f429i_discovery_sdram.o
                0x0000000008002224                BSP_SDRAM_Init
 .text.BSP_SDRAM_Initialization_sequence
                0x00000000080022e0       0xc0 Drivers/BSP/STM32F429I-Discovery/stm32f429i_discovery_sdram.o
                0x00000000080022e0                BSP_SDRAM_Initialization_sequence
 .text.BSP_SDRAM_MspInit
                0x00000000080023a0      0x218 Drivers/BSP/STM32F429I-Discovery/stm32f429i_discovery_sdram.o
                0x00000000080023a0                BSP_SDRAM_MspInit
 .text.HAL_Init
                0x00000000080025b8       0x44 Drivers/STM32F4xx_HAL_Driver/Src/stm32f4xx_hal.o
                0x00000000080025b8                HAL_Init
 .text.HAL_IncTick
                0x00000000080025fc       0x28 Drivers/STM32F4xx_HAL_Driver/Src/stm32f4xx_hal.o
                0x00000000080025fc                HAL_IncTick
 .text.HAL_GetTick
                0x0000000008002624       0x18 Drivers/STM32F4xx_HAL_Driver/Src/stm32f4xx_hal.o
                0x0000000008002624                HAL_GetTick
 .text.HAL_Delay
                0x000000000800263c       0x44 Drivers/STM32F4xx_HAL_Driver/Src/stm32f4xx_hal.o
                0x000000000800263c                HAL_Delay
 .text.__NVIC_SetPriorityGrouping
                0x0000000008002680       0x48 Drivers/STM32F4xx_HAL_Driver/Src/stm32f4xx_hal_cortex.o
 .text.__NVIC_GetPriorityGrouping
                0x00000000080026c8       0x1c Drivers/STM32F4xx_HAL_Driver/Src/stm32f4xx_hal_cortex.o
 .text.__NVIC_EnableIRQ
                0x00000000080026e4       0x3c Drivers/STM32F4xx_HAL_Driver/Src/stm32f4xx_hal_cortex.o
 .text.__NVIC_SetPriority
                0x0000000008002720       0x54 Drivers/STM32F4xx_HAL_Driver/Src/stm32f4xx_hal_cortex.o
 .text.NVIC_EncodePriority
                0x0000000008002774       0x62 Drivers/STM32F4xx_HAL_Driver/Src/stm32f4xx_hal_cortex.o
 .text.HAL_NVIC_SetPriorityGrouping
                0x00000000080027d6       0x16 Drivers/STM32F4xx_HAL_Driver/Src/stm32f4xx_hal_cortex.o
                0x00000000080027d6                HAL_NVIC_SetPriorityGrouping
 .text.HAL_NVIC_SetPriority
                0x00000000080027ec       0x38 Drivers/STM32F4xx_HAL_Driver/Src/stm32f4xx_hal_cortex.o
                0x00000000080027ec                HAL_NVIC_SetPriority
 .text.HAL_NVIC_EnableIRQ
                0x0000000008002824       0x1c Drivers/STM32F4xx_HAL_Driver/Src/stm32f4xx_hal_cortex.o
                0x0000000008002824                HAL_NVIC_EnableIRQ
 .text.HAL_CRC_Init
                0x0000000008002840       0x3e Drivers/STM32F4xx_HAL_Driver/Src/stm32f4xx_hal_crc.o
                0x0000000008002840                HAL_CRC_Init
 *fill*         0x000000000800287e        0x2 
 .text.HAL_DMA_Init
                0x0000000008002880      0x15c Drivers/STM32F4xx_HAL_Driver/Src/stm32f4xx_hal_dma.o
                0x0000000008002880                HAL_DMA_Init
 .text.HAL_DMA_DeInit
                0x00000000080029dc       0xbc Drivers/STM32F4xx_HAL_Driver/Src/stm32f4xx_hal_dma.o
                0x00000000080029dc                HAL_DMA_DeInit
 .text.DMA_CalcBaseAndBitshift
                0x0000000008002a98       0x6c Drivers/STM32F4xx_HAL_Driver/Src/stm32f4xx_hal_dma.o
 .text.DMA_CheckFifoParam
                0x0000000008002b04       0xf4 Drivers/STM32F4xx_HAL_Driver/Src/stm32f4xx_hal_dma.o
 .text.HAL_DMA2D_Init
                0x0000000008002bf8       0x92 Drivers/STM32F4xx_HAL_Driver/Src/stm32f4xx_hal_dma2d.o
                0x0000000008002bf8                HAL_DMA2D_Init
 .text.HAL_DMA2D_Start
                0x0000000008002c8a       0x56 Drivers/STM32F4xx_HAL_Driver/Src/stm32f4xx_hal_dma2d.o
                0x0000000008002c8a                HAL_DMA2D_Start
 .text.HAL_DMA2D_PollForTransfer
                0x0000000008002ce0      0x1d2 Drivers/STM32F4xx_HAL_Driver/Src/stm32f4xx_hal_dma2d.o
                0x0000000008002ce0                HAL_DMA2D_PollForTransfer
 .text.HAL_DMA2D_IRQHandler
                0x0000000008002eb2      0x1f8 Drivers/STM32F4xx_HAL_Driver/Src/stm32f4xx_hal_dma2d.o
                0x0000000008002eb2                HAL_DMA2D_IRQHandler
 .text.HAL_DMA2D_LineEventCallback
                0x00000000080030aa       0x14 Drivers/STM32F4xx_HAL_Driver/Src/stm32f4xx_hal_dma2d.o
                0x00000000080030aa                HAL_DMA2D_LineEventCallback
 .text.HAL_DMA2D_CLUTLoadingCpltCallback
                0x00000000080030be       0x14 Drivers/STM32F4xx_HAL_Driver/Src/stm32f4xx_hal_dma2d.o
                0x00000000080030be                HAL_DMA2D_CLUTLoadingCpltCallback
 *fill*         0x00000000080030d2        0x2 
 .text.HAL_DMA2D_ConfigLayer
                0x00000000080030d4      0x120 Drivers/STM32F4xx_HAL_Driver/Src/stm32f4xx_hal_dma2d.o
                0x00000000080030d4                HAL_DMA2D_ConfigLayer
 .text.DMA2D_SetConfig
                0x00000000080031f4      0x138 Drivers/STM32F4xx_HAL_Driver/Src/stm32f4xx_hal_dma2d.o
 .text.HAL_GPIO_Init
                0x000000000800332c      0x354 Drivers/STM32F4xx_HAL_Driver/Src/stm32f4xx_hal_gpio.o
                0x000000000800332c                HAL_GPIO_Init
 .text.HAL_GPIO_DeInit
                0x0000000008003680      0x218 Drivers/STM32F4xx_HAL_Driver/Src/stm32f4xx_hal_gpio.o
                0x0000000008003680                HAL_GPIO_DeInit
 .text.HAL_GPIO_ReadPin
                0x0000000008003898       0x30 Drivers/STM32F4xx_HAL_Driver/Src/stm32f4xx_hal_gpio.o
                0x0000000008003898                HAL_GPIO_ReadPin
 .text.HAL_GPIO_WritePin
                0x00000000080038c8       0x32 Drivers/STM32F4xx_HAL_Driver/Src/stm32f4xx_hal_gpio.o
                0x00000000080038c8                HAL_GPIO_WritePin
 *fill*         0x00000000080038fa        0x2 
 .text.HAL_I2C_Init
                0x00000000080038fc      0x250 Drivers/STM32F4xx_HAL_Driver/Src/stm32f4xx_hal_i2c.o
                0x00000000080038fc                HAL_I2C_Init
 .text.HAL_I2CEx_ConfigAnalogFilter
                0x0000000008003b4c       0x78 Drivers/STM32F4xx_HAL_Driver/Src/stm32f4xx_hal_i2c_ex.o
                0x0000000008003b4c                HAL_I2CEx_ConfigAnalogFilter
 .text.HAL_I2CEx_ConfigDigitalFilter
                0x0000000008003bc4       0x7e Drivers/STM32F4xx_HAL_Driver/Src/stm32f4xx_hal_i2c_ex.o
                0x0000000008003bc4                HAL_I2CEx_ConfigDigitalFilter
 *fill*         0x0000000008003c42        0x2 
 .text.HAL_LTDC_Init
                0x0000000008003c44      0x1a0 Drivers/STM32F4xx_HAL_Driver/Src/stm32f4xx_hal_ltdc.o
                0x0000000008003c44                HAL_LTDC_Init
 .text.HAL_LTDC_IRQHandler
                0x0000000008003de4      0x148 Drivers/STM32F4xx_HAL_Driver/Src/stm32f4xx_hal_ltdc.o
                0x0000000008003de4                HAL_LTDC_IRQHandler
 .text.HAL_LTDC_ErrorCallback
                0x0000000008003f2c       0x14 Drivers/STM32F4xx_HAL_Driver/Src/stm32f4xx_hal_ltdc.o
                0x0000000008003f2c                HAL_LTDC_ErrorCallback
 .text.HAL_LTDC_LineEventCallback
                0x0000000008003f40       0x14 Drivers/STM32F4xx_HAL_Driver/Src/stm32f4xx_hal_ltdc.o
                0x0000000008003f40                HAL_LTDC_LineEventCallback
 .text.HAL_LTDC_ReloadEventCallback
                0x0000000008003f54       0x14 Drivers/STM32F4xx_HAL_Driver/Src/stm32f4xx_hal_ltdc.o
                0x0000000008003f54                HAL_LTDC_ReloadEventCallback
 .text.HAL_LTDC_ConfigLayer
                0x0000000008003f68       0x7c Drivers/STM32F4xx_HAL_Driver/Src/stm32f4xx_hal_ltdc.o
                0x0000000008003f68                HAL_LTDC_ConfigLayer
 .text.HAL_LTDC_EnableDither
                0x0000000008003fe4       0x54 Drivers/STM32F4xx_HAL_Driver/Src/stm32f4xx_hal_ltdc.o
                0x0000000008003fe4                HAL_LTDC_EnableDither
 .text.LTDC_SetConfig
                0x0000000008004038      0x342 Drivers/STM32F4xx_HAL_Driver/Src/stm32f4xx_hal_ltdc.o
 *fill*         0x000000000800437a        0x2 
 .text.HAL_PWREx_EnableOverDrive
                0x000000000800437c       0xa0 Drivers/STM32F4xx_HAL_Driver/Src/stm32f4xx_hal_pwr_ex.o
                0x000000000800437c                HAL_PWREx_EnableOverDrive
 .text.HAL_RCC_OscConfig
                0x000000000800441c      0x484 Drivers/STM32F4xx_HAL_Driver/Src/stm32f4xx_hal_rcc.o
                0x000000000800441c                HAL_RCC_OscConfig
 .text.HAL_RCC_ClockConfig
                0x00000000080048a0      0x1c4 Drivers/STM32F4xx_HAL_Driver/Src/stm32f4xx_hal_rcc.o
                0x00000000080048a0                HAL_RCC_ClockConfig
 .text.HAL_RCC_GetSysClockFreq
                0x0000000008004a64      0x1b0 Drivers/STM32F4xx_HAL_Driver/Src/stm32f4xx_hal_rcc.o
                0x0000000008004a64                HAL_RCC_GetSysClockFreq
 .text.HAL_RCC_GetHCLKFreq
                0x0000000008004c14       0x18 Drivers/STM32F4xx_HAL_Driver/Src/stm32f4xx_hal_rcc.o
                0x0000000008004c14                HAL_RCC_GetHCLKFreq
 .text.HAL_RCC_GetPCLK1Freq
                0x0000000008004c2c       0x28 Drivers/STM32F4xx_HAL_Driver/Src/stm32f4xx_hal_rcc.o
                0x0000000008004c2c                HAL_RCC_GetPCLK1Freq
 .text.HAL_RCC_GetPCLK2Freq
                0x0000000008004c54       0x28 Drivers/STM32F4xx_HAL_Driver/Src/stm32f4xx_hal_rcc.o
                0x0000000008004c54                HAL_RCC_GetPCLK2Freq
 .text.HAL_RCC_GetClockConfig
                0x0000000008004c7c       0x64 Drivers/STM32F4xx_HAL_Driver/Src/stm32f4xx_hal_rcc.o
                0x0000000008004c7c                HAL_RCC_GetClockConfig
 .text.HAL_RCCEx_PeriphCLKConfig
                0x0000000008004ce0      0x348 Drivers/STM32F4xx_HAL_Driver/Src/stm32f4xx_hal_rcc_ex.o
                0x0000000008004ce0                HAL_RCCEx_PeriphCLKConfig
 .text.HAL_SDRAM_Init
                0x0000000008005028       0x68 Drivers/STM32F4xx_HAL_Driver/Src/stm32f4xx_hal_sdram.o
                0x0000000008005028                HAL_SDRAM_Init
 .text.HAL_SDRAM_SendCommand
                0x0000000008005090       0x56 Drivers/STM32F4xx_HAL_Driver/Src/stm32f4xx_hal_sdram.o
                0x0000000008005090                HAL_SDRAM_SendCommand
 .text.HAL_SDRAM_ProgramRefreshRate
                0x00000000080050e6       0x40 Drivers/STM32F4xx_HAL_Driver/Src/stm32f4xx_hal_sdram.o
                0x00000000080050e6                HAL_SDRAM_ProgramRefreshRate
 .text.HAL_SPI_Init
                0x0000000008005126       0xc6 Drivers/STM32F4xx_HAL_Driver/Src/stm32f4xx_hal_spi.o
                0x0000000008005126                HAL_SPI_Init
 .text.HAL_SPI_DeInit
                0x00000000080051ec       0x50 Drivers/STM32F4xx_HAL_Driver/Src/stm32f4xx_hal_spi.o
                0x00000000080051ec                HAL_SPI_DeInit
 .text.HAL_SPI_Transmit
                0x000000000800523c      0x264 Drivers/STM32F4xx_HAL_Driver/Src/stm32f4xx_hal_spi.o
                0x000000000800523c                HAL_SPI_Transmit
 .text.HAL_SPI_Receive
                0x00000000080054a0      0x20c Drivers/STM32F4xx_HAL_Driver/Src/stm32f4xx_hal_spi.o
                0x00000000080054a0                HAL_SPI_Receive
 .text.HAL_SPI_TransmitReceive
                0x00000000080056ac      0x340 Drivers/STM32F4xx_HAL_Driver/Src/stm32f4xx_hal_spi.o
                0x00000000080056ac                HAL_SPI_TransmitReceive
 .text.HAL_SPI_GetState
                0x00000000080059ec       0x1c Drivers/STM32F4xx_HAL_Driver/Src/stm32f4xx_hal_spi.o
                0x00000000080059ec                HAL_SPI_GetState
 .text.SPI_WaitFlagStateUntilTimeout
                0x0000000008005a08       0xd4 Drivers/STM32F4xx_HAL_Driver/Src/stm32f4xx_hal_spi.o
 .text.SPI_EndRxTransaction
                0x0000000008005adc       0x6a Drivers/STM32F4xx_HAL_Driver/Src/stm32f4xx_hal_spi.o
 .text.SPI_EndRxTxTransaction
                0x0000000008005b46       0x3c Drivers/STM32F4xx_HAL_Driver/Src/stm32f4xx_hal_spi.o
 .text.HAL_TIM_Base_Init
                0x0000000008005b82       0x56 Drivers/STM32F4xx_HAL_Driver/Src/stm32f4xx_hal_tim.o
                0x0000000008005b82                HAL_TIM_Base_Init
 .text.HAL_TIM_Base_Start_IT
                0x0000000008005bd8       0x48 Drivers/STM32F4xx_HAL_Driver/Src/stm32f4xx_hal_tim.o
                0x0000000008005bd8                HAL_TIM_Base_Start_IT
 .text.HAL_TIM_IRQHandler
                0x0000000008005c20      0x210 Drivers/STM32F4xx_HAL_Driver/Src/stm32f4xx_hal_tim.o
                0x0000000008005c20                HAL_TIM_IRQHandler
 .text.HAL_TIM_ConfigClockSource
                0x0000000008005e30      0x16e Drivers/STM32F4xx_HAL_Driver/Src/stm32f4xx_hal_tim.o
                0x0000000008005e30                HAL_TIM_ConfigClockSource
 .text.HAL_TIM_OC_DelayElapsedCallback
                0x0000000008005f9e       0x14 Drivers/STM32F4xx_HAL_Driver/Src/stm32f4xx_hal_tim.o
                0x0000000008005f9e                HAL_TIM_OC_DelayElapsedCallback
 .text.HAL_TIM_IC_CaptureCallback
                0x0000000008005fb2       0x14 Drivers/STM32F4xx_HAL_Driver/Src/stm32f4xx_hal_tim.o
                0x0000000008005fb2                HAL_TIM_IC_CaptureCallback
 .text.HAL_TIM_PWM_PulseFinishedCallback
                0x0000000008005fc6       0x14 Drivers/STM32F4xx_HAL_Driver/Src/stm32f4xx_hal_tim.o
                0x0000000008005fc6                HAL_TIM_PWM_PulseFinishedCallback
 .text.HAL_TIM_TriggerCallback
                0x0000000008005fda       0x14 Drivers/STM32F4xx_HAL_Driver/Src/stm32f4xx_hal_tim.o
                0x0000000008005fda                HAL_TIM_TriggerCallback
 *fill*         0x0000000008005fee        0x2 
 .text.TIM_Base_SetConfig
                0x0000000008005ff0      0x140 Drivers/STM32F4xx_HAL_Driver/Src/stm32f4xx_hal_tim.o
                0x0000000008005ff0                TIM_Base_SetConfig
 .text.TIM_TI1_ConfigInputStage
                0x0000000008006130       0x5e Drivers/STM32F4xx_HAL_Driver/Src/stm32f4xx_hal_tim.o
 .text.TIM_TI2_ConfigInputStage
                0x000000000800618e       0x60 Drivers/STM32F4xx_HAL_Driver/Src/stm32f4xx_hal_tim.o
 .text.TIM_ITRx_SetConfig
                0x00000000080061ee       0x36 Drivers/STM32F4xx_HAL_Driver/Src/stm32f4xx_hal_tim.o
 .text.TIM_ETR_SetConfig
                0x0000000008006224       0x40 Drivers/STM32F4xx_HAL_Driver/Src/stm32f4xx_hal_tim.o
                0x0000000008006224                TIM_ETR_SetConfig
 .text.HAL_TIMEx_MasterConfigSynchronization
                0x0000000008006264       0x8a Drivers/STM32F4xx_HAL_Driver/Src/stm32f4xx_hal_tim_ex.o
                0x0000000008006264                HAL_TIMEx_MasterConfigSynchronization
 .text.HAL_TIMEx_CommutCallback
                0x00000000080062ee       0x14 Drivers/STM32F4xx_HAL_Driver/Src/stm32f4xx_hal_tim_ex.o
                0x00000000080062ee                HAL_TIMEx_CommutCallback
 .text.HAL_TIMEx_BreakCallback
                0x0000000008006302       0x14 Drivers/STM32F4xx_HAL_Driver/Src/stm32f4xx_hal_tim_ex.o
                0x0000000008006302                HAL_TIMEx_BreakCallback
 .text.HAL_UART_Init
                0x0000000008006316       0x9a Drivers/STM32F4xx_HAL_Driver/Src/stm32f4xx_hal_uart.o
                0x0000000008006316                HAL_UART_Init
 .text.HAL_UART_Transmit
                0x00000000080063b0      0x130 Drivers/STM32F4xx_HAL_Driver/Src/stm32f4xx_hal_uart.o
                0x00000000080063b0                HAL_UART_Transmit
 .text.UART_WaitOnFlagUntilTimeout
                0x00000000080064e0       0x94 Drivers/STM32F4xx_HAL_Driver/Src/stm32f4xx_hal_uart.o
 .text.UART_SetConfig
                0x0000000008006574      0x414 Drivers/STM32F4xx_HAL_Driver/Src/stm32f4xx_hal_uart.o
 .text.FMC_SDRAM_Init
                0x0000000008006988       0xe6 Drivers/STM32F4xx_HAL_Driver/Src/stm32f4xx_ll_fmc.o
                0x0000000008006988                FMC_SDRAM_Init
 .text.FMC_SDRAM_Timing_Init
                0x0000000008006a6e       0xfe Drivers/STM32F4xx_HAL_Driver/Src/stm32f4xx_ll_fmc.o
                0x0000000008006a6e                FMC_SDRAM_Timing_Init
 .text.FMC_SDRAM_SendCommand
                0x0000000008006b6c       0x78 Drivers/STM32F4xx_HAL_Driver/Src/stm32f4xx_ll_fmc.o
                0x0000000008006b6c                FMC_SDRAM_SendCommand
 .text.FMC_SDRAM_ProgramRefreshRate
                0x0000000008006be4       0x26 Drivers/STM32F4xx_HAL_Driver/Src/stm32f4xx_ll_fmc.o
                0x0000000008006be4                FMC_SDRAM_ProgramRefreshRate
 *fill*         0x0000000008006c0a        0x2 
 .text.MX_CRC_Init
                0x0000000008006c0c       0x28 Src/crc.o
                0x0000000008006c0c                MX_CRC_Init
 .text.HAL_CRC_MspInit
                0x0000000008006c34       0x44 Src/crc.o
                0x0000000008006c34                HAL_CRC_MspInit
 .text.MX_DMA2D_Init
                0x0000000008006c78       0x64 Src/dma2d.o
                0x0000000008006c78                MX_DMA2D_Init
 .text.HAL_DMA2D_MspInit
                0x0000000008006cdc       0x50 Src/dma2d.o
                0x0000000008006cdc                HAL_DMA2D_MspInit
 .text.MX_FMC_Init
                0x0000000008006d2c       0x90 Src/fmc.o
                0x0000000008006d2c                MX_FMC_Init
 .text.HAL_FMC_MspInit
                0x0000000008006dbc      0x118 Src/fmc.o
 .text.HAL_SDRAM_MspInit
                0x0000000008006ed4       0x14 Src/fmc.o
                0x0000000008006ed4                HAL_SDRAM_MspInit
 .text.MX_GFXSIMULATOR_Init
                0x0000000008006ee8        0xe Src/gfxsimulator.o
                0x0000000008006ee8                MX_GFXSIMULATOR_Init
 *fill*         0x0000000008006ef6        0x2 
 .text.MX_GPIO_Init
                0x0000000008006ef8      0x238 Src/gpio.o
                0x0000000008006ef8                MX_GPIO_Init
 .text.MX_I2C3_Init
                0x0000000008007130       0x80 Src/i2c.o
                0x0000000008007130                MX_I2C3_Init
 .text.HAL_I2C_MspInit
                0x00000000080071b0       0xd4 Src/i2c.o
                0x00000000080071b0                HAL_I2C_MspInit
 .text.MX_LTDC_Init
                0x0000000008007284      0x100 Src/ltdc.o
                0x0000000008007284                MX_LTDC_Init
 .text.HAL_LTDC_MspInit
                0x0000000008007384      0x22c Src/ltdc.o
                0x0000000008007384                HAL_LTDC_MspInit
 .text.spi5_sendrecv
                0x00000000080075b0       0x2c Src/main.o
                0x00000000080075b0                spi5_sendrecv
 .text.SPI5_read
                0x00000000080075dc       0x44 Src/main.o
                0x00000000080075dc                SPI5_read
 .text.SPI5_write
                0x0000000008007620       0x44 Src/main.o
                0x0000000008007620                SPI5_write
 .text.OurL3GD20_Init
                0x0000000008007664       0x3a Src/main.o
                0x0000000008007664                OurL3GD20_Init
 *fill*         0x000000000800769e        0x2 
 .text.OurL3GD20_Read
                0x00000000080076a0       0xd4 Src/main.o
                0x00000000080076a0                OurL3GD20_Read
 .text.send_char
                0x0000000008007774       0x24 Src/main.o
                0x0000000008007774                send_char
 .text.__io_putchar
                0x0000000008007798       0x1c Src/main.o
                0x0000000008007798                __io_putchar
 .text.main     0x00000000080077b4      0x578 Src/main.o
                0x00000000080077b4                main
 .text.SystemClock_Config
                0x0000000008007d2c      0x114 Src/main.o
                0x0000000008007d2c                SystemClock_Config
 .text.HAL_TIM_PeriodElapsedCallback
                0x0000000008007e40     0x1ba8 Src/main.o
                0x0000000008007e40                HAL_TIM_PeriodElapsedCallback
 .text.Error_Handler
                0x00000000080099e8        0xe Src/main.o
                0x00000000080099e8                Error_Handler
 *fill*         0x00000000080099f6        0x2 
 .text.MX_SPI5_Init
                0x00000000080099f8       0x6c Src/spi.o
                0x00000000080099f8                MX_SPI5_Init
 .text.HAL_SPI_MspInit
                0x0000000008009a64       0x90 Src/spi.o
                0x0000000008009a64                HAL_SPI_MspInit
 .text.HAL_SPI_MspDeInit
                0x0000000008009af4       0x3c Src/spi.o
                0x0000000008009af4                HAL_SPI_MspDeInit
 .text.HAL_MspInit
                0x0000000008009b30       0x50 Src/stm32f4xx_hal_msp.o
                0x0000000008009b30                HAL_MspInit
 .text.HAL_InitTick
                0x0000000008009b80       0xb4 Src/stm32f4xx_hal_timebase_tim.o
                0x0000000008009b80                HAL_InitTick
 .text.NMI_Handler
                0x0000000008009c34        0xe Src/stm32f4xx_it.o
                0x0000000008009c34                NMI_Handler
 .text.HardFault_Handler
                0x0000000008009c42        0x6 Src/stm32f4xx_it.o
                0x0000000008009c42                HardFault_Handler
 .text.MemManage_Handler
                0x0000000008009c48        0x6 Src/stm32f4xx_it.o
                0x0000000008009c48                MemManage_Handler
 .text.BusFault_Handler
                0x0000000008009c4e        0x6 Src/stm32f4xx_it.o
                0x0000000008009c4e                BusFault_Handler
 .text.UsageFault_Handler
                0x0000000008009c54        0x6 Src/stm32f4xx_it.o
                0x0000000008009c54                UsageFault_Handler
 .text.SVC_Handler
                0x0000000008009c5a        0xe Src/stm32f4xx_it.o
                0x0000000008009c5a                SVC_Handler
 .text.DebugMon_Handler
                0x0000000008009c68        0xe Src/stm32f4xx_it.o
                0x0000000008009c68                DebugMon_Handler
 .text.PendSV_Handler
                0x0000000008009c76        0xe Src/stm32f4xx_it.o
                0x0000000008009c76                PendSV_Handler
 .text.TIM1_UP_TIM10_IRQHandler
                0x0000000008009c84       0x1c Src/stm32f4xx_it.o
                0x0000000008009c84                TIM1_UP_TIM10_IRQHandler
 .text.TIM1_TRG_COM_TIM11_IRQHandler
                0x0000000008009ca0       0x1c Src/stm32f4xx_it.o
                0x0000000008009ca0                TIM1_TRG_COM_TIM11_IRQHandler
 .text.TIM6_DAC_IRQHandler
                0x0000000008009cbc       0x14 Src/stm32f4xx_it.o
                0x0000000008009cbc                TIM6_DAC_IRQHandler
 .text.LTDC_IRQHandler
                0x0000000008009cd0       0x14 Src/stm32f4xx_it.o
                0x0000000008009cd0                LTDC_IRQHandler
 .text.DMA2D_IRQHandler
                0x0000000008009ce4       0x14 Src/stm32f4xx_it.o
                0x0000000008009ce4                DMA2D_IRQHandler
 .text._read    0x0000000008009cf8       0x3a Src/syscalls.o
                0x0000000008009cf8                _read
 .text._write   0x0000000008009d32       0x38 Src/syscalls.o
                0x0000000008009d32                _write
 *fill*         0x0000000008009d6a        0x2 
 .text._sbrk    0x0000000008009d6c       0x58 Src/syscalls.o
                0x0000000008009d6c                _sbrk
 .text._close   0x0000000008009dc4       0x18 Src/syscalls.o
                0x0000000008009dc4                _close
 .text._fstat   0x0000000008009ddc       0x20 Src/syscalls.o
                0x0000000008009ddc                _fstat
 .text._isatty  0x0000000008009dfc       0x16 Src/syscalls.o
                0x0000000008009dfc                _isatty
 .text._lseek   0x0000000008009e12       0x1a Src/syscalls.o
                0x0000000008009e12                _lseek
 .text.SystemInit
                0x0000000008009e2c       0x6c Src/system_stm32f4xx.o
                0x0000000008009e2c                SystemInit
 .text.MX_TIM1_Init
                0x0000000008009e98       0xa0 Src/tim.o
                0x0000000008009e98                MX_TIM1_Init
 .text.MX_TIM10_Init
                0x0000000008009f38       0x48 Src/tim.o
                0x0000000008009f38                MX_TIM10_Init
 .text.MX_TIM11_Init
                0x0000000008009f80       0x48 Src/tim.o
                0x0000000008009f80                MX_TIM11_Init
 .text.HAL_TIM_Base_MspInit
                0x0000000008009fc8       0xd8 Src/tim.o
                0x0000000008009fc8                HAL_TIM_Base_MspInit
 .text.MX_USART1_UART_Init
                0x000000000800a0a0       0x54 Src/usart.o
                0x000000000800a0a0                MX_USART1_UART_Init
 .text.HAL_UART_MspInit
                0x000000000800a0f4       0x90 Src/usart.o
                0x000000000800a0f4                HAL_UART_MspInit
 .text.Reset_Handler
                0x000000000800a184       0x50 startup/startup_stm32f429xx.o
                0x000000000800a184                Reset_Handler
 .text.Default_Handler
                0x000000000800a1d4        0x2 startup/startup_stm32f429xx.o
                0x000000000800a1d4                RTC_Alarm_IRQHandler
                0x000000000800a1d4                HASH_RNG_IRQHandler
                0x000000000800a1d4                EXTI2_IRQHandler
                0x000000000800a1d4                TIM8_CC_IRQHandler
                0x000000000800a1d4                UART8_IRQHandler
                0x000000000800a1d4                SPI4_IRQHandler
                0x000000000800a1d4                TIM1_CC_IRQHandler
                0x000000000800a1d4                DMA2_Stream5_IRQHandler
                0x000000000800a1d4                DMA1_Stream5_IRQHandler
                0x000000000800a1d4                SysTick_Handler
                0x000000000800a1d4                PVD_IRQHandler
                0x000000000800a1d4                SDIO_IRQHandler
                0x000000000800a1d4                TAMP_STAMP_IRQHandler
                0x000000000800a1d4                CAN2_RX1_IRQHandler
                0x000000000800a1d4                EXTI3_IRQHandler
                0x000000000800a1d4                TIM8_TRG_COM_TIM14_IRQHandler
                0x000000000800a1d4                TIM8_UP_TIM13_IRQHandler
                0x000000000800a1d4                I2C3_ER_IRQHandler
                0x000000000800a1d4                EXTI0_IRQHandler
                0x000000000800a1d4                I2C2_EV_IRQHandler
                0x000000000800a1d4                DMA1_Stream2_IRQHandler
                0x000000000800a1d4                CAN1_RX0_IRQHandler
                0x000000000800a1d4                FPU_IRQHandler
                0x000000000800a1d4                OTG_HS_WKUP_IRQHandler
                0x000000000800a1d4                LTDC_ER_IRQHandler
                0x000000000800a1d4                CAN2_SCE_IRQHandler
                0x000000000800a1d4                DMA2_Stream2_IRQHandler
                0x000000000800a1d4                SPI1_IRQHandler
                0x000000000800a1d4                TIM1_BRK_TIM9_IRQHandler
                0x000000000800a1d4                DCMI_IRQHandler
                0x000000000800a1d4                CAN2_RX0_IRQHandler
                0x000000000800a1d4                DMA2_Stream3_IRQHandler
                0x000000000800a1d4                USART6_IRQHandler
                0x000000000800a1d4                USART3_IRQHandler
                0x000000000800a1d4                CAN1_RX1_IRQHandler
                0x000000000800a1d4                UART5_IRQHandler
                0x000000000800a1d4                DMA2_Stream0_IRQHandler
                0x000000000800a1d4                TIM4_IRQHandler
                0x000000000800a1d4                I2C1_EV_IRQHandler
                0x000000000800a1d4                DMA1_Stream6_IRQHandler
                0x000000000800a1d4                DMA1_Stream1_IRQHandler
                0x000000000800a1d4                UART4_IRQHandler
                0x000000000800a1d4                TIM3_IRQHandler
                0x000000000800a1d4                RCC_IRQHandler
                0x000000000800a1d4                TIM8_BRK_TIM12_IRQHandler
                0x000000000800a1d4                Default_Handler
                0x000000000800a1d4                EXTI15_10_IRQHandler
                0x000000000800a1d4                ADC_IRQHandler
                0x000000000800a1d4                DMA1_Stream7_IRQHandler
                0x000000000800a1d4                SPI5_IRQHandler
                0x000000000800a1d4                TIM7_IRQHandler
                0x000000000800a1d4                CAN2_TX_IRQHandler
                0x000000000800a1d4                TIM5_IRQHandler
                0x000000000800a1d4                DMA2_Stream7_IRQHandler
                0x000000000800a1d4                I2C3_EV_IRQHandler
                0x000000000800a1d4                EXTI9_5_IRQHandler
                0x000000000800a1d4                RTC_WKUP_IRQHandler
                0x000000000800a1d4                ETH_WKUP_IRQHandler
                0x000000000800a1d4                SPI2_IRQHandler
                0x000000000800a1d4                OTG_HS_EP1_IN_IRQHandler
                0x000000000800a1d4                DMA1_Stream0_IRQHandler
                0x000000000800a1d4                CAN1_TX_IRQHandler
                0x000000000800a1d4                EXTI4_IRQHandler
                0x000000000800a1d4                ETH_IRQHandler
                0x000000000800a1d4                OTG_HS_EP1_OUT_IRQHandler
                0x000000000800a1d4                WWDG_IRQHandler
                0x000000000800a1d4                SPI6_IRQHandler
                0x000000000800a1d4                TIM2_IRQHandler
                0x000000000800a1d4                OTG_FS_WKUP_IRQHandler
                0x000000000800a1d4                OTG_HS_IRQHandler
                0x000000000800a1d4                EXTI1_IRQHandler
                0x000000000800a1d4                UART7_IRQHandler
                0x000000000800a1d4                USART2_IRQHandler
                0x000000000800a1d4                I2C2_ER_IRQHandler
                0x000000000800a1d4                DMA2_Stream1_IRQHandler
                0x000000000800a1d4                CAN1_SCE_IRQHandler
                0x000000000800a1d4                FLASH_IRQHandler
                0x000000000800a1d4                DMA2_Stream4_IRQHandler
                0x000000000800a1d4                USART1_IRQHandler
                0x000000000800a1d4                OTG_FS_IRQHandler
                0x000000000800a1d4                SPI3_IRQHandler
                0x000000000800a1d4                DMA1_Stream4_IRQHandler
                0x000000000800a1d4                I2C1_ER_IRQHandler
                0x000000000800a1d4                FMC_IRQHandler
                0x000000000800a1d4                DMA2_Stream6_IRQHandler
                0x000000000800a1d4                SAI1_IRQHandler
                0x000000000800a1d4                DMA1_Stream3_IRQHandler
 *fill*         0x000000000800a1d6        0x2 
 .text.__errno  0x000000000800a1d8        0xc /opt/Atollic_TrueSTUDIO_for_STM32_x86_64_9.3.0/ARMTools/bin/../lib/gcc/arm-atollic-eabi/6.3.1/../../../../arm-atollic-eabi/lib/armv7e-m/fpu/libc_nano.a(lib_a-errno.o)
                0x000000000800a1d8                __errno
 .text.__libc_init_array
                0x000000000800a1e4       0x48 /opt/Atollic_TrueSTUDIO_for_STM32_x86_64_9.3.0/ARMTools/bin/../lib/gcc/arm-atollic-eabi/6.3.1/../../../../arm-atollic-eabi/lib/armv7e-m/fpu/libc_nano.a(lib_a-init.o)
                0x000000000800a1e4                __libc_init_array
 .text.memset   0x000000000800a22c       0x10 /opt/Atollic_TrueSTUDIO_for_STM32_x86_64_9.3.0/ARMTools/bin/../lib/gcc/arm-atollic-eabi/6.3.1/../../../../arm-atollic-eabi/lib/armv7e-m/fpu/libc_nano.a(lib_a-memset.o)
                0x000000000800a22c                memset
 .text.printf   0x000000000800a23c       0x30 /opt/Atollic_TrueSTUDIO_for_STM32_x86_64_9.3.0/ARMTools/bin/../lib/gcc/arm-atollic-eabi/6.3.1/../../../../arm-atollic-eabi/lib/armv7e-m/fpu/libc_nano.a(lib_a-printf.o)
                0x000000000800a23c                printf
                0x000000000800a23c                iprintf
 .text._cleanup_r
                0x000000000800a26c        0xc /opt/Atollic_TrueSTUDIO_for_STM32_x86_64_9.3.0/ARMTools/bin/../lib/gcc/arm-atollic-eabi/6.3.1/../../../../arm-atollic-eabi/lib/armv7e-m/fpu/libc_nano.a(lib_a-findfp.o)
                0x000000000800a26c                _cleanup_r
 .text.std.isra.0
                0x000000000800a278       0x48 /opt/Atollic_TrueSTUDIO_for_STM32_x86_64_9.3.0/ARMTools/bin/../lib/gcc/arm-atollic-eabi/6.3.1/../../../../arm-atollic-eabi/lib/armv7e-m/fpu/libc_nano.a(lib_a-findfp.o)
 .text.__sfmoreglue
                0x000000000800a2c0       0x2c /opt/Atollic_TrueSTUDIO_for_STM32_x86_64_9.3.0/ARMTools/bin/../lib/gcc/arm-atollic-eabi/6.3.1/../../../../arm-atollic-eabi/lib/armv7e-m/fpu/libc_nano.a(lib_a-findfp.o)
                0x000000000800a2c0                __sfmoreglue
 .text.__sinit  0x000000000800a2ec       0x60 /opt/Atollic_TrueSTUDIO_for_STM32_x86_64_9.3.0/ARMTools/bin/../lib/gcc/arm-atollic-eabi/6.3.1/../../../../arm-atollic-eabi/lib/armv7e-m/fpu/libc_nano.a(lib_a-findfp.o)
                0x000000000800a2ec                __sinit
 .text.__sfp    0x000000000800a34c       0x78 /opt/Atollic_TrueSTUDIO_for_STM32_x86_64_9.3.0/ARMTools/bin/../lib/gcc/arm-atollic-eabi/6.3.1/../../../../arm-atollic-eabi/lib/armv7e-m/fpu/libc_nano.a(lib_a-findfp.o)
                0x000000000800a34c                __sfp
 .text._fwalk_reent
                0x000000000800a3c4       0x3c /opt/Atollic_TrueSTUDIO_for_STM32_x86_64_9.3.0/ARMTools/bin/../lib/gcc/arm-atollic-eabi/6.3.1/../../../../arm-atollic-eabi/lib/armv7e-m/fpu/libc_nano.a(lib_a-fwalk.o)
                0x000000000800a3c4                _fwalk_reent
 .text._malloc_r
                0x000000000800a400       0xbc /opt/Atollic_TrueSTUDIO_for_STM32_x86_64_9.3.0/ARMTools/bin/../lib/gcc/arm-atollic-eabi/6.3.1/../../../../arm-atollic-eabi/lib/armv7e-m/fpu/libc_nano.a(lib_a-nano-mallocr.o)
                0x000000000800a400                _malloc_r
 .text.__sfputc_r
                0x000000000800a4bc       0x30 /opt/Atollic_TrueSTUDIO_for_STM32_x86_64_9.3.0/ARMTools/bin/../lib/gcc/arm-atollic-eabi/6.3.1/../../../../arm-atollic-eabi/lib/armv7e-m/fpu/libc_nano.a(lib_a-nano-vfprintf.o)
 .text.__sfputs_r
                0x000000000800a4ec       0x24 /opt/Atollic_TrueSTUDIO_for_STM32_x86_64_9.3.0/ARMTools/bin/../lib/gcc/arm-atollic-eabi/6.3.1/../../../../arm-atollic-eabi/lib/armv7e-m/fpu/libc_nano.a(lib_a-nano-vfprintf.o)
                0x000000000800a4ec                __sfputs_r
 .text._vfprintf_r
                0x000000000800a510      0x22c /opt/Atollic_TrueSTUDIO_for_STM32_x86_64_9.3.0/ARMTools/bin/../lib/gcc/arm-atollic-eabi/6.3.1/../../../../arm-atollic-eabi/lib/armv7e-m/fpu/libc_nano.a(lib_a-nano-vfprintf.o)
                0x000000000800a510                _vfiprintf_r
                0x000000000800a510                _vfprintf_r
 .text._printf_common
                0x000000000800a73c       0xec /opt/Atollic_TrueSTUDIO_for_STM32_x86_64_9.3.0/ARMTools/bin/../lib/gcc/arm-atollic-eabi/6.3.1/../../../../arm-atollic-eabi/lib/armv7e-m/fpu/libc_nano.a(lib_a-nano-vfprintf_i.o)
                0x000000000800a73c                _printf_common
 .text._printf_i
                0x000000000800a828      0x240 /opt/Atollic_TrueSTUDIO_for_STM32_x86_64_9.3.0/ARMTools/bin/../lib/gcc/arm-atollic-eabi/6.3.1/../../../../arm-atollic-eabi/lib/armv7e-m/fpu/libc_nano.a(lib_a-nano-vfprintf_i.o)
                0x000000000800a828                _printf_i
 .text._sbrk_r  0x000000000800aa68       0x20 /opt/Atollic_TrueSTUDIO_for_STM32_x86_64_9.3.0/ARMTools/bin/../lib/gcc/arm-atollic-eabi/6.3.1/../../../../arm-atollic-eabi/lib/armv7e-m/fpu/libc_nano.a(lib_a-sbrkr.o)
                0x000000000800aa68                _sbrk_r
 .text.__sread  0x000000000800aa88       0x22 /opt/Atollic_TrueSTUDIO_for_STM32_x86_64_9.3.0/ARMTools/bin/../lib/gcc/arm-atollic-eabi/6.3.1/../../../../arm-atollic-eabi/lib/armv7e-m/fpu/libc_nano.a(lib_a-stdio.o)
                0x000000000800aa88                __sread
 .text.__swrite
                0x000000000800aaaa       0x38 /opt/Atollic_TrueSTUDIO_for_STM32_x86_64_9.3.0/ARMTools/bin/../lib/gcc/arm-atollic-eabi/6.3.1/../../../../arm-atollic-eabi/lib/armv7e-m/fpu/libc_nano.a(lib_a-stdio.o)
                0x000000000800aaaa                __swrite
 .text.__sseek  0x000000000800aae2       0x24 /opt/Atollic_TrueSTUDIO_for_STM32_x86_64_9.3.0/ARMTools/bin/../lib/gcc/arm-atollic-eabi/6.3.1/../../../../arm-atollic-eabi/lib/armv7e-m/fpu/libc_nano.a(lib_a-stdio.o)
                0x000000000800aae2                __sseek
 .text.__sclose
                0x000000000800ab06        0x8 /opt/Atollic_TrueSTUDIO_for_STM32_x86_64_9.3.0/ARMTools/bin/../lib/gcc/arm-atollic-eabi/6.3.1/../../../../arm-atollic-eabi/lib/armv7e-m/fpu/libc_nano.a(lib_a-stdio.o)
                0x000000000800ab06                __sclose
 *fill*         0x000000000800ab0e        0x2 
 .text.__swbuf_r
                0x000000000800ab10       0xa4 /opt/Atollic_TrueSTUDIO_for_STM32_x86_64_9.3.0/ARMTools/bin/../lib/gcc/arm-atollic-eabi/6.3.1/../../../../arm-atollic-eabi/lib/armv7e-m/fpu/libc_nano.a(lib_a-wbuf.o)
                0x000000000800ab10                __swbuf_r
 .text._write_r
                0x000000000800abb4       0x24 /opt/Atollic_TrueSTUDIO_for_STM32_x86_64_9.3.0/ARMTools/bin/../lib/gcc/arm-atollic-eabi/6.3.1/../../../../arm-atollic-eabi/lib/armv7e-m/fpu/libc_nano.a(lib_a-writer.o)
                0x000000000800abb4                _write_r
 .text.__swsetup_r
                0x000000000800abd8       0xdc /opt/Atollic_TrueSTUDIO_for_STM32_x86_64_9.3.0/ARMTools/bin/../lib/gcc/arm-atollic-eabi/6.3.1/../../../../arm-atollic-eabi/lib/armv7e-m/fpu/libc_nano.a(lib_a-wsetup.o)
                0x000000000800abd8                __swsetup_r
 .text._close_r
                0x000000000800acb4       0x20 /opt/Atollic_TrueSTUDIO_for_STM32_x86_64_9.3.0/ARMTools/bin/../lib/gcc/arm-atollic-eabi/6.3.1/../../../../arm-atollic-eabi/lib/armv7e-m/fpu/libc_nano.a(lib_a-closer.o)
                0x000000000800acb4                _close_r
 .text.__sflush_r
                0x000000000800acd4      0x110 /opt/Atollic_TrueSTUDIO_for_STM32_x86_64_9.3.0/ARMTools/bin/../lib/gcc/arm-atollic-eabi/6.3.1/../../../../arm-atollic-eabi/lib/armv7e-m/fpu/libc_nano.a(lib_a-fflush.o)
                0x000000000800acd4                __sflush_r
 .text._fflush_r
                0x000000000800ade4       0x54 /opt/Atollic_TrueSTUDIO_for_STM32_x86_64_9.3.0/ARMTools/bin/../lib/gcc/arm-atollic-eabi/6.3.1/../../../../arm-atollic-eabi/lib/armv7e-m/fpu/libc_nano.a(lib_a-fflush.o)
                0x000000000800ade4                _fflush_r
 .text._lseek_r
                0x000000000800ae38       0x24 /opt/Atollic_TrueSTUDIO_for_STM32_x86_64_9.3.0/ARMTools/bin/../lib/gcc/arm-atollic-eabi/6.3.1/../../../../arm-atollic-eabi/lib/armv7e-m/fpu/libc_nano.a(lib_a-lseekr.o)
                0x000000000800ae38                _lseek_r
 .text.__swhatbuf_r
                0x000000000800ae5c       0x48 /opt/Atollic_TrueSTUDIO_for_STM32_x86_64_9.3.0/ARMTools/bin/../lib/gcc/arm-atollic-eabi/6.3.1/../../../../arm-atollic-eabi/lib/armv7e-m/fpu/libc_nano.a(lib_a-makebuf.o)
                0x000000000800ae5c                __swhatbuf_r
 .text.__smakebuf_r
                0x000000000800aea4       0x80 /opt/Atollic_TrueSTUDIO_for_STM32_x86_64_9.3.0/ARMTools/bin/../lib/gcc/arm-atollic-eabi/6.3.1/../../../../arm-atollic-eabi/lib/armv7e-m/fpu/libc_nano.a(lib_a-makebuf.o)
                0x000000000800aea4                __smakebuf_r
 .text.__malloc_lock
                0x000000000800af24        0x2 /opt/Atollic_TrueSTUDIO_for_STM32_x86_64_9.3.0/ARMTools/bin/../lib/gcc/arm-atollic-eabi/6.3.1/../../../../arm-atollic-eabi/lib/armv7e-m/fpu/libc_nano.a(lib_a-mlock.o)
                0x000000000800af24                __malloc_lock
 .text.__malloc_unlock
                0x000000000800af26        0x2 /opt/Atollic_TrueSTUDIO_for_STM32_x86_64_9.3.0/ARMTools/bin/../lib/gcc/arm-atollic-eabi/6.3.1/../../../../arm-atollic-eabi/lib/armv7e-m/fpu/libc_nano.a(lib_a-mlock.o)
                0x000000000800af26                __malloc_unlock
 .text._free_r  0x000000000800af28       0x9c /opt/Atollic_TrueSTUDIO_for_STM32_x86_64_9.3.0/ARMTools/bin/../lib/gcc/arm-atollic-eabi/6.3.1/../../../../arm-atollic-eabi/lib/armv7e-m/fpu/libc_nano.a(lib_a-nano-freer.o)
                0x000000000800af28                _free_r
 .text._read_r  0x000000000800afc4       0x24 /opt/Atollic_TrueSTUDIO_for_STM32_x86_64_9.3.0/ARMTools/bin/../lib/gcc/arm-atollic-eabi/6.3.1/../../../../arm-atollic-eabi/lib/armv7e-m/fpu/libc_nano.a(lib_a-readr.o)
                0x000000000800afc4                _read_r
 .text._fstat_r
                0x000000000800afe8       0x24 /opt/Atollic_TrueSTUDIO_for_STM32_x86_64_9.3.0/ARMTools/bin/../lib/gcc/arm-atollic-eabi/6.3.1/../../../../arm-atollic-eabi/lib/armv7e-m/fpu/libc_nano.a(lib_a-fstatr.o)
                0x000000000800afe8                _fstat_r
 .text._isatty_r
                0x000000000800b00c       0x20 /opt/Atollic_TrueSTUDIO_for_STM32_x86_64_9.3.0/ARMTools/bin/../lib/gcc/arm-atollic-eabi/6.3.1/../../../../arm-atollic-eabi/lib/armv7e-m/fpu/libc_nano.a(lib_a-isattyr.o)
                0x000000000800b00c                _isatty_r
 *(.glue_7)
 .glue_7        0x000000000800b02c        0x0 linker stubs
 *(.glue_7t)
 .glue_7t       0x000000000800b02c        0x0 linker stubs
 *(.eh_frame)
 .eh_frame      0x000000000800b02c        0x0 /opt/Atollic_TrueSTUDIO_for_STM32_x86_64_9.3.0/ARMTools/bin/../lib/gcc/arm-atollic-eabi/6.3.1/armv7e-m/fpu/crtbegin.o
 *(.init)
 .init          0x000000000800b02c        0x4 /opt/Atollic_TrueSTUDIO_for_STM32_x86_64_9.3.0/ARMTools/bin/../lib/gcc/arm-atollic-eabi/6.3.1/armv7e-m/fpu/crti.o
                0x000000000800b02c                _init
 .init          0x000000000800b030        0x8 /opt/Atollic_TrueSTUDIO_for_STM32_x86_64_9.3.0/ARMTools/bin/../lib/gcc/arm-atollic-eabi/6.3.1/armv7e-m/fpu/crtn.o
 *(.fini)
 .fini          0x000000000800b038        0x4 /opt/Atollic_TrueSTUDIO_for_STM32_x86_64_9.3.0/ARMTools/bin/../lib/gcc/arm-atollic-eabi/6.3.1/armv7e-m/fpu/crti.o
                0x000000000800b038                _fini
 .fini          0x000000000800b03c        0x8 /opt/Atollic_TrueSTUDIO_for_STM32_x86_64_9.3.0/ARMTools/bin/../lib/gcc/arm-atollic-eabi/6.3.1/armv7e-m/fpu/crtn.o
                0x000000000800b044                . = ALIGN (0x4)
                0x000000000800b044                _etext = .

.vfp11_veneer   0x000000000800b044        0x0
 .vfp11_veneer  0x000000000800b044        0x0 linker stubs

.v4_bx          0x000000000800b044        0x0
 .v4_bx         0x000000000800b044        0x0 linker stubs

.iplt           0x000000000800b044        0x0
 .iplt          0x000000000800b044        0x0 /opt/Atollic_TrueSTUDIO_for_STM32_x86_64_9.3.0/ARMTools/bin/../lib/gcc/arm-atollic-eabi/6.3.1/armv7e-m/fpu/crtbegin.o

.rodata         0x000000000800b044    0x97d38
                0x000000000800b044                . = ALIGN (0x4)
 *(.rodata)
 .rodata        0x000000000800b044       0xe7 Src/main.o
 *(.rodata*)
 *fill*         0x000000000800b12b        0x1 
 .rodata.Font24_Table
                0x000000000800b12c     0x1ab8 Drivers/BSP/STM32F429I-Discovery/Fonts/font24.o
                0x000000000800b12c                Font24_Table
 .rodata.flagBitshiftOffset.9081
                0x000000000800cbe4        0x8 Drivers/STM32F4xx_HAL_Driver/Src/stm32f4xx_hal_dma.o
 .rodata.image_data_Menu_kontynuuj
                0x000000000800cbec    0x25820 Src/main.o
 .rodata.image_data_Menu_nowagra
                0x000000000803240c    0x25820 Src/main.o
 .rodata.image_data_Menu_poziomy
                0x0000000008057c2c    0x25820 Src/main.o
 .rodata.image_data_mapa1
                0x000000000807d44c    0x25880 Src/main.o
 .rodata.AHBPrescTable
                0x00000000080a2ccc       0x10 Src/system_stm32f4xx.o
                0x00000000080a2ccc                AHBPrescTable
 .rodata.APBPrescTable
                0x00000000080a2cdc        0x8 Src/system_stm32f4xx.o
                0x00000000080a2cdc                APBPrescTable
 .rodata._global_impure_ptr
                0x00000000080a2ce4        0x4 /opt/Atollic_TrueSTUDIO_for_STM32_x86_64_9.3.0/ARMTools/bin/../lib/gcc/arm-atollic-eabi/6.3.1/../../../../arm-atollic-eabi/lib/armv7e-m/fpu/libc_nano.a(lib_a-impure.o)
                0x00000000080a2ce4                _global_impure_ptr
 .rodata.__sf_fake_stderr
                0x00000000080a2ce8       0x20 /opt/Atollic_TrueSTUDIO_for_STM32_x86_64_9.3.0/ARMTools/bin/../lib/gcc/arm-atollic-eabi/6.3.1/../../../../arm-atollic-eabi/lib/armv7e-m/fpu/libc_nano.a(lib_a-findfp.o)
                0x00000000080a2ce8                __sf_fake_stderr
 .rodata.__sf_fake_stdin
                0x00000000080a2d08       0x20 /opt/Atollic_TrueSTUDIO_for_STM32_x86_64_9.3.0/ARMTools/bin/../lib/gcc/arm-atollic-eabi/6.3.1/../../../../arm-atollic-eabi/lib/armv7e-m/fpu/libc_nano.a(lib_a-findfp.o)
                0x00000000080a2d08                __sf_fake_stdin
 .rodata.__sf_fake_stdout
                0x00000000080a2d28       0x20 /opt/Atollic_TrueSTUDIO_for_STM32_x86_64_9.3.0/ARMTools/bin/../lib/gcc/arm-atollic-eabi/6.3.1/../../../../arm-atollic-eabi/lib/armv7e-m/fpu/libc_nano.a(lib_a-findfp.o)
                0x00000000080a2d28                __sf_fake_stdout
 .rodata._vfprintf_r.str1.1
                0x00000000080a2d48       0x11 /opt/Atollic_TrueSTUDIO_for_STM32_x86_64_9.3.0/ARMTools/bin/../lib/gcc/arm-atollic-eabi/6.3.1/../../../../arm-atollic-eabi/lib/armv7e-m/fpu/libc_nano.a(lib_a-nano-vfprintf.o)
 .rodata._printf_i.str1.1
                0x00000000080a2d59       0x22 /opt/Atollic_TrueSTUDIO_for_STM32_x86_64_9.3.0/ARMTools/bin/../lib/gcc/arm-atollic-eabi/6.3.1/../../../../arm-atollic-eabi/lib/armv7e-m/fpu/libc_nano.a(lib_a-nano-vfprintf_i.o)
                0x00000000080a2d7c                . = ALIGN (0x4)
 *fill*         0x00000000080a2d7b        0x1 

.ARM.extab
 *(.ARM.extab* .gnu.linkonce.armextab.*)

.ARM            0x00000000080a2d7c        0x8
                0x00000000080a2d7c                __exidx_start = .
 *(.ARM.exidx*)
 .ARM.exidx     0x00000000080a2d7c        0x8 /opt/Atollic_TrueSTUDIO_for_STM32_x86_64_9.3.0/ARMTools/bin/../lib/gcc/arm-atollic-eabi/6.3.1/armv7e-m/fpu/libgcc.a(_udivmoddi4.o)
                0x00000000080a2d84                __exidx_end = .

.rel.dyn        0x00000000080a2d84        0x0
 .rel.iplt      0x00000000080a2d84        0x0 /opt/Atollic_TrueSTUDIO_for_STM32_x86_64_9.3.0/ARMTools/bin/../lib/gcc/arm-atollic-eabi/6.3.1/armv7e-m/fpu/crtbegin.o

.preinit_array  0x00000000080a2d84        0x0
                0x00000000080a2d84                PROVIDE (__preinit_array_start, .)
 *(.preinit_array*)
                0x00000000080a2d84                PROVIDE (__preinit_array_end, .)

.init_array     0x00000000080a2d84        0x4
                0x00000000080a2d84                PROVIDE (__init_array_start, .)
 *(SORT(.init_array.*))
 *(.init_array*)
 .init_array    0x00000000080a2d84        0x4 /opt/Atollic_TrueSTUDIO_for_STM32_x86_64_9.3.0/ARMTools/bin/../lib/gcc/arm-atollic-eabi/6.3.1/armv7e-m/fpu/crtbegin.o
                0x00000000080a2d88                PROVIDE (__init_array_end, .)

.fini_array     0x00000000080a2d88        0x4
                [!provide]                        PROVIDE (__fini_array_start, .)
 *(SORT(.fini_array.*))
 *(.fini_array*)
 .fini_array    0x00000000080a2d88        0x4 /opt/Atollic_TrueSTUDIO_for_STM32_x86_64_9.3.0/ARMTools/bin/../lib/gcc/arm-atollic-eabi/6.3.1/armv7e-m/fpu/crtbegin.o
                [!provide]                        PROVIDE (__fini_array_end, .)
                0x00000000080a2d8c                _sidata = LOADADDR (.data)

.data           0x0000000020000000       0xb0 load address 0x00000000080a2d8c
                0x0000000020000000                . = ALIGN (0x4)
                0x0000000020000000                _sdata = .
 *(.data)
 *(.data*)
 .data.ili9341_drv
                0x0000000020000000       0x38 Drivers/BSP/Components/ili9341/ili9341.o
                0x0000000020000000                ili9341_drv
 .data.Font24   0x0000000020000038        0x8 Drivers/BSP/STM32F429I-Discovery/Fonts/font24.o
                0x0000000020000038                Font24
 .data.SpixTimeout
                0x0000000020000040        0x4 Drivers/BSP/STM32F429I-Discovery/stm32f429i_discovery.o
                0x0000000020000040                SpixTimeout
 .data.sdramstatus.9025
                0x0000000020000044        0x1 Drivers/BSP/STM32F429I-Discovery/stm32f429i_discovery_sdram.o
 .data.uwTickFreq
                0x0000000020000045        0x1 Drivers/STM32F4xx_HAL_Driver/Src/stm32f4xx_hal.o
                0x0000000020000045                uwTickFreq
 *fill*         0x0000000020000046        0x2 
 .data.SystemCoreClock
                0x0000000020000048        0x4 Src/system_stm32f4xx.o
                0x0000000020000048                SystemCoreClock
 .data._impure_ptr
                0x000000002000004c        0x4 /opt/Atollic_TrueSTUDIO_for_STM32_x86_64_9.3.0/ARMTools/bin/../lib/gcc/arm-atollic-eabi/6.3.1/../../../../arm-atollic-eabi/lib/armv7e-m/fpu/libc_nano.a(lib_a-impure.o)
                0x000000002000004c                _impure_ptr
 .data.impure_data
                0x0000000020000050       0x60 /opt/Atollic_TrueSTUDIO_for_STM32_x86_64_9.3.0/ARMTools/bin/../lib/gcc/arm-atollic-eabi/6.3.1/../../../../arm-atollic-eabi/lib/armv7e-m/fpu/libc_nano.a(lib_a-impure.o)
                0x00000000200000b0                . = ALIGN (0x4)
                0x00000000200000b0                _edata = .
                0x00000000080a2e3c                _siccmram = LOADADDR (.ccmram)

.igot.plt       0x00000000200000b0        0x0 load address 0x00000000080a2e3c
 .igot.plt      0x00000000200000b0        0x0 /opt/Atollic_TrueSTUDIO_for_STM32_x86_64_9.3.0/ARMTools/bin/../lib/gcc/arm-atollic-eabi/6.3.1/armv7e-m/fpu/crtbegin.o

.ccmram         0x0000000010000000        0x0 load address 0x00000000080a2e3c
                0x0000000010000000                . = ALIGN (0x4)
                0x0000000010000000                _sccmram = .
 *(.ccmram)
 *(.ccmram*)
                0x0000000010000000                . = ALIGN (0x4)
                0x0000000010000000                _eccmram = .
                0x0000000010000000                . = ALIGN (0x4)

.bss            0x00000000200000b0      0x67c
                0x00000000200000b0                _sbss = .
                0x00000000200000b0                __bss_start__ = _sbss
 *(.bss)
 .bss           0x00000000200000b0       0x1c /opt/Atollic_TrueSTUDIO_for_STM32_x86_64_9.3.0/ARMTools/bin/../lib/gcc/arm-atollic-eabi/6.3.1/armv7e-m/fpu/crtbegin.o
 *(.bss*)
 .bss.SpiHandle
                0x00000000200000cc       0x58 Drivers/BSP/STM32F429I-Discovery/stm32f429i_discovery.o
 .bss.Is_LCD_IO_Initialized
                0x0000000020000124        0x1 Drivers/BSP/STM32F429I-Discovery/stm32f429i_discovery.o
 *fill*         0x0000000020000125        0x3 
 .bss.Dma2dHandler
                0x0000000020000128       0x40 Drivers/BSP/STM32F429I-Discovery/stm32f429i_discovery_lcd.o
 .bss.PeriphClkInitStruct
                0x0000000020000168       0x30 Drivers/BSP/STM32F429I-Discovery/stm32f429i_discovery_lcd.o
 .bss.ActiveLayer
                0x0000000020000198        0x4 Drivers/BSP/STM32F429I-Discovery/stm32f429i_discovery_lcd.o
 .bss.DrawProp  0x000000002000019c       0x18 Drivers/BSP/STM32F429I-Discovery/stm32f429i_discovery_lcd.o
 .bss.SdramHandle
                0x00000000200001b4       0x34 Drivers/BSP/STM32F429I-Discovery/stm32f429i_discovery_sdram.o
 .bss.Timing    0x00000000200001e8       0x1c Drivers/BSP/STM32F429I-Discovery/stm32f429i_discovery_sdram.o
 .bss.Command   0x0000000020000204       0x10 Drivers/BSP/STM32F429I-Discovery/stm32f429i_discovery_sdram.o
 .bss.dmaHandle.9060
                0x0000000020000214       0x60 Drivers/BSP/STM32F429I-Discovery/stm32f429i_discovery_sdram.o
 .bss.FMC_Initialized
                0x0000000020000274        0x4 Src/fmc.o
 .bss.PoprzedniStanPrzycisku
                0x0000000020000278        0x1 Src/main.o
                0x0000000020000278                PoprzedniStanPrzycisku
 *fill*         0x0000000020000279        0x3 
 .bss.heap_end.7010
                0x000000002000027c        0x4 Src/syscalls.o
 .bss.__malloc_free_list
                0x0000000020000280        0x4 /opt/Atollic_TrueSTUDIO_for_STM32_x86_64_9.3.0/ARMTools/bin/../lib/gcc/arm-atollic-eabi/6.3.1/../../../../arm-atollic-eabi/lib/armv7e-m/fpu/libc_nano.a(lib_a-nano-mallocr.o)
                0x0000000020000280                __malloc_free_list
 .bss.__malloc_sbrk_start
                0x0000000020000284        0x4 /opt/Atollic_TrueSTUDIO_for_STM32_x86_64_9.3.0/ARMTools/bin/../lib/gcc/arm-atollic-eabi/6.3.1/../../../../arm-atollic-eabi/lib/armv7e-m/fpu/libc_nano.a(lib_a-nano-mallocr.o)
                0x0000000020000284                __malloc_sbrk_start
 *(COMMON)
 COMMON         0x0000000020000288       0xac Drivers/BSP/STM32F429I-Discovery/stm32f429i_discovery_lcd.o
                0x0000000020000288                LtdcHandler
                0x0000000020000330                LcdDrv
 COMMON         0x0000000020000334        0x4 Drivers/STM32F4xx_HAL_Driver/Src/stm32f4xx_hal.o
                0x0000000020000334                uwTick
 COMMON         0x0000000020000338        0x8 Src/crc.o
                0x0000000020000338                hcrc
 COMMON         0x0000000020000340       0x40 Src/dma2d.o
                0x0000000020000340                hdma2d
 COMMON         0x0000000020000380       0x34 Src/fmc.o
                0x0000000020000380                hsdram1
 COMMON         0x00000000200003b4       0x54 Src/i2c.o
                0x00000000200003b4                hi2c3
 COMMON         0x0000000020000408       0xa8 Src/ltdc.o
                0x0000000020000408                hltdc
 COMMON         0x00000000200004b0      0x136 Src/main.o
                0x00000000200004b0                DataOld
                0x00000000200004b6                Direction
                0x00000000200004b8                DataTempRom
                0x00000000200004d0                CalkaPomocnicza2RomY
                0x00000000200004d8                CalkaPosrednia2Y
                0x00000000200004dc                hspi5
                0x0000000020000534                PoprzedniCzasPrzycisku
                0x0000000020000538                StanPrzycisku
                0x000000002000053c                CalkaRombX
                0x0000000020000540                LicznikPomocniczyRomberg
                0x0000000020000544                CalkaPomocniczaRomY
                0x0000000020000550                dT
                0x0000000020000554                CalkaTrapX
                0x0000000020000558                ZmienionoStanPoziomow
                0x000000002000055c                CalkaPomocniczaRomX
                0x0000000020000568                CalkaPosredniaRomY
                0x0000000020000578                Y
                0x000000002000057c                AngleX
                0x0000000020000580                DataNow
                0x0000000020000586                ResetTimeX
                0x0000000020000588                CalkaPosrednia1X
                0x000000002000058c                CalkaTrapY
                0x0000000020000590                fMovedX
                0x0000000020000594                CalkaRichaY
                0x0000000020000598                CalkaPosredniaRomX
                0x00000000200005a8                Animacja
                0x00000000200005a9                StanMenu
                0x00000000200005ac                AngleZ
                0x00000000200005b0                AngleY
                0x00000000200005b4                czasZmiany
                0x00000000200005b8                LicznikPomocniczy
                0x00000000200005bc                CalkaPosrednia2X
                0x00000000200005c0                CalkaRombY
                0x00000000200005c4                fMovedY
                0x00000000200005c5                StanGry
                0x00000000200005c6                ZmienionoStanMenu
                0x00000000200005c8                CalkaRichaX
                0x00000000200005cc                DataTempRich
                0x00000000200005d4                CalkaPosrednia1Y
                0x00000000200005d8                ResetTimeY
                0x00000000200005da                WybranyPoziom
                0x00000000200005dc                CalkaPomocnicza2RomX
                0x00000000200005e4                X
 *fill*         0x00000000200005e6        0x2 
 COMMON         0x00000000200005e8       0x40 Src/stm32f4xx_hal_timebase_tim.o
                0x00000000200005e8                htim6
 COMMON         0x0000000020000628       0xc0 Src/tim.o
                0x0000000020000628                htim10
                0x0000000020000668                htim11
                0x00000000200006a8                htim1
 COMMON         0x00000000200006e8       0x40 Src/usart.o
                0x00000000200006e8                huart1
 COMMON         0x0000000020000728        0x4 /opt/Atollic_TrueSTUDIO_for_STM32_x86_64_9.3.0/ARMTools/bin/../lib/gcc/arm-atollic-eabi/6.3.1/../../../../arm-atollic-eabi/lib/armv7e-m/fpu/libc_nano.a(lib_a-reent.o)
                0x0000000020000728                errno
                0x000000002000072c                . = ALIGN (0x4)
                0x000000002000072c                _ebss = .
                0x000000002000072c                __bss_end__ = _ebss

._user_heap_stack
                0x000000002000072c      0x600
                0x000000002000072c                . = ALIGN (0x4)
                0x000000002000072c                PROVIDE (end, .)
                [!provide]                        PROVIDE (_end, .)
                0x000000002000092c                . = (. + _Min_Heap_Size)
 *fill*         0x000000002000072c      0x200 
                0x0000000020000d2c                . = (. + _Min_Stack_Size)
 *fill*         0x000000002000092c      0x400 
                0x0000000020000d2c                . = ALIGN (0x4)

/DISCARD/
 libc.a(*)
 libm.a(*)
 libgcc.a(*)

.ARM.attributes
                0x0000000000000000       0x30
 *(.ARM.attributes)
 .ARM.attributes
                0x0000000000000000       0x22 /opt/Atollic_TrueSTUDIO_for_STM32_x86_64_9.3.0/ARMTools/bin/../lib/gcc/arm-atollic-eabi/6.3.1/armv7e-m/fpu/crti.o
 .ARM.attributes
                0x0000000000000022       0x34 /opt/Atollic_TrueSTUDIO_for_STM32_x86_64_9.3.0/ARMTools/bin/../lib/gcc/arm-atollic-eabi/6.3.1/armv7e-m/fpu/crtbegin.o
 .ARM.attributes
                0x0000000000000056       0x39 Drivers/BSP/Components/ili9341/ili9341.o
 .ARM.attributes
                0x000000000000008f       0x39 Drivers/BSP/STM32F429I-Discovery/Fonts/font24.o
 .ARM.attributes
                0x00000000000000c8       0x39 Drivers/BSP/STM32F429I-Discovery/stm32f429i_discovery.o
 .ARM.attributes
                0x0000000000000101       0x39 Drivers/BSP/STM32F429I-Discovery/stm32f429i_discovery_lcd.o
 .ARM.attributes
                0x000000000000013a       0x39 Drivers/BSP/STM32F429I-Discovery/stm32f429i_discovery_sdram.o
 .ARM.attributes
                0x0000000000000173       0x39 Drivers/STM32F4xx_HAL_Driver/Src/stm32f4xx_hal.o
 .ARM.attributes
                0x00000000000001ac       0x39 Drivers/STM32F4xx_HAL_Driver/Src/stm32f4xx_hal_cortex.o
 .ARM.attributes
                0x00000000000001e5       0x39 Drivers/STM32F4xx_HAL_Driver/Src/stm32f4xx_hal_crc.o
 .ARM.attributes
                0x000000000000021e       0x39 Drivers/STM32F4xx_HAL_Driver/Src/stm32f4xx_hal_dma.o
 .ARM.attributes
                0x0000000000000257       0x39 Drivers/STM32F4xx_HAL_Driver/Src/stm32f4xx_hal_dma2d.o
 .ARM.attributes
                0x0000000000000290       0x39 Drivers/STM32F4xx_HAL_Driver/Src/stm32f4xx_hal_gpio.o
 .ARM.attributes
                0x00000000000002c9       0x39 Drivers/STM32F4xx_HAL_Driver/Src/stm32f4xx_hal_i2c.o
 .ARM.attributes
                0x0000000000000302       0x39 Drivers/STM32F4xx_HAL_Driver/Src/stm32f4xx_hal_i2c_ex.o
 .ARM.attributes
                0x000000000000033b       0x39 Drivers/STM32F4xx_HAL_Driver/Src/stm32f4xx_hal_ltdc.o
 .ARM.attributes
                0x0000000000000374       0x39 Drivers/STM32F4xx_HAL_Driver/Src/stm32f4xx_hal_pwr_ex.o
 .ARM.attributes
                0x00000000000003ad       0x39 Drivers/STM32F4xx_HAL_Driver/Src/stm32f4xx_hal_rcc.o
 .ARM.attributes
                0x00000000000003e6       0x39 Drivers/STM32F4xx_HAL_Driver/Src/stm32f4xx_hal_rcc_ex.o
 .ARM.attributes
                0x000000000000041f       0x39 Drivers/STM32F4xx_HAL_Driver/Src/stm32f4xx_hal_sdram.o
 .ARM.attributes
                0x0000000000000458       0x39 Drivers/STM32F4xx_HAL_Driver/Src/stm32f4xx_hal_spi.o
 .ARM.attributes
                0x0000000000000491       0x39 Drivers/STM32F4xx_HAL_Driver/Src/stm32f4xx_hal_tim.o
 .ARM.attributes
                0x00000000000004ca       0x39 Drivers/STM32F4xx_HAL_Driver/Src/stm32f4xx_hal_tim_ex.o
 .ARM.attributes
                0x0000000000000503       0x39 Drivers/STM32F4xx_HAL_Driver/Src/stm32f4xx_hal_uart.o
 .ARM.attributes
                0x000000000000053c       0x39 Drivers/STM32F4xx_HAL_Driver/Src/stm32f4xx_ll_fmc.o
 .ARM.attributes
                0x0000000000000575       0x39 Src/crc.o
 .ARM.attributes
                0x00000000000005ae       0x39 Src/dma2d.o
 .ARM.attributes
                0x00000000000005e7       0x39 Src/fmc.o
 .ARM.attributes
                0x0000000000000620       0x39 Src/gfxsimulator.o
 .ARM.attributes
                0x0000000000000659       0x39 Src/gpio.o
 .ARM.attributes
                0x0000000000000692       0x39 Src/i2c.o
 .ARM.attributes
                0x00000000000006cb       0x39 Src/ltdc.o
 .ARM.attributes
                0x0000000000000704       0x39 Src/main.o
 .ARM.attributes
                0x000000000000073d       0x39 Src/spi.o
 .ARM.attributes
                0x0000000000000776       0x39 Src/stm32f4xx_hal_msp.o
 .ARM.attributes
                0x00000000000007af       0x39 Src/stm32f4xx_hal_timebase_tim.o
 .ARM.attributes
                0x00000000000007e8       0x39 Src/stm32f4xx_it.o
 .ARM.attributes
                0x0000000000000821       0x39 Src/syscalls.o
 .ARM.attributes
                0x000000000000085a       0x39 Src/system_stm32f4xx.o
 .ARM.attributes
                0x0000000000000893       0x39 Src/tim.o
 .ARM.attributes
                0x00000000000008cc       0x39 Src/usart.o
 .ARM.attributes
                0x0000000000000905       0x21 startup/startup_stm32f429xx.o
 .ARM.attributes
                0x0000000000000926       0x34 /opt/Atollic_TrueSTUDIO_for_STM32_x86_64_9.3.0/ARMTools/bin/../lib/gcc/arm-atollic-eabi/6.3.1/../../../../arm-atollic-eabi/lib/armv7e-m/fpu/libc_nano.a(lib_a-errno.o)
 .ARM.attributes
                0x000000000000095a       0x34 /opt/Atollic_TrueSTUDIO_for_STM32_x86_64_9.3.0/ARMTools/bin/../lib/gcc/arm-atollic-eabi/6.3.1/../../../../arm-atollic-eabi/lib/armv7e-m/fpu/libc_nano.a(lib_a-impure.o)
 .ARM.attributes
                0x000000000000098e       0x34 /opt/Atollic_TrueSTUDIO_for_STM32_x86_64_9.3.0/ARMTools/bin/../lib/gcc/arm-atollic-eabi/6.3.1/../../../../arm-atollic-eabi/lib/armv7e-m/fpu/libc_nano.a(lib_a-init.o)
 .ARM.attributes
                0x00000000000009c2       0x34 /opt/Atollic_TrueSTUDIO_for_STM32_x86_64_9.3.0/ARMTools/bin/../lib/gcc/arm-atollic-eabi/6.3.1/../../../../arm-atollic-eabi/lib/armv7e-m/fpu/libc_nano.a(lib_a-memset.o)
 .ARM.attributes
                0x00000000000009f6       0x34 /opt/Atollic_TrueSTUDIO_for_STM32_x86_64_9.3.0/ARMTools/bin/../lib/gcc/arm-atollic-eabi/6.3.1/../../../../arm-atollic-eabi/lib/armv7e-m/fpu/libc_nano.a(lib_a-printf.o)
 .ARM.attributes
                0x0000000000000a2a       0x34 /opt/Atollic_TrueSTUDIO_for_STM32_x86_64_9.3.0/ARMTools/bin/../lib/gcc/arm-atollic-eabi/6.3.1/../../../../arm-atollic-eabi/lib/armv7e-m/fpu/libc_nano.a(lib_a-findfp.o)
 .ARM.attributes
                0x0000000000000a5e       0x34 /opt/Atollic_TrueSTUDIO_for_STM32_x86_64_9.3.0/ARMTools/bin/../lib/gcc/arm-atollic-eabi/6.3.1/../../../../arm-atollic-eabi/lib/armv7e-m/fpu/libc_nano.a(lib_a-fwalk.o)
 .ARM.attributes
                0x0000000000000a92       0x34 /opt/Atollic_TrueSTUDIO_for_STM32_x86_64_9.3.0/ARMTools/bin/../lib/gcc/arm-atollic-eabi/6.3.1/../../../../arm-atollic-eabi/lib/armv7e-m/fpu/libc_nano.a(lib_a-nano-mallocr.o)
 .ARM.attributes
                0x0000000000000ac6       0x34 /opt/Atollic_TrueSTUDIO_for_STM32_x86_64_9.3.0/ARMTools/bin/../lib/gcc/arm-atollic-eabi/6.3.1/../../../../arm-atollic-eabi/lib/armv7e-m/fpu/libc_nano.a(lib_a-nano-vfprintf.o)
 .ARM.attributes
                0x0000000000000afa       0x34 /opt/Atollic_TrueSTUDIO_for_STM32_x86_64_9.3.0/ARMTools/bin/../lib/gcc/arm-atollic-eabi/6.3.1/../../../../arm-atollic-eabi/lib/armv7e-m/fpu/libc_nano.a(lib_a-nano-vfprintf_i.o)
 .ARM.attributes
                0x0000000000000b2e       0x34 /opt/Atollic_TrueSTUDIO_for_STM32_x86_64_9.3.0/ARMTools/bin/../lib/gcc/arm-atollic-eabi/6.3.1/../../../../arm-atollic-eabi/lib/armv7e-m/fpu/libc_nano.a(lib_a-sbrkr.o)
 .ARM.attributes
                0x0000000000000b62       0x34 /opt/Atollic_TrueSTUDIO_for_STM32_x86_64_9.3.0/ARMTools/bin/../lib/gcc/arm-atollic-eabi/6.3.1/../../../../arm-atollic-eabi/lib/armv7e-m/fpu/libc_nano.a(lib_a-stdio.o)
 .ARM.attributes
                0x0000000000000b96       0x34 /opt/Atollic_TrueSTUDIO_for_STM32_x86_64_9.3.0/ARMTools/bin/../lib/gcc/arm-atollic-eabi/6.3.1/../../../../arm-atollic-eabi/lib/armv7e-m/fpu/libc_nano.a(lib_a-wbuf.o)
 .ARM.attributes
                0x0000000000000bca       0x34 /opt/Atollic_TrueSTUDIO_for_STM32_x86_64_9.3.0/ARMTools/bin/../lib/gcc/arm-atollic-eabi/6.3.1/../../../../arm-atollic-eabi/lib/armv7e-m/fpu/libc_nano.a(lib_a-writer.o)
 .ARM.attributes
                0x0000000000000bfe       0x34 /opt/Atollic_TrueSTUDIO_for_STM32_x86_64_9.3.0/ARMTools/bin/../lib/gcc/arm-atollic-eabi/6.3.1/../../../../arm-atollic-eabi/lib/armv7e-m/fpu/libc_nano.a(lib_a-wsetup.o)
 .ARM.attributes
                0x0000000000000c32       0x34 /opt/Atollic_TrueSTUDIO_for_STM32_x86_64_9.3.0/ARMTools/bin/../lib/gcc/arm-atollic-eabi/6.3.1/../../../../arm-atollic-eabi/lib/armv7e-m/fpu/libc_nano.a(lib_a-closer.o)
 .ARM.attributes
                0x0000000000000c66       0x34 /opt/Atollic_TrueSTUDIO_for_STM32_x86_64_9.3.0/ARMTools/bin/../lib/gcc/arm-atollic-eabi/6.3.1/../../../../arm-atollic-eabi/lib/armv7e-m/fpu/libc_nano.a(lib_a-fflush.o)
 .ARM.attributes
                0x0000000000000c9a       0x34 /opt/Atollic_TrueSTUDIO_for_STM32_x86_64_9.3.0/ARMTools/bin/../lib/gcc/arm-atollic-eabi/6.3.1/../../../../arm-atollic-eabi/lib/armv7e-m/fpu/libc_nano.a(lib_a-lseekr.o)
 .ARM.attributes
                0x0000000000000cce       0x34 /opt/Atollic_TrueSTUDIO_for_STM32_x86_64_9.3.0/ARMTools/bin/../lib/gcc/arm-atollic-eabi/6.3.1/../../../../arm-atollic-eabi/lib/armv7e-m/fpu/libc_nano.a(lib_a-makebuf.o)
 .ARM.attributes
                0x0000000000000d02       0x20 /opt/Atollic_TrueSTUDIO_for_STM32_x86_64_9.3.0/ARMTools/bin/../lib/gcc/arm-atollic-eabi/6.3.1/../../../../arm-atollic-eabi/lib/armv7e-m/fpu/libc_nano.a(lib_a-memchr.o)
 .ARM.attributes
                0x0000000000000d22       0x34 /opt/Atollic_TrueSTUDIO_for_STM32_x86_64_9.3.0/ARMTools/bin/../lib/gcc/arm-atollic-eabi/6.3.1/../../../../arm-atollic-eabi/lib/armv7e-m/fpu/libc_nano.a(lib_a-mlock.o)
 .ARM.attributes
                0x0000000000000d56       0x34 /opt/Atollic_TrueSTUDIO_for_STM32_x86_64_9.3.0/ARMTools/bin/../lib/gcc/arm-atollic-eabi/6.3.1/../../../../arm-atollic-eabi/lib/armv7e-m/fpu/libc_nano.a(lib_a-nano-freer.o)
 .ARM.attributes
                0x0000000000000d8a       0x34 /opt/Atollic_TrueSTUDIO_for_STM32_x86_64_9.3.0/ARMTools/bin/../lib/gcc/arm-atollic-eabi/6.3.1/../../../../arm-atollic-eabi/lib/armv7e-m/fpu/libc_nano.a(lib_a-readr.o)
 .ARM.attributes
                0x0000000000000dbe       0x34 /opt/Atollic_TrueSTUDIO_for_STM32_x86_64_9.3.0/ARMTools/bin/../lib/gcc/arm-atollic-eabi/6.3.1/../../../../arm-atollic-eabi/lib/armv7e-m/fpu/libc_nano.a(lib_a-reent.o)
 .ARM.attributes
                0x0000000000000df2       0x34 /opt/Atollic_TrueSTUDIO_for_STM32_x86_64_9.3.0/ARMTools/bin/../lib/gcc/arm-atollic-eabi/6.3.1/../../../../arm-atollic-eabi/lib/armv7e-m/fpu/libc_nano.a(lib_a-fstatr.o)
 .ARM.attributes
                0x0000000000000e26       0x34 /opt/Atollic_TrueSTUDIO_for_STM32_x86_64_9.3.0/ARMTools/bin/../lib/gcc/arm-atollic-eabi/6.3.1/../../../../arm-atollic-eabi/lib/armv7e-m/fpu/libc_nano.a(lib_a-isattyr.o)
 .ARM.attributes
                0x0000000000000e5a       0x22 /opt/Atollic_TrueSTUDIO_for_STM32_x86_64_9.3.0/ARMTools/bin/../lib/gcc/arm-atollic-eabi/6.3.1/armv7e-m/fpu/libgcc.a(_arm_addsubdf3.o)
 .ARM.attributes
                0x0000000000000e7c       0x22 /opt/Atollic_TrueSTUDIO_for_STM32_x86_64_9.3.0/ARMTools/bin/../lib/gcc/arm-atollic-eabi/6.3.1/armv7e-m/fpu/libgcc.a(_arm_muldivdf3.o)
 .ARM.attributes
                0x0000000000000e9e       0x22 /opt/Atollic_TrueSTUDIO_for_STM32_x86_64_9.3.0/ARMTools/bin/../lib/gcc/arm-atollic-eabi/6.3.1/armv7e-m/fpu/libgcc.a(_arm_fixdfsi.o)
 .ARM.attributes
                0x0000000000000ec0       0x22 /opt/Atollic_TrueSTUDIO_for_STM32_x86_64_9.3.0/ARMTools/bin/../lib/gcc/arm-atollic-eabi/6.3.1/armv7e-m/fpu/libgcc.a(_aeabi_uldivmod.o)
 .ARM.attributes
                0x0000000000000ee2       0x34 /opt/Atollic_TrueSTUDIO_for_STM32_x86_64_9.3.0/ARMTools/bin/../lib/gcc/arm-atollic-eabi/6.3.1/armv7e-m/fpu/libgcc.a(_udivmoddi4.o)
 .ARM.attributes
                0x0000000000000f16       0x22 /opt/Atollic_TrueSTUDIO_for_STM32_x86_64_9.3.0/ARMTools/bin/../lib/gcc/arm-atollic-eabi/6.3.1/armv7e-m/fpu/libgcc.a(_dvmd_tls.o)
 .ARM.attributes
                0x0000000000000f38       0x22 /opt/Atollic_TrueSTUDIO_for_STM32_x86_64_9.3.0/ARMTools/bin/../lib/gcc/arm-atollic-eabi/6.3.1/armv7e-m/fpu/crtn.o
OUTPUT(AnL.elf elf32-littlearm)

.debug_info     0x0000000000000000    0x26aec
 .debug_info    0x0000000000000000      0x340 Drivers/BSP/Components/ili9341/ili9341.o
 .debug_info    0x0000000000000340      0x14a Drivers/BSP/STM32F429I-Discovery/Fonts/font24.o
 .debug_info    0x000000000000048a     0x1e69 Drivers/BSP/STM32F429I-Discovery/stm32f429i_discovery.o
 .debug_info    0x00000000000022f3     0x2849 Drivers/BSP/STM32F429I-Discovery/stm32f429i_discovery_lcd.o
 .debug_info    0x0000000000004b3c      0xe6b Drivers/BSP/STM32F429I-Discovery/stm32f429i_discovery_sdram.o
 .debug_info    0x00000000000059a7      0x994 Drivers/STM32F4xx_HAL_Driver/Src/stm32f4xx_hal.o
 .debug_info    0x000000000000633b      0xe0d Drivers/STM32F4xx_HAL_Driver/Src/stm32f4xx_hal_cortex.o
 .debug_info    0x0000000000007148      0x3ef Drivers/STM32F4xx_HAL_Driver/Src/stm32f4xx_hal_crc.o
 .debug_info    0x0000000000007537      0x913 Drivers/STM32F4xx_HAL_Driver/Src/stm32f4xx_hal_dma.o
 .debug_info    0x0000000000007e4a      0xe89 Drivers/STM32F4xx_HAL_Driver/Src/stm32f4xx_hal_dma2d.o
 .debug_info    0x0000000000008cd3      0x77d Drivers/STM32F4xx_HAL_Driver/Src/stm32f4xx_hal_gpio.o
 .debug_info    0x0000000000009450     0x2329 Drivers/STM32F4xx_HAL_Driver/Src/stm32f4xx_hal_i2c.o
 .debug_info    0x000000000000b779      0x6c9 Drivers/STM32F4xx_HAL_Driver/Src/stm32f4xx_hal_i2c_ex.o
 .debug_info    0x000000000000be42     0x10b2 Drivers/STM32F4xx_HAL_Driver/Src/stm32f4xx_hal_ltdc.o
 .debug_info    0x000000000000cef4      0x6f5 Drivers/STM32F4xx_HAL_Driver/Src/stm32f4xx_hal_pwr_ex.o
 .debug_info    0x000000000000d5e9      0x8be Drivers/STM32F4xx_HAL_Driver/Src/stm32f4xx_hal_rcc.o
 .debug_info    0x000000000000dea7      0x66a Drivers/STM32F4xx_HAL_Driver/Src/stm32f4xx_hal_rcc_ex.o
 .debug_info    0x000000000000e511      0xc47 Drivers/STM32F4xx_HAL_Driver/Src/stm32f4xx_hal_sdram.o
 .debug_info    0x000000000000f158     0x15d7 Drivers/STM32F4xx_HAL_Driver/Src/stm32f4xx_hal_spi.o
 .debug_info    0x000000000001072f     0x2452 Drivers/STM32F4xx_HAL_Driver/Src/stm32f4xx_hal_tim.o
 .debug_info    0x0000000000012b81     0x1102 Drivers/STM32F4xx_HAL_Driver/Src/stm32f4xx_hal_tim_ex.o
 .debug_info    0x0000000000013c83     0x11d3 Drivers/STM32F4xx_HAL_Driver/Src/stm32f4xx_hal_uart.o
 .debug_info    0x0000000000014e56      0xeba Drivers/STM32F4xx_HAL_Driver/Src/stm32f4xx_ll_fmc.o
 .debug_info    0x0000000000015d10      0xcba Src/crc.o
 .debug_info    0x00000000000169ca     0x10f4 Src/dma2d.o
 .debug_info    0x0000000000017abe     0x115a Src/fmc.o
 .debug_info    0x0000000000018c18      0x940 Src/gfxsimulator.o
 .debug_info    0x0000000000019558      0xd14 Src/gpio.o
 .debug_info    0x000000000001a26c     0x11dc Src/i2c.o
 .debug_info    0x000000000001b448     0x1349 Src/ltdc.o
 .debug_info    0x000000000001c791     0x2c84 Src/main.o
 .debug_info    0x000000000001f415     0x118e Src/spi.o
 .debug_info    0x00000000000205a3      0xb3f Src/stm32f4xx_hal_msp.o
 .debug_info    0x00000000000210e2      0xb28 Src/stm32f4xx_hal_timebase_tim.o
 .debug_info    0x0000000000021c0a     0x1540 Src/stm32f4xx_it.o
 .debug_info    0x000000000002314a      0xf16 Src/syscalls.o
 .debug_info    0x0000000000024060      0x51f Src/system_stm32f4xx.o
 .debug_info    0x000000000002457f     0x13dc Src/tim.o
 .debug_info    0x000000000002595b     0x1121 Src/usart.o
 .debug_info    0x0000000000026a7c       0x70 startup/startup_stm32f429xx.o

.debug_abbrev   0x0000000000000000     0x4cbe
 .debug_abbrev  0x0000000000000000      0x14e Drivers/BSP/Components/ili9341/ili9341.o
 .debug_abbrev  0x000000000000014e       0xa2 Drivers/BSP/STM32F429I-Discovery/Fonts/font24.o
 .debug_abbrev  0x00000000000001f0      0x2d0 Drivers/BSP/STM32F429I-Discovery/stm32f429i_discovery.o
 .debug_abbrev  0x00000000000004c0      0x2ce Drivers/BSP/STM32F429I-Discovery/stm32f429i_discovery_lcd.o
 .debug_abbrev  0x000000000000078e      0x21a Drivers/BSP/STM32F429I-Discovery/stm32f429i_discovery_sdram.o
 .debug_abbrev  0x00000000000009a8      0x1c6 Drivers/STM32F4xx_HAL_Driver/Src/stm32f4xx_hal.o
 .debug_abbrev  0x0000000000000b6e      0x2f5 Drivers/STM32F4xx_HAL_Driver/Src/stm32f4xx_hal_cortex.o
 .debug_abbrev  0x0000000000000e63      0x1b2 Drivers/STM32F4xx_HAL_Driver/Src/stm32f4xx_hal_crc.o
 .debug_abbrev  0x0000000000001015      0x224 Drivers/STM32F4xx_HAL_Driver/Src/stm32f4xx_hal_dma.o
 .debug_abbrev  0x0000000000001239      0x20c Drivers/STM32F4xx_HAL_Driver/Src/stm32f4xx_hal_dma2d.o
 .debug_abbrev  0x0000000000001445      0x1c4 Drivers/STM32F4xx_HAL_Driver/Src/stm32f4xx_hal_gpio.o
 .debug_abbrev  0x0000000000001609      0x24f Drivers/STM32F4xx_HAL_Driver/Src/stm32f4xx_hal_i2c.o
 .debug_abbrev  0x0000000000001858      0x168 Drivers/STM32F4xx_HAL_Driver/Src/stm32f4xx_hal_i2c_ex.o
 .debug_abbrev  0x00000000000019c0      0x204 Drivers/STM32F4xx_HAL_Driver/Src/stm32f4xx_hal_ltdc.o
 .debug_abbrev  0x0000000000001bc4      0x1b3 Drivers/STM32F4xx_HAL_Driver/Src/stm32f4xx_hal_pwr_ex.o
 .debug_abbrev  0x0000000000001d77      0x240 Drivers/STM32F4xx_HAL_Driver/Src/stm32f4xx_hal_rcc.o
 .debug_abbrev  0x0000000000001fb7      0x16e Drivers/STM32F4xx_HAL_Driver/Src/stm32f4xx_hal_rcc_ex.o
 .debug_abbrev  0x0000000000002125      0x1f2 Drivers/STM32F4xx_HAL_Driver/Src/stm32f4xx_hal_sdram.o
 .debug_abbrev  0x0000000000002317      0x23b Drivers/STM32F4xx_HAL_Driver/Src/stm32f4xx_hal_spi.o
 .debug_abbrev  0x0000000000002552      0x229 Drivers/STM32F4xx_HAL_Driver/Src/stm32f4xx_hal_tim.o
 .debug_abbrev  0x000000000000277b      0x217 Drivers/STM32F4xx_HAL_Driver/Src/stm32f4xx_hal_tim_ex.o
 .debug_abbrev  0x0000000000002992      0x23d Drivers/STM32F4xx_HAL_Driver/Src/stm32f4xx_hal_uart.o
 .debug_abbrev  0x0000000000002bcf      0x187 Drivers/STM32F4xx_HAL_Driver/Src/stm32f4xx_ll_fmc.o
 .debug_abbrev  0x0000000000002d56      0x1eb Src/crc.o
 .debug_abbrev  0x0000000000002f41      0x210 Src/dma2d.o
 .debug_abbrev  0x0000000000003151      0x242 Src/fmc.o
 .debug_abbrev  0x0000000000003393      0x178 Src/gfxsimulator.o
 .debug_abbrev  0x000000000000350b      0x1c0 Src/gpio.o
 .debug_abbrev  0x00000000000036cb      0x1f6 Src/i2c.o
 .debug_abbrev  0x00000000000038c1      0x1ff Src/ltdc.o
 .debug_abbrev  0x0000000000003ac0      0x323 Src/main.o
 .debug_abbrev  0x0000000000003de3      0x1f6 Src/spi.o
 .debug_abbrev  0x0000000000003fd9      0x1a8 Src/stm32f4xx_hal_msp.o
 .debug_abbrev  0x0000000000004181      0x196 Src/stm32f4xx_hal_timebase_tim.o
 .debug_abbrev  0x0000000000004317      0x1e0 Src/stm32f4xx_it.o
 .debug_abbrev  0x00000000000044f7      0x271 Src/syscalls.o
 .debug_abbrev  0x0000000000004768      0x10e Src/system_stm32f4xx.o
 .debug_abbrev  0x0000000000004876      0x240 Src/tim.o
 .debug_abbrev  0x0000000000004ab6      0x1f6 Src/usart.o
 .debug_abbrev  0x0000000000004cac       0x12 startup/startup_stm32f429xx.o

.debug_aranges  0x0000000000000000     0x1c50
 .debug_aranges
                0x0000000000000000       0x60 Drivers/BSP/Components/ili9341/ili9341.o
 .debug_aranges
                0x0000000000000060       0x18 Drivers/BSP/STM32F429I-Discovery/Fonts/font24.o
 .debug_aranges
                0x0000000000000078      0x1a8 Drivers/BSP/STM32F429I-Discovery/stm32f429i_discovery.o
 .debug_aranges
                0x0000000000000220      0x1a8 Drivers/BSP/STM32F429I-Discovery/stm32f429i_discovery_lcd.o
 .debug_aranges
                0x00000000000003c8       0x68 Drivers/BSP/STM32F429I-Discovery/stm32f429i_discovery_sdram.o
 .debug_aranges
                0x0000000000000430      0x100 Drivers/STM32F4xx_HAL_Driver/Src/stm32f4xx_hal.o
 .debug_aranges
                0x0000000000000530      0x118 Drivers/STM32F4xx_HAL_Driver/Src/stm32f4xx_hal_cortex.o
 .debug_aranges
                0x0000000000000648       0x50 Drivers/STM32F4xx_HAL_Driver/Src/stm32f4xx_hal_crc.o
 .debug_aranges
                0x0000000000000698       0x90 Drivers/STM32F4xx_HAL_Driver/Src/stm32f4xx_hal_dma.o
 .debug_aranges
                0x0000000000000728      0x108 Drivers/STM32F4xx_HAL_Driver/Src/stm32f4xx_hal_dma2d.o
 .debug_aranges
                0x0000000000000830       0x58 Drivers/STM32F4xx_HAL_Driver/Src/stm32f4xx_hal_gpio.o
 .debug_aranges
                0x0000000000000888      0x290 Drivers/STM32F4xx_HAL_Driver/Src/stm32f4xx_hal_i2c.o
 .debug_aranges