Archive member included to satisfy reference by file (symbol)

d:/program files (x86)/atollic/truestudio for stm32 9.3.0/armtools/bin/../lib/gcc/arm-atollic-eabi/6.3.1/../../../../arm-atollic-eabi/lib/armv7e-m/fpu\libc_nano.a(lib_a-errno.o)
                              Src\syscalls.o (__errno)
d:/program files (x86)/atollic/truestudio for stm32 9.3.0/armtools/bin/../lib/gcc/arm-atollic-eabi/6.3.1/../../../../arm-atollic-eabi/lib/armv7e-m/fpu\libc_nano.a(lib_a-impure.o)
                              d:/program files (x86)/atollic/truestudio for stm32 9.3.0/armtools/bin/../lib/gcc/arm-atollic-eabi/6.3.1/../../../../arm-atollic-eabi/lib/armv7e-m/fpu\libc_nano.a(lib_a-errno.o) (_impure_ptr)
d:/program files (x86)/atollic/truestudio for stm32 9.3.0/armtools/bin/../lib/gcc/arm-atollic-eabi/6.3.1/../../../../arm-atollic-eabi/lib/armv7e-m/fpu\libc_nano.a(lib_a-init.o)
                              startup\startup_stm32f429xx.o (__libc_init_array)
d:/program files (x86)/atollic/truestudio for stm32 9.3.0/armtools/bin/../lib/gcc/arm-atollic-eabi/6.3.1/../../../../arm-atollic-eabi/lib/armv7e-m/fpu\libc_nano.a(lib_a-memset.o)
                              Src\ltdc.o (memset)
d:/program files (x86)/atollic/truestudio for stm32 9.3.0/armtools/bin/../lib/gcc/arm-atollic-eabi/6.3.1/../../../../arm-atollic-eabi/lib/armv7e-m/fpu\libc_nano.a(lib_a-printf.o)
                              Src\main.o (printf)
d:/program files (x86)/atollic/truestudio for stm32 9.3.0/armtools/bin/../lib/gcc/arm-atollic-eabi/6.3.1/../../../../arm-atollic-eabi/lib/armv7e-m/fpu\libc_nano.a(lib_a-findfp.o)
                              d:/program files (x86)/atollic/truestudio for stm32 9.3.0/armtools/bin/../lib/gcc/arm-atollic-eabi/6.3.1/../../../../arm-atollic-eabi/lib/armv7e-m/fpu\libc_nano.a(lib_a-printf.o) (__sinit)
d:/program files (x86)/atollic/truestudio for stm32 9.3.0/armtools/bin/../lib/gcc/arm-atollic-eabi/6.3.1/../../../../arm-atollic-eabi/lib/armv7e-m/fpu\libc_nano.a(lib_a-fwalk.o)
                              d:/program files (x86)/atollic/truestudio for stm32 9.3.0/armtools/bin/../lib/gcc/arm-atollic-eabi/6.3.1/../../../../arm-atollic-eabi/lib/armv7e-m/fpu\libc_nano.a(lib_a-findfp.o) (_fwalk)
d:/program files (x86)/atollic/truestudio for stm32 9.3.0/armtools/bin/../lib/gcc/arm-atollic-eabi/6.3.1/../../../../arm-atollic-eabi/lib/armv7e-m/fpu\libc_nano.a(lib_a-nano-mallocr.o)
                              d:/program files (x86)/atollic/truestudio for stm32 9.3.0/armtools/bin/../lib/gcc/arm-atollic-eabi/6.3.1/../../../../arm-atollic-eabi/lib/armv7e-m/fpu\libc_nano.a(lib_a-findfp.o) (_malloc_r)
d:/program files (x86)/atollic/truestudio for stm32 9.3.0/armtools/bin/../lib/gcc/arm-atollic-eabi/6.3.1/../../../../arm-atollic-eabi/lib/armv7e-m/fpu\libc_nano.a(lib_a-nano-vfprintf.o)
                              d:/program files (x86)/atollic/truestudio for stm32 9.3.0/armtools/bin/../lib/gcc/arm-atollic-eabi/6.3.1/../../../../arm-atollic-eabi/lib/armv7e-m/fpu\libc_nano.a(lib_a-printf.o) (_vfprintf_r)
d:/program files (x86)/atollic/truestudio for stm32 9.3.0/armtools/bin/../lib/gcc/arm-atollic-eabi/6.3.1/../../../../arm-atollic-eabi/lib/armv7e-m/fpu\libc_nano.a(lib_a-nano-vfprintf_i.o)
                              d:/program files (x86)/atollic/truestudio for stm32 9.3.0/armtools/bin/../lib/gcc/arm-atollic-eabi/6.3.1/../../../../arm-atollic-eabi/lib/armv7e-m/fpu\libc_nano.a(lib_a-nano-vfprintf.o) (_printf_i)
d:/program files (x86)/atollic/truestudio for stm32 9.3.0/armtools/bin/../lib/gcc/arm-atollic-eabi/6.3.1/../../../../arm-atollic-eabi/lib/armv7e-m/fpu\libc_nano.a(lib_a-sbrkr.o)
                              d:/program files (x86)/atollic/truestudio for stm32 9.3.0/armtools/bin/../lib/gcc/arm-atollic-eabi/6.3.1/../../../../arm-atollic-eabi/lib/armv7e-m/fpu\libc_nano.a(lib_a-nano-mallocr.o) (_sbrk_r)
d:/program files (x86)/atollic/truestudio for stm32 9.3.0/armtools/bin/../lib/gcc/arm-atollic-eabi/6.3.1/../../../../arm-atollic-eabi/lib/armv7e-m/fpu\libc_nano.a(lib_a-stdio.o)
                              d:/program files (x86)/atollic/truestudio for stm32 9.3.0/armtools/bin/../lib/gcc/arm-atollic-eabi/6.3.1/../../../../arm-atollic-eabi/lib/armv7e-m/fpu\libc_nano.a(lib_a-findfp.o) (__sread)
d:/program files (x86)/atollic/truestudio for stm32 9.3.0/armtools/bin/../lib/gcc/arm-atollic-eabi/6.3.1/../../../../arm-atollic-eabi/lib/armv7e-m/fpu\libc_nano.a(lib_a-wbuf.o)
                              d:/program files (x86)/atollic/truestudio for stm32 9.3.0/armtools/bin/../lib/gcc/arm-atollic-eabi/6.3.1/../../../../arm-atollic-eabi/lib/armv7e-m/fpu\libc_nano.a(lib_a-nano-vfprintf.o) (__swbuf_r)
d:/program files (x86)/atollic/truestudio for stm32 9.3.0/armtools/bin/../lib/gcc/arm-atollic-eabi/6.3.1/../../../../arm-atollic-eabi/lib/armv7e-m/fpu\libc_nano.a(lib_a-writer.o)
[...]
Memory Configuration

Name             Origin             Length             Attributes
RAM              0x20000000         0x00030000         xrw
CCMRAM           0x10000000         0x00010000         rw
FLASH            0x08000000         0x00200000         xr
*default*        0x00000000         0xffffffff

Linker script and memory map

LOAD d:/program files (x86)/atollic/truestudio for stm32 9.3.0/armtools/bin/../lib/gcc/arm-atollic-eabi/6.3.1/armv7e-m/fpu/crti.o
LOAD d:/program files (x86)/atollic/truestudio for stm32 9.3.0/armtools/bin/../lib/gcc/arm-atollic-eabi/6.3.1/armv7e-m/fpu/crtbegin.o
LOAD Drivers\BSP\Components\ili9341\ili9341.o
LOAD Drivers\BSP\Components\l3gd20\l3gd20.o
LOAD Drivers\BSP\Components\stmpe811\stmpe811.o
LOAD Drivers\BSP\STM32F429I-Discovery\Fonts\font12.o
LOAD Drivers\BSP\STM32F429I-Discovery\Fonts\font16.o
LOAD Drivers\BSP\STM32F429I-Discovery\Fonts\font20.o
LOAD Drivers\BSP\STM32F429I-Discovery\Fonts\font24.o
LOAD Drivers\BSP\STM32F429I-Discovery\Fonts\font8.o
LOAD Drivers\BSP\STM32F429I-Discovery\stm32f429i_discovery.o
LOAD Drivers\BSP\STM32F429I-Discovery\stm32f429i_discovery_eeprom.o
LOAD Drivers\BSP\STM32F429I-Discovery\stm32f429i_discovery_gyroscope.o
LOAD Drivers\BSP\STM32F429I-Discovery\stm32f429i_discovery_io.o
LOAD Drivers\BSP\STM32F429I-Discovery\stm32f429i_discovery_lcd.o
LOAD Drivers\BSP\STM32F429I-Discovery\stm32f429i_discovery_sdram.o
LOAD Drivers\BSP\STM32F429I-Discovery\stm32f429i_discovery_ts.o
LOAD Drivers\STM32F4xx_HAL_Driver\Src\stm32f4xx_hal.o
LOAD Drivers\STM32F4xx_HAL_Driver\Src\stm32f4xx_hal_cortex.o
LOAD Drivers\STM32F4xx_HAL_Driver\Src\stm32f4xx_hal_crc.o
LOAD Drivers\STM32F4xx_HAL_Driver\Src\stm32f4xx_hal_dma.o
LOAD Drivers\STM32F4xx_HAL_Driver\Src\stm32f4xx_hal_dma2d.o
LOAD Drivers\STM32F4xx_HAL_Driver\Src\stm32f4xx_hal_dma_ex.o
LOAD Drivers\STM32F4xx_HAL_Driver\Src\stm32f4xx_hal_dsi.o
LOAD Drivers\STM32F4xx_HAL_Driver\Src\stm32f4xx_hal_exti.o
LOAD Drivers\STM32F4xx_HAL_Driver\Src\stm32f4xx_hal_flash.o
LOAD Drivers\STM32F4xx_HAL_Driver\Src\stm32f4xx_hal_flash_ex.o
LOAD Drivers\STM32F4xx_HAL_Driver\Src\stm32f4xx_hal_flash_ramfunc.o
LOAD Drivers\STM32F4xx_HAL_Driver\Src\stm32f4xx_hal_gpio.o
LOAD Drivers\STM32F4xx_HAL_Driver\Src\stm32f4xx_hal_i2c.o
LOAD Drivers\STM32F4xx_HAL_Driver\Src\stm32f4xx_hal_i2c_ex.o
LOAD Drivers\STM32F4xx_HAL_Driver\Src\stm32f4xx_hal_ltdc.o
LOAD Drivers\STM32F4xx_HAL_Driver\Src\stm32f4xx_hal_ltdc_ex.o
LOAD Drivers\STM32F4xx_HAL_Driver\Src\stm32f4xx_hal_pwr.o
LOAD Drivers\STM32F4xx_HAL_Driver\Src\stm32f4xx_hal_pwr_ex.o
LOAD Drivers\STM32F4xx_HAL_Driver\Src\stm32f4xx_hal_rcc.o
LOAD Drivers\STM32F4xx_HAL_Driver\Src\stm32f4xx_hal_rcc_ex.o
LOAD Drivers\STM32F4xx_HAL_Driver\Src\stm32f4xx_hal_sdram.o
LOAD Drivers\STM32F4xx_HAL_Driver\Src\stm32f4xx_hal_spi.o
LOAD Drivers\STM32F4xx_HAL_Driver\Src\stm32f4xx_hal_tim.o
LOAD Drivers\STM32F4xx_HAL_Driver\Src\stm32f4xx_hal_tim_ex.o
LOAD Drivers\STM32F4xx_HAL_Driver\Src\stm32f4xx_hal_uart.o
LOAD Drivers\STM32F4xx_HAL_Driver\Src\stm32f4xx_ll_fmc.o
LOAD Src\crc.o
LOAD Src\dma2d.o
LOAD Src\fmc.o
LOAD Src\gfxsimulator.o
LOAD Src\gpio.o
LOAD Src\i2c.o
LOAD Src\ltdc.o
LOAD Src\main.o
LOAD Src\spi.o
LOAD Src\stm32f4xx_hal_msp.o
LOAD Src\stm32f4xx_hal_timebase_tim.o
LOAD Src\stm32f4xx_it.o
LOAD Src\syscalls.o
LOAD Src\system_stm32f4xx.o
LOAD Src\tim.o
LOAD Src\usart.o
LOAD startup\startup_stm32f429xx.o
                0x00000080                malloc_getpagesize_P = 0x80
START GROUP
LOAD d:/program files (x86)/atollic/truestudio for stm32 9.3.0/armtools/bin/../lib/gcc/arm-atollic-eabi/6.3.1/../../../../arm-atollic-eabi/lib/armv7e-m/fpu\libc_nano.a
LOAD d:/program files (x86)/atollic/truestudio for stm32 9.3.0/armtools/bin/../lib/gcc/arm-atollic-eabi/6.3.1/../../../../arm-atollic-eabi/lib/armv7e-m/fpu\libm.a
END GROUP
START GROUP
LOAD d:/program files (x86)/atollic/truestudio for stm32 9.3.0/armtools/bin/../lib/gcc/arm-atollic-eabi/6.3.1/armv7e-m/fpu\libgcc.a
LOAD d:/program files (x86)/atollic/truestudio for stm32 9.3.0/armtools/bin/../lib/gcc/arm-atollic-eabi/6.3.1/../../../../arm-atollic-eabi/lib/armv7e-m/fpu\libc_nano.a
END GROUP
START GROUP
LOAD d:/program files (x86)/atollic/truestudio for stm32 9.3.0/armtools/bin/../lib/gcc/arm-atollic-eabi/6.3.1/armv7e-m/fpu\libgcc.a
LOAD d:/program files (x86)/atollic/truestudio for stm32 9.3.0/armtools/bin/../lib/gcc/arm-atollic-eabi/6.3.1/../../../../arm-atollic-eabi/lib/armv7e-m/fpu\libc_nano.a
LOAD d:/program files (x86)/atollic/truestudio for stm32 9.3.0/armtools/bin/../lib/gcc/arm-atollic-eabi/6.3.1/../../../../arm-atollic-eabi/lib/armv7e-m/fpu\libnosys.a
END GROUP
START GROUP
LOAD d:/program files (x86)/atollic/truestudio for stm32 9.3.0/armtools/bin/../lib/gcc/arm-atollic-eabi/6.3.1/armv7e-m/fpu\libgcc.a
LOAD d:/program files (x86)/atollic/truestudio for stm32 9.3.0/armtools/bin/../lib/gcc/arm-atollic-eabi/6.3.1/../../../../arm-atollic-eabi/lib/armv7e-m/fpu\libc_nano.a
LOAD d:/program files (x86)/atollic/truestudio for stm32 9.3.0/armtools/bin/../lib/gcc/arm-atollic-eabi/6.3.1/../../../../arm-atollic-eabi/lib/armv7e-m/fpu\libnosys.a
END GROUP
LOAD d:/program files (x86)/atollic/truestudio for stm32 9.3.0/armtools/bin/../lib/gcc/arm-atollic-eabi/6.3.1/armv7e-m/fpu/crtend.o
LOAD d:/program files (x86)/atollic/truestudio for stm32 9.3.0/armtools/bin/../lib/gcc/arm-atollic-eabi/6.3.1/armv7e-m/fpu/crtn.o
                0x20030000                _estack = 0x20030000
                0x00000200                _Min_Heap_Size = 0x200
                0x00000400                _Min_Stack_Size = 0x400

.isr_vector     0x08000000      0x1ac
                0x08000000                . = ALIGN (0x4)
 *(.isr_vector)
 .isr_vector    0x08000000      0x1ac startup\startup_stm32f429xx.o
                0x08000000                g_pfnVectors
                0x080001ac                . = ALIGN (0x4)

.text           0x080001b0     0xaa54
                0x080001b0                . = ALIGN (0x4)
 *(.text)
 .text          0x080001b0       0x40 d:/program files (x86)/atollic/truestudio for stm32 9.3.0/armtools/bin/../lib/gcc/arm-atollic-eabi/6.3.1/armv7e-m/fpu/crtbegin.o
 .text          0x080001f0       0xa0 d:/program files (x86)/atollic/truestudio for stm32 9.3.0/armtools/bin/../lib/gcc/arm-atollic-eabi/6.3.1/../../../../arm-atollic-eabi/lib/armv7e-m/fpu\libc_nano.a(lib_a-memchr.o)
                0x080001f0                memchr
 .text          0x08000290      0x370 d:/program files (x86)/atollic/truestudio for stm32 9.3.0/armtools/bin/../lib/gcc/arm-atollic-eabi/6.3.1/armv7e-m/fpu\libgcc.a(_arm_addsubdf3.o)
                0x08000290                __aeabi_drsub
                0x08000298                __aeabi_dsub
                0x08000298                __subdf3
                0x0800029c                __aeabi_dadd
                0x0800029c                __adddf3
                0x08000514                __floatunsidf
                0x08000514                __aeabi_ui2d
                0x08000534                __floatsidf
                0x08000534                __aeabi_i2d
                0x08000558                __aeabi_f2d
                0x08000558                __extendsfdf2
                0x08000594                __floatundidf
                0x08000594                __aeabi_ul2d
                0x080005a4                __floatdidf
                0x080005a4                __aeabi_l2d
 .text          0x08000600      0x424 d:/program files (x86)/atollic/truestudio for stm32 9.3.0/armtools/bin/../lib/gcc/arm-atollic-eabi/6.3.1/armv7e-m/fpu\libgcc.a(_arm_muldivdf3.o)
                0x08000600                __aeabi_dmul
                0x08000600                __muldf3
                0x08000854                __divdf3
                0x08000854                __aeabi_ddiv
 .text          0x08000a24       0x50 d:/program files (x86)/atollic/truestudio for stm32 9.3.0/armtools/bin/../lib/gcc/arm-atollic-eabi/6.3.1/armv7e-m/fpu\libgcc.a(_arm_fixdfsi.o)
                0x08000a24                __aeabi_d2iz
                0x08000a24                __fixdfsi
 .text          0x08000a74       0x30 d:/program files (x86)/atollic/truestudio for stm32 9.3.0/armtools/bin/../lib/gcc/arm-atollic-eabi/6.3.1/armv7e-m/fpu\libgcc.a(_aeabi_uldivmod.o)
                0x08000a74                __aeabi_uldivmod
 .text          0x08000aa4      0x2dc d:/program files (x86)/atollic/truestudio for stm32 9.3.0/armtools/bin/../lib/gcc/arm-atollic-eabi/6.3.1/armv7e-m/fpu\libgcc.a(_udivmoddi4.o)
                0x08000aa4                __udivmoddi4
 .text          0x08000d80        0x4 d:/program files (x86)/atollic/truestudio for stm32 9.3.0/armtools/bin/../lib/gcc/arm-atollic-eabi/6.3.1/armv7e-m/fpu\libgcc.a(_dvmd_tls.o)
                0x08000d80                __aeabi_idiv0
                0x08000d80                __aeabi_ldiv0
 *(.text*)
 .text.ili9341_Init
                0x08000d84      0x294 Drivers\BSP\Components\ili9341\ili9341.o
                0x08000d84                ili9341_Init
 .text.ili9341_ReadID
                0x08001018       0x18 Drivers\BSP\Components\ili9341\ili9341.o
                0x08001018                ili9341_ReadID
 .text.ili9341_DisplayOn
                0x08001030        0xe Drivers\BSP\Components\ili9341\ili9341.o
                0x08001030                ili9341_DisplayOn
 .text.ili9341_DisplayOff
                0x0800103e        0xe Drivers\BSP\Components\ili9341\ili9341.o
                0x0800103e                ili9341_DisplayOff
 .text.ili9341_WriteReg
                0x0800104c       0x1a Drivers\BSP\Components\ili9341\ili9341.o
                0x0800104c                ili9341_WriteReg
 .text.ili9341_WriteData
                0x08001066       0x1a Drivers\BSP\Components\ili9341\ili9341.o
                0x08001066                ili9341_WriteData
 .text.ili9341_ReadData
                0x08001080       0x26 Drivers\BSP\Components\ili9341\ili9341.o
                0x08001080                ili9341_ReadData
 .text.ili9341_GetLcdPixelWidth
                0x080010a6       0x10 Drivers\BSP\Components\ili9341\ili9341.o
                0x080010a6                ili9341_GetLcdPixelWidth
 .text.ili9341_GetLcdPixelHeight
                0x080010b6       0x12 Drivers\BSP\Components\ili9341\ili9341.o
                0x080010b6                ili9341_GetLcdPixelHeight
 .text.SPIx_Init
                0x080010c8       0x74 Drivers\BSP\STM32F429I-Discovery\stm32f429i_discovery.o
 .text.SPIx_Read
                0x0800113c       0x40 Drivers\BSP\STM32F429I-Discovery\stm32f429i_discovery.o
 .text.SPIx_Write
                0x0800117c       0x3c Drivers\BSP\STM32F429I-Discovery\stm32f429i_discovery.o
 .text.SPIx_Error
                0x080011b8       0x18 Drivers\BSP\STM32F429I-Discovery\stm32f429i_discovery.o
 .text.SPIx_MspInit
                0x080011d0       0x74 Drivers\BSP\STM32F429I-Discovery\stm32f429i_discovery.o
 .text.LCD_IO_Init
                0x08001244       0xf0 Drivers\BSP\STM32F429I-Discovery\stm32f429i_discovery.o
                0x08001244                LCD_IO_Init
 .text.LCD_IO_WriteData
                0x08001334       0x44 Drivers\BSP\STM32F429I-Discovery\stm32f429i_discovery.o
                0x08001334                LCD_IO_WriteData
 .text.LCD_IO_WriteReg
                0x08001378       0x44 Drivers\BSP\STM32F429I-Discovery\stm32f429i_discovery.o
                0x08001378                LCD_IO_WriteReg
 .text.LCD_IO_ReadData
                0x080013bc       0x64 Drivers\BSP\STM32F429I-Discovery\stm32f429i_discovery.o
                0x080013bc                LCD_IO_ReadData
 .text.LCD_Delay
                0x08001420       0x16 Drivers\BSP\STM32F429I-Discovery\stm32f429i_discovery.o
                0x08001420                LCD_Delay
 *fill*         0x08001436        0x2 
 .text.BSP_LCD_Init
                0x08001438       0xd4 Drivers\BSP\STM32F429I-Discovery\stm32f429i_discovery_lcd.o
                0x08001438                BSP_LCD_Init
 .text.BSP_LCD_GetXSize
                0x0800150c       0x18 Drivers\BSP\STM32F429I-Discovery\stm32f429i_discovery_lcd.o
                0x0800150c                BSP_LCD_GetXSize
 .text.BSP_LCD_GetYSize
                0x08001524       0x18 Drivers\BSP\STM32F429I-Discovery\stm32f429i_discovery_lcd.o
                0x08001524                BSP_LCD_GetYSize
 .text.BSP_LCD_LayerDefaultInit
                0x0800153c       0xc8 Drivers\BSP\STM32F429I-Discovery\stm32f429i_discovery_lcd.o
                0x0800153c                BSP_LCD_LayerDefaultInit
 .text.BSP_LCD_SelectLayer
                0x08001604       0x20 Drivers\BSP\STM32F429I-Discovery\stm32f429i_discovery_lcd.o
                0x08001604                BSP_LCD_SelectLayer
 .text.BSP_LCD_SetTextColor
                0x08001624       0x30 Drivers\BSP\STM32F429I-Discovery\stm32f429i_discovery_lcd.o
                0x08001624                BSP_LCD_SetTextColor
 .text.BSP_LCD_SetFont
                0x08001654       0x34 Drivers\BSP\STM32F429I-Discovery\stm32f429i_discovery_lcd.o
                0x08001654                BSP_LCD_SetFont
 .text.BSP_LCD_Clear
                0x08001688       0x50 Drivers\BSP\STM32F429I-Discovery\stm32f429i_discovery_lcd.o
                0x08001688                BSP_LCD_Clear
 .text.BSP_LCD_ClearStringLine
                0x080016d8       0xc8 Drivers\BSP\STM32F429I-Discovery\stm32f429i_discovery_lcd.o
                0x080016d8                BSP_LCD_ClearStringLine
 .text.BSP_LCD_DrawHLine
                0x080017a0       0x7c Drivers\BSP\STM32F429I-Discovery\stm32f429i_discovery_lcd.o
                0x080017a0                BSP_LCD_DrawHLine
 .text.BSP_LCD_DrawCircle
                0x0800181c      0x1e0 Drivers\BSP\STM32F429I-Discovery\stm32f429i_discovery_lcd.o
                0x0800181c                BSP_LCD_DrawCircle
 .text.BSP_LCD_DrawBitmap
                0x080019fc      0x128 Drivers\BSP\STM32F429I-Discovery\stm32f429i_discovery_lcd.o
                0x080019fc                BSP_LCD_DrawBitmap
 .text.BSP_LCD_FillRect
                0x08001b24       0xb4 Drivers\BSP\STM32F429I-Discovery\stm32f429i_discovery_lcd.o
                0x08001b24                BSP_LCD_FillRect
 .text.BSP_LCD_FillCircle
                0x08001bd8      0x140 Drivers\BSP\STM32F429I-Discovery\stm32f429i_discovery_lcd.o
                0x08001bd8                BSP_LCD_FillCircle
 .text.BSP_LCD_DisplayOn
                0x08001d18       0x20 Drivers\BSP\STM32F429I-Discovery\stm32f429i_discovery_lcd.o
                0x08001d18                BSP_LCD_DisplayOn
 .text.BSP_LCD_MspInit
                0x08001d38      0x1ac Drivers\BSP\STM32F429I-Discovery\stm32f429i_discovery_lcd.o
                0x08001d38                BSP_LCD_MspInit
 .text.BSP_LCD_DrawPixel
                0x08001ee4       0x4c Drivers\BSP\STM32F429I-Discovery\stm32f429i_discovery_lcd.o
                0x08001ee4                BSP_LCD_DrawPixel
 .text.FillBuffer
                0x08001f30       0x70 Drivers\BSP\STM32F429I-Discovery\stm32f429i_discovery_lcd.o
 .text.ConvertLineToARGB8888
                0x08001fa0       0x88 Drivers\BSP\STM32F429I-Discovery\stm32f429i_discovery_lcd.o
 .text.BSP_SDRAM_Init
                0x08002028       0xbc Drivers\BSP\STM32F429I-Discovery\stm32f429i_discovery_sdram.o
                0x08002028                BSP_SDRAM_Init
 .text.BSP_SDRAM_Initialization_sequence
                0x080020e4       0xc0 Drivers\BSP\STM32F429I-Discovery\stm32f429i_discovery_sdram.o
                0x080020e4                BSP_SDRAM_Initialization_sequence
 .text.BSP_SDRAM_MspInit
                0x080021a4      0x218 Drivers\BSP\STM32F429I-Discovery\stm32f429i_discovery_sdram.o
                0x080021a4                BSP_SDRAM_MspInit
 .text.HAL_Init
                0x080023bc       0x44 Drivers\STM32F4xx_HAL_Driver\Src\stm32f4xx_hal.o
                0x080023bc                HAL_Init
 .text.HAL_IncTick
                0x08002400       0x28 Drivers\STM32F4xx_HAL_Driver\Src\stm32f4xx_hal.o
                0x08002400                HAL_IncTick
 .text.HAL_GetTick
                0x08002428       0x18 Drivers\STM32F4xx_HAL_Driver\Src\stm32f4xx_hal.o
                0x08002428                HAL_GetTick
 .text.HAL_Delay
                0x08002440       0x44 Drivers\STM32F4xx_HAL_Driver\Src\stm32f4xx_hal.o
                0x08002440                HAL_Delay
 .text.__NVIC_SetPriorityGrouping
                0x08002484       0x48 Drivers\STM32F4xx_HAL_Driver\Src\stm32f4xx_hal_cortex.o
 .text.__NVIC_GetPriorityGrouping
                0x080024cc       0x1c Drivers\STM32F4xx_HAL_Driver\Src\stm32f4xx_hal_cortex.o
 .text.__NVIC_EnableIRQ
                0x080024e8       0x3c Drivers\STM32F4xx_HAL_Driver\Src\stm32f4xx_hal_cortex.o
 .text.__NVIC_SetPriority
                0x08002524       0x54 Drivers\STM32F4xx_HAL_Driver\Src\stm32f4xx_hal_cortex.o
 .text.NVIC_EncodePriority
                0x08002578       0x62 Drivers\STM32F4xx_HAL_Driver\Src\stm32f4xx_hal_cortex.o
 .text.HAL_NVIC_SetPriorityGrouping
                0x080025da       0x16 Drivers\STM32F4xx_HAL_Driver\Src\stm32f4xx_hal_cortex.o
                0x080025da                HAL_NVIC_SetPriorityGrouping
 .text.HAL_NVIC_SetPriority
                0x080025f0       0x38 Drivers\STM32F4xx_HAL_Driver\Src\stm32f4xx_hal_cortex.o
                0x080025f0                HAL_NVIC_SetPriority
 .text.HAL_NVIC_EnableIRQ
                0x08002628       0x1c Drivers\STM32F4xx_HAL_Driver\Src\stm32f4xx_hal_cortex.o
                0x08002628                HAL_NVIC_EnableIRQ
 .text.HAL_CRC_Init
                0x08002644       0x3e Drivers\STM32F4xx_HAL_Driver\Src\stm32f4xx_hal_crc.o
                0x08002644                HAL_CRC_Init
 *fill*         0x08002682        0x2 
 .text.HAL_DMA_Init
                0x08002684      0x15c Drivers\STM32F4xx_HAL_Driver\Src\stm32f4xx_hal_dma.o
                0x08002684                HAL_DMA_Init
 .text.HAL_DMA_DeInit
                0x080027e0       0xbc Drivers\STM32F4xx_HAL_Driver\Src\stm32f4xx_hal_dma.o
                0x080027e0                HAL_DMA_DeInit
 .text.DMA_CalcBaseAndBitshift
                0x0800289c       0x6c Drivers\STM32F4xx_HAL_Driver\Src\stm32f4xx_hal_dma.o
 .text.DMA_CheckFifoParam
                0x08002908       0xf4 Drivers\STM32F4xx_HAL_Driver\Src\stm32f4xx_hal_dma.o
 .text.HAL_DMA2D_Init
                0x080029fc       0x92 Drivers\STM32F4xx_HAL_Driver\Src\stm32f4xx_hal_dma2d.o
                0x080029fc                HAL_DMA2D_Init
 .text.HAL_DMA2D_Start
                0x08002a8e       0x56 Drivers\STM32F4xx_HAL_Driver\Src\stm32f4xx_hal_dma2d.o
                0x08002a8e                HAL_DMA2D_Start
 .text.HAL_DMA2D_PollForTransfer
                0x08002ae4      0x1d2 Drivers\STM32F4xx_HAL_Driver\Src\stm32f4xx_hal_dma2d.o
                0x08002ae4                HAL_DMA2D_PollForTransfer
 .text.HAL_DMA2D_IRQHandler
                0x08002cb6      0x1f8 Drivers\STM32F4xx_HAL_Driver\Src\stm32f4xx_hal_dma2d.o
                0x08002cb6                HAL_DMA2D_IRQHandler
 .text.HAL_DMA2D_LineEventCallback
                0x08002eae       0x14 Drivers\STM32F4xx_HAL_Driver\Src\stm32f4xx_hal_dma2d.o
                0x08002eae                HAL_DMA2D_LineEventCallback
 .text.HAL_DMA2D_CLUTLoadingCpltCallback
                0x08002ec2       0x14 Drivers\STM32F4xx_HAL_Driver\Src\stm32f4xx_hal_dma2d.o
                0x08002ec2                HAL_DMA2D_CLUTLoadingCpltCallback
 *fill*         0x08002ed6        0x2 
 .text.HAL_DMA2D_ConfigLayer
                0x08002ed8      0x120 Drivers\STM32F4xx_HAL_Driver\Src\stm32f4xx_hal_dma2d.o
                0x08002ed8                HAL_DMA2D_ConfigLayer
 .text.DMA2D_SetConfig
                0x08002ff8      0x138 Drivers\STM32F4xx_HAL_Driver\Src\stm32f4xx_hal_dma2d.o
 .text.HAL_GPIO_Init
                0x08003130      0x354 Drivers\STM32F4xx_HAL_Driver\Src\stm32f4xx_hal_gpio.o
                0x08003130                HAL_GPIO_Init
 .text.HAL_GPIO_DeInit
                0x08003484      0x218 Drivers\STM32F4xx_HAL_Driver\Src\stm32f4xx_hal_gpio.o
                0x08003484                HAL_GPIO_DeInit
 .text.HAL_GPIO_WritePin
                0x0800369c       0x32 Drivers\STM32F4xx_HAL_Driver\Src\stm32f4xx_hal_gpio.o
                0x0800369c                HAL_GPIO_WritePin
 *fill*         0x080036ce        0x2 
 .text.HAL_I2C_Init
                0x080036d0      0x250 Drivers\STM32F4xx_HAL_Driver\Src\stm32f4xx_hal_i2c.o
                0x080036d0                HAL_I2C_Init
 .text.HAL_I2CEx_ConfigAnalogFilter
                0x08003920       0x78 Drivers\STM32F4xx_HAL_Driver\Src\stm32f4xx_hal_i2c_ex.o
                0x08003920                HAL_I2CEx_ConfigAnalogFilter
 .text.HAL_I2CEx_ConfigDigitalFilter
                0x08003998       0x7e Drivers\STM32F4xx_HAL_Driver\Src\stm32f4xx_hal_i2c_ex.o
                0x08003998                HAL_I2CEx_ConfigDigitalFilter
 *fill*         0x08003a16        0x2 
 .text.HAL_LTDC_Init
                0x08003a18      0x1a0 Drivers\STM32F4xx_HAL_Driver\Src\stm32f4xx_hal_ltdc.o
                0x08003a18                HAL_LTDC_Init
 .text.HAL_LTDC_IRQHandler
                0x08003bb8      0x148 Drivers\STM32F4xx_HAL_Driver\Src\stm32f4xx_hal_ltdc.o
                0x08003bb8                HAL_LTDC_IRQHandler
 .text.HAL_LTDC_ErrorCallback
                0x08003d00       0x14 Drivers\STM32F4xx_HAL_Driver\Src\stm32f4xx_hal_ltdc.o
                0x08003d00                HAL_LTDC_ErrorCallback
 .text.HAL_LTDC_LineEventCallback
                0x08003d14       0x14 Drivers\STM32F4xx_HAL_Driver\Src\stm32f4xx_hal_ltdc.o
                0x08003d14                HAL_LTDC_LineEventCallback
 .text.HAL_LTDC_ReloadEventCallback
                0x08003d28       0x14 Drivers\STM32F4xx_HAL_Driver\Src\stm32f4xx_hal_ltdc.o
                0x08003d28                HAL_LTDC_ReloadEventCallback
 .text.HAL_LTDC_ConfigLayer
                0x08003d3c       0x7c Drivers\STM32F4xx_HAL_Driver\Src\stm32f4xx_hal_ltdc.o
                0x08003d3c                HAL_LTDC_ConfigLayer
 .text.HAL_LTDC_EnableDither
                0x08003db8       0x54 Drivers\STM32F4xx_HAL_Driver\Src\stm32f4xx_hal_ltdc.o
                0x08003db8                HAL_LTDC_EnableDither
 .text.LTDC_SetConfig
                0x08003e0c      0x342 Drivers\STM32F4xx_HAL_Driver\Src\stm32f4xx_hal_ltdc.o
 *fill*         0x0800414e        0x2 
 .text.HAL_PWREx_EnableOverDrive
                0x08004150       0xa0 Drivers\STM32F4xx_HAL_Driver\Src\stm32f4xx_hal_pwr_ex.o
                0x08004150                HAL_PWREx_EnableOverDrive
 .text.HAL_RCC_OscConfig
                0x080041f0      0x484 Drivers\STM32F4xx_HAL_Driver\Src\stm32f4xx_hal_rcc.o
                0x080041f0                HAL_RCC_OscConfig
 .text.HAL_RCC_ClockConfig
                0x08004674      0x1c4 Drivers\STM32F4xx_HAL_Driver\Src\stm32f4xx_hal_rcc.o
                0x08004674                HAL_RCC_ClockConfig
 .text.HAL_RCC_GetSysClockFreq
                0x08004838      0x1b0 Drivers\STM32F4xx_HAL_Driver\Src\stm32f4xx_hal_rcc.o
                0x08004838                HAL_RCC_GetSysClockFreq
 .text.HAL_RCC_GetHCLKFreq
                0x080049e8       0x18 Drivers\STM32F4xx_HAL_Driver\Src\stm32f4xx_hal_rcc.o
                0x080049e8                HAL_RCC_GetHCLKFreq
 .text.HAL_RCC_GetPCLK1Freq
                0x08004a00       0x28 Drivers\STM32F4xx_HAL_Driver\Src\stm32f4xx_hal_rcc.o
                0x08004a00                HAL_RCC_GetPCLK1Freq
 .text.HAL_RCC_GetPCLK2Freq
                0x08004a28       0x28 Drivers\STM32F4xx_HAL_Driver\Src\stm32f4xx_hal_rcc.o
                0x08004a28                HAL_RCC_GetPCLK2Freq
 .text.HAL_RCC_GetClockConfig
                0x08004a50       0x64 Drivers\STM32F4xx_HAL_Driver\Src\stm32f4xx_hal_rcc.o
                0x08004a50                HAL_RCC_GetClockConfig
 .text.HAL_RCCEx_PeriphCLKConfig
                0x08004ab4      0x348 Drivers\STM32F4xx_HAL_Driver\Src\stm32f4xx_hal_rcc_ex.o
                0x08004ab4                HAL_RCCEx_PeriphCLKConfig
 .text.HAL_SDRAM_Init
                0x08004dfc       0x68 Drivers\STM32F4xx_HAL_Driver\Src\stm32f4xx_hal_sdram.o
                0x08004dfc                HAL_SDRAM_Init
 .text.HAL_SDRAM_SendCommand
                0x08004e64       0x56 Drivers\STM32F4xx_HAL_Driver\Src\stm32f4xx_hal_sdram.o
                0x08004e64                HAL_SDRAM_SendCommand
 .text.HAL_SDRAM_ProgramRefreshRate
                0x08004eba       0x40 Drivers\STM32F4xx_HAL_Driver\Src\stm32f4xx_hal_sdram.o
                0x08004eba                HAL_SDRAM_ProgramRefreshRate
 .text.HAL_SPI_Init
                0x08004efa       0xc6 Drivers\STM32F4xx_HAL_Driver\Src\stm32f4xx_hal_spi.o
                0x08004efa                HAL_SPI_Init
 .text.HAL_SPI_DeInit
                0x08004fc0       0x50 Drivers\STM32F4xx_HAL_Driver\Src\stm32f4xx_hal_spi.o
                0x08004fc0                HAL_SPI_DeInit
 .text.HAL_SPI_Transmit
                0x08005010      0x264 Drivers\STM32F4xx_HAL_Driver\Src\stm32f4xx_hal_spi.o
                0x08005010                HAL_SPI_Transmit
 .text.HAL_SPI_Receive
                0x08005274      0x20c Drivers\STM32F4xx_HAL_Driver\Src\stm32f4xx_hal_spi.o
                0x08005274                HAL_SPI_Receive
 .text.HAL_SPI_TransmitReceive
                0x08005480      0x340 Drivers\STM32F4xx_HAL_Driver\Src\stm32f4xx_hal_spi.o
                0x08005480                HAL_SPI_TransmitReceive
 .text.HAL_SPI_GetState
                0x080057c0       0x1c Drivers\STM32F4xx_HAL_Driver\Src\stm32f4xx_hal_spi.o
                0x080057c0                HAL_SPI_GetState
 .text.SPI_WaitFlagStateUntilTimeout
                0x080057dc       0xd4 Drivers\STM32F4xx_HAL_Driver\Src\stm32f4xx_hal_spi.o
 .text.SPI_EndRxTransaction
                0x080058b0       0x6a Drivers\STM32F4xx_HAL_Driver\Src\stm32f4xx_hal_spi.o
 .text.SPI_EndRxTxTransaction
                0x0800591a       0x3c Drivers\STM32F4xx_HAL_Driver\Src\stm32f4xx_hal_spi.o
 .text.HAL_TIM_Base_Init
                0x08005956       0x56 Drivers\STM32F4xx_HAL_Driver\Src\stm32f4xx_hal_tim.o
                0x08005956                HAL_TIM_Base_Init
 .text.HAL_TIM_Base_Start_IT
                0x080059ac       0x48 Drivers\STM32F4xx_HAL_Driver\Src\stm32f4xx_hal_tim.o
                0x080059ac                HAL_TIM_Base_Start_IT
 .text.HAL_TIM_IRQHandler
                0x080059f4      0x210 Drivers\STM32F4xx_HAL_Driver\Src\stm32f4xx_hal_tim.o
                0x080059f4                HAL_TIM_IRQHandler
 .text.HAL_TIM_ConfigClockSource
                0x08005c04      0x16e Drivers\STM32F4xx_HAL_Driver\Src\stm32f4xx_hal_tim.o
                0x08005c04                HAL_TIM_ConfigClockSource
 .text.HAL_TIM_OC_DelayElapsedCallback
                0x08005d72       0x14 Drivers\STM32F4xx_HAL_Driver\Src\stm32f4xx_hal_tim.o
                0x08005d72                HAL_TIM_OC_DelayElapsedCallback
 .text.HAL_TIM_IC_CaptureCallback
                0x08005d86       0x14 Drivers\STM32F4xx_HAL_Driver\Src\stm32f4xx_hal_tim.o
                0x08005d86                HAL_TIM_IC_CaptureCallback
 .text.HAL_TIM_PWM_PulseFinishedCallback
                0x08005d9a       0x14 Drivers\STM32F4xx_HAL_Driver\Src\stm32f4xx_hal_tim.o
                0x08005d9a                HAL_TIM_PWM_PulseFinishedCallback
 .text.HAL_TIM_TriggerCallback
                0x08005dae       0x14 Drivers\STM32F4xx_HAL_Driver\Src\stm32f4xx_hal_tim.o
                0x08005dae                HAL_TIM_TriggerCallback
 *fill*         0x08005dc2        0x2 
 .text.TIM_Base_SetConfig
                0x08005dc4      0x140 Drivers\STM32F4xx_HAL_Driver\Src\stm32f4xx_hal_tim.o
                0x08005dc4                TIM_Base_SetConfig
 .text.TIM_TI1_ConfigInputStage
                0x08005f04       0x5e Drivers\STM32F4xx_HAL_Driver\Src\stm32f4xx_hal_tim.o
 .text.TIM_TI2_ConfigInputStage
                0x08005f62       0x60 Drivers\STM32F4xx_HAL_Driver\Src\stm32f4xx_hal_tim.o
 .text.TIM_ITRx_SetConfig
                0x08005fc2       0x36 Drivers\STM32F4xx_HAL_Driver\Src\stm32f4xx_hal_tim.o
 .text.TIM_ETR_SetConfig
                0x08005ff8       0x40 Drivers\STM32F4xx_HAL_Driver\Src\stm32f4xx_hal_tim.o
                0x08005ff8                TIM_ETR_SetConfig
 .text.HAL_TIMEx_MasterConfigSynchronization
                0x08006038       0x8a Drivers\STM32F4xx_HAL_Driver\Src\stm32f4xx_hal_tim_ex.o
                0x08006038                HAL_TIMEx_MasterConfigSynchronization
 .text.HAL_TIMEx_CommutCallback
                0x080060c2       0x14 Drivers\STM32F4xx_HAL_Driver\Src\stm32f4xx_hal_tim_ex.o
                0x080060c2                HAL_TIMEx_CommutCallback
 .text.HAL_TIMEx_BreakCallback
                0x080060d6       0x14 Drivers\STM32F4xx_HAL_Driver\Src\stm32f4xx_hal_tim_ex.o
                0x080060d6                HAL_TIMEx_BreakCallback
 .text.HAL_UART_Init
                0x080060ea       0x9a Drivers\STM32F4xx_HAL_Driver\Src\stm32f4xx_hal_uart.o
                0x080060ea                HAL_UART_Init
 .text.HAL_UART_Transmit
                0x08006184      0x130 Drivers\STM32F4xx_HAL_Driver\Src\stm32f4xx_hal_uart.o
                0x08006184                HAL_UART_Transmit
 .text.UART_WaitOnFlagUntilTimeout
                0x080062b4       0x94 Drivers\STM32F4xx_HAL_Driver\Src\stm32f4xx_hal_uart.o
 .text.UART_SetConfig
                0x08006348      0x414 Drivers\STM32F4xx_HAL_Driver\Src\stm32f4xx_hal_uart.o
 .text.FMC_SDRAM_Init
                0x0800675c       0xe6 Drivers\STM32F4xx_HAL_Driver\Src\stm32f4xx_ll_fmc.o
                0x0800675c                FMC_SDRAM_Init
 .text.FMC_SDRAM_Timing_Init
                0x08006842       0xfe Drivers\STM32F4xx_HAL_Driver\Src\stm32f4xx_ll_fmc.o
                0x08006842                FMC_SDRAM_Timing_Init
 .text.FMC_SDRAM_SendCommand
                0x08006940       0x78 Drivers\STM32F4xx_HAL_Driver\Src\stm32f4xx_ll_fmc.o
                0x08006940                FMC_SDRAM_SendCommand
 .text.FMC_SDRAM_ProgramRefreshRate
                0x080069b8       0x26 Drivers\STM32F4xx_HAL_Driver\Src\stm32f4xx_ll_fmc.o
                0x080069b8                FMC_SDRAM_ProgramRefreshRate
 *fill*         0x080069de        0x2 
 .text.MX_CRC_Init
                0x080069e0       0x28 Src\crc.o
                0x080069e0                MX_CRC_Init
 .text.HAL_CRC_MspInit
                0x08006a08       0x44 Src\crc.o
                0x08006a08                HAL_CRC_MspInit
 .text.MX_DMA2D_Init
                0x08006a4c       0x64 Src\dma2d.o
                0x08006a4c                MX_DMA2D_Init
 .text.HAL_DMA2D_MspInit
                0x08006ab0       0x50 Src\dma2d.o
                0x08006ab0                HAL_DMA2D_MspInit
 .text.MX_FMC_Init
                0x08006b00       0x90 Src\fmc.o
                0x08006b00                MX_FMC_Init
 .text.HAL_FMC_MspInit
                0x08006b90      0x118 Src\fmc.o
 .text.HAL_SDRAM_MspInit
                0x08006ca8       0x14 Src\fmc.o
                0x08006ca8                HAL_SDRAM_MspInit
 .text.MX_GFXSIMULATOR_Init
                0x08006cbc        0xe Src\gfxsimulator.o
                0x08006cbc                MX_GFXSIMULATOR_Init
 *fill*         0x08006cca        0x2 
 .text.MX_GPIO_Init
                0x08006ccc      0x238 Src\gpio.o
                0x08006ccc                MX_GPIO_Init
 .text.MX_I2C3_Init
                0x08006f04       0x80 Src\i2c.o
                0x08006f04                MX_I2C3_Init
 .text.HAL_I2C_MspInit
                0x08006f84       0xd4 Src\i2c.o
                0x08006f84                HAL_I2C_MspInit
 .text.MX_LTDC_Init
                0x08007058      0x100 Src\ltdc.o
                0x08007058                MX_LTDC_Init
 .text.HAL_LTDC_MspInit
                0x08007158      0x22c Src\ltdc.o
                0x08007158                HAL_LTDC_MspInit
 .text.spi5_sendrecv
                0x08007384       0x2c Src\main.o
                0x08007384                spi5_sendrecv
 .text.SPI5_read
                0x080073b0       0x44 Src\main.o
                0x080073b0                SPI5_read
 .text.SPI5_write
                0x080073f4       0x44 Src\main.o
                0x080073f4                SPI5_write
 .text.OurL3GD20_Init
                0x08007438       0x3a Src\main.o
                0x08007438                OurL3GD20_Init
 *fill*         0x08007472        0x2 
 .text.OurL3GD20_Read
                0x08007474       0xd4 Src\main.o
                0x08007474                OurL3GD20_Read
 .text.send_char
                0x08007548       0x24 Src\main.o
                0x08007548                send_char
 .text.__io_putchar
                0x0800756c       0x1c Src\main.o
                0x0800756c                __io_putchar
 .text.main     0x08007588      0x368 Src\main.o
                0x08007588                main
 .text.SystemClock_Config
                0x080078f0      0x114 Src\main.o
                0x080078f0                SystemClock_Config
 .text.HAL_TIM_PeriodElapsedCallback
                0x08007a04     0x1ba4 Src\main.o
                0x08007a04                HAL_TIM_PeriodElapsedCallback
 .text.Error_Handler
                0x080095a8        0xe Src\main.o
                0x080095a8                Error_Handler
 *fill*         0x080095b6        0x2 
 .text.MX_SPI5_Init
                0x080095b8       0x6c Src\spi.o
                0x080095b8                MX_SPI5_Init
 .text.HAL_SPI_MspInit
                0x08009624       0x90 Src\spi.o
                0x08009624                HAL_SPI_MspInit
 .text.HAL_SPI_MspDeInit
                0x080096b4       0x3c Src\spi.o
                0x080096b4                HAL_SPI_MspDeInit
 .text.HAL_MspInit
                0x080096f0       0x50 Src\stm32f4xx_hal_msp.o
                0x080096f0                HAL_MspInit
 .text.HAL_InitTick
                0x08009740       0xb4 Src\stm32f4xx_hal_timebase_tim.o
                0x08009740                HAL_InitTick
 .text.NMI_Handler
                0x080097f4        0xe Src\stm32f4xx_it.o
                0x080097f4                NMI_Handler
 .text.HardFault_Handler
                0x08009802        0x6 Src\stm32f4xx_it.o
                0x08009802                HardFault_Handler
 .text.MemManage_Handler
                0x08009808        0x6 Src\stm32f4xx_it.o
                0x08009808                MemManage_Handler
 .text.BusFault_Handler
                0x0800980e        0x6 Src\stm32f4xx_it.o
                0x0800980e                BusFault_Handler
 .text.UsageFault_Handler
                0x08009814        0x6 Src\stm32f4xx_it.o
                0x08009814                UsageFault_Handler
 .text.SVC_Handler
                0x0800981a        0xe Src\stm32f4xx_it.o
                0x0800981a                SVC_Handler
 .text.DebugMon_Handler
                0x08009828        0xe Src\stm32f4xx_it.o
                0x08009828                DebugMon_Handler
 .text.PendSV_Handler
                0x08009836        0xe Src\stm32f4xx_it.o
                0x08009836                PendSV_Handler
 .text.TIM1_UP_TIM10_IRQHandler
                0x08009844       0x1c Src\stm32f4xx_it.o
                0x08009844                TIM1_UP_TIM10_IRQHandler
 .text.TIM1_TRG_COM_TIM11_IRQHandler
                0x08009860       0x1c Src\stm32f4xx_it.o
                0x08009860                TIM1_TRG_COM_TIM11_IRQHandler
 .text.TIM6_DAC_IRQHandler
                0x0800987c       0x14 Src\stm32f4xx_it.o
                0x0800987c                TIM6_DAC_IRQHandler
 .text.LTDC_IRQHandler
                0x08009890       0x14 Src\stm32f4xx_it.o
                0x08009890                LTDC_IRQHandler
 .text.DMA2D_IRQHandler
                0x080098a4       0x14 Src\stm32f4xx_it.o
                0x080098a4                DMA2D_IRQHandler
 .text._read    0x080098b8       0x3a Src\syscalls.o
                0x080098b8                _read
 .text._write   0x080098f2       0x38 Src\syscalls.o
                0x080098f2                _write
 *fill*         0x0800992a        0x2 
 .text._sbrk    0x0800992c       0x58 Src\syscalls.o
                0x0800992c                _sbrk
 .text._close   0x08009984       0x18 Src\syscalls.o
                0x08009984                _close
 .text._fstat   0x0800999c       0x20 Src\syscalls.o
                0x0800999c                _fstat
 .text._isatty  0x080099bc       0x16 Src\syscalls.o
                0x080099bc                _isatty
 .text._lseek   0x080099d2       0x1a Src\syscalls.o
                0x080099d2                _lseek
 .text.SystemInit
                0x080099ec       0x6c Src\system_stm32f4xx.o
                0x080099ec                SystemInit
 .text.MX_TIM1_Init
                0x08009a58       0xa0 Src\tim.o
                0x08009a58                MX_TIM1_Init
 .text.MX_TIM10_Init
                0x08009af8       0x48 Src\tim.o
                0x08009af8                MX_TIM10_Init
 .text.MX_TIM11_Init
                0x08009b40       0x48 Src\tim.o
                0x08009b40                MX_TIM11_Init
 .text.HAL_TIM_Base_MspInit
                0x08009b88       0xd8 Src\tim.o
                0x08009b88                HAL_TIM_Base_MspInit
 .text.MX_USART1_UART_Init
                0x08009c60       0x54 Src\usart.o
                0x08009c60                MX_USART1_UART_Init
 .text.HAL_UART_MspInit
                0x08009cb4       0x90 Src\usart.o
                0x08009cb4                HAL_UART_MspInit
 .text.Reset_Handler
                0x08009d44       0x50 startup\startup_stm32f429xx.o
                0x08009d44                Reset_Handler
 .text.Default_Handler
                0x08009d94        0x2 startup\startup_stm32f429xx.o
                0x08009d94                RTC_Alarm_IRQHandler
                0x08009d94                HASH_RNG_IRQHandler
                0x08009d94                EXTI2_IRQHandler
                0x08009d94                TIM8_CC_IRQHandler
                0x08009d94                UART8_IRQHandler
                0x08009d94                SPI4_IRQHandler
                0x08009d94                TIM1_CC_IRQHandler
                0x08009d94                DMA2_Stream5_IRQHandler
                0x08009d94                DMA1_Stream5_IRQHandler
                0x08009d94                SysTick_Handler
                0x08009d94                PVD_IRQHandler
                0x08009d94                SDIO_IRQHandler
                0x08009d94                TAMP_STAMP_IRQHandler
                0x08009d94                CAN2_RX1_IRQHandler
                0x08009d94                EXTI3_IRQHandler
                0x08009d94                TIM8_TRG_COM_TIM14_IRQHandler
                0x08009d94                TIM8_UP_TIM13_IRQHandler
                0x08009d94                I2C3_ER_IRQHandler
                0x08009d94                EXTI0_IRQHandler
                0x08009d94                I2C2_EV_IRQHandler
                0x08009d94                DMA1_Stream2_IRQHandler
                0x08009d94                CAN1_RX0_IRQHandler
                0x08009d94                FPU_IRQHandler
                0x08009d94                OTG_HS_WKUP_IRQHandler
                0x08009d94                LTDC_ER_IRQHandler
                0x08009d94                CAN2_SCE_IRQHandler
                0x08009d94                DMA2_Stream2_IRQHandler
                0x08009d94                SPI1_IRQHandler
                0x08009d94                TIM1_BRK_TIM9_IRQHandler
                0x08009d94                DCMI_IRQHandler
                0x08009d94                CAN2_RX0_IRQHandler
                0x08009d94                DMA2_Stream3_IRQHandler
                0x08009d94                USART6_IRQHandler
                0x08009d94                USART3_IRQHandler
                0x08009d94                CAN1_RX1_IRQHandler
                0x08009d94                UART5_IRQHandler
                0x08009d94                DMA2_Stream0_IRQHandler
                0x08009d94                TIM4_IRQHandler
                0x08009d94                I2C1_EV_IRQHandler
                0x08009d94                DMA1_Stream6_IRQHandler
                0x08009d94                DMA1_Stream1_IRQHandler
                0x08009d94                UART4_IRQHandler
                0x08009d94                TIM3_IRQHandler
                0x08009d94                RCC_IRQHandler
                0x08009d94                TIM8_BRK_TIM12_IRQHandler
                0x08009d94                Default_Handler
                0x08009d94                EXTI15_10_IRQHandler
                0x08009d94                ADC_IRQHandler
                0x08009d94                DMA1_Stream7_IRQHandler
                0x08009d94                SPI5_IRQHandler
                0x08009d94                TIM7_IRQHandler
                0x08009d94                CAN2_TX_IRQHandler
                0x08009d94                TIM5_IRQHandler
                0x08009d94                DMA2_Stream7_IRQHandler
                0x08009d94                I2C3_EV_IRQHandler
                0x08009d94                EXTI9_5_IRQHandler
                0x08009d94                RTC_WKUP_IRQHandler
                0x08009d94                ETH_WKUP_IRQHandler
                0x08009d94                SPI2_IRQHandler
                0x08009d94                OTG_HS_EP1_IN_IRQHandler
                0x08009d94                DMA1_Stream0_IRQHandler
                0x08009d94                CAN1_TX_IRQHandler
                0x08009d94                EXTI4_IRQHandler
                0x08009d94                ETH_IRQHandler
                0x08009d94                OTG_HS_EP1_OUT_IRQHandler
                0x08009d94                WWDG_IRQHandler
                0x08009d94                SPI6_IRQHandler
                0x08009d94                TIM2_IRQHandler
                0x08009d94                OTG_FS_WKUP_IRQHandler
                0x08009d94                OTG_HS_IRQHandler
                0x08009d94                EXTI1_IRQHandler
                0x08009d94                UART7_IRQHandler
                0x08009d94                USART2_IRQHandler
                0x08009d94                I2C2_ER_IRQHandler
                0x08009d94                DMA2_Stream1_IRQHandler
                0x08009d94                CAN1_SCE_IRQHandler
                0x08009d94                FLASH_IRQHandler
                0x08009d94                DMA2_Stream4_IRQHandler
                0x08009d94                USART1_IRQHandler
                0x08009d94                OTG_FS_IRQHandler
                0x08009d94                SPI3_IRQHandler
                0x08009d94                DMA1_Stream4_IRQHandler
                0x08009d94                I2C1_ER_IRQHandler
                0x08009d94                FMC_IRQHandler
                0x08009d94                DMA2_Stream6_IRQHandler
                0x08009d94                SAI1_IRQHandler
                0x08009d94                DMA1_Stream3_IRQHandler
 *fill*         0x08009d96        0x2 
 .text.__errno  0x08009d98        0xc d:/program files (x86)/atollic/truestudio for stm32 9.3.0/armtools/bin/../lib/gcc/arm-atollic-eabi/6.3.1/../../../../arm-atollic-eabi/lib/armv7e-m/fpu\libc_nano.a(lib_a-errno.o)
                0x08009d98                __errno
 .text.__libc_init_array
                0x08009da4       0x48 d:/program files (x86)/atollic/truestudio for stm32 9.3.0/armtools/bin/../lib/gcc/arm-atollic-eabi/6.3.1/../../../../arm-atollic-eabi/lib/armv7e-m/fpu\libc_nano.a(lib_a-init.o)
                0x08009da4                __libc_init_array
 .text.memset   0x08009dec       0x10 d:/program files (x86)/atollic/truestudio for stm32 9.3.0/armtools/bin/../lib/gcc/arm-atollic-eabi/6.3.1/../../../../arm-atollic-eabi/lib/armv7e-m/fpu\libc_nano.a(lib_a-memset.o)
                0x08009dec                memset
 .text.printf   0x08009dfc       0x30 d:/program files (x86)/atollic/truestudio for stm32 9.3.0/armtools/bin/../lib/gcc/arm-atollic-eabi/6.3.1/../../../../arm-atollic-eabi/lib/armv7e-m/fpu\libc_nano.a(lib_a-printf.o)
                0x08009dfc                iprintf
                0x08009dfc                printf
 .text._cleanup_r
                0x08009e2c        0xc d:/program files (x86)/atollic/truestudio for stm32 9.3.0/armtools/bin/../lib/gcc/arm-atollic-eabi/6.3.1/../../../../arm-atollic-eabi/lib/armv7e-m/fpu\libc_nano.a(lib_a-findfp.o)
                0x08009e2c                _cleanup_r
 .text.std.isra.0
                0x08009e38       0x48 d:/program files (x86)/atollic/truestudio for stm32 9.3.0/armtools/bin/../lib/gcc/arm-atollic-eabi/6.3.1/../../../../arm-atollic-eabi/lib/armv7e-m/fpu\libc_nano.a(lib_a-findfp.o)
 .text.__sfmoreglue
                0x08009e80       0x2c d:/program files (x86)/atollic/truestudio for stm32 9.3.0/armtools/bin/../lib/gcc/arm-atollic-eabi/6.3.1/../../../../arm-atollic-eabi/lib/armv7e-m/fpu\libc_nano.a(lib_a-findfp.o)
                0x08009e80                __sfmoreglue
 .text.__sinit  0x08009eac       0x60 d:/program files (x86)/atollic/truestudio for stm32 9.3.0/armtools/bin/../lib/gcc/arm-atollic-eabi/6.3.1/../../../../arm-atollic-eabi/lib/armv7e-m/fpu\libc_nano.a(lib_a-findfp.o)
                0x08009eac                __sinit
 .text.__sfp    0x08009f0c       0x78 d:/program files (x86)/atollic/truestudio for stm32 9.3.0/armtools/bin/../lib/gcc/arm-atollic-eabi/6.3.1/../../../../arm-atollic-eabi/lib/armv7e-m/fpu\libc_nano.a(lib_a-findfp.o)
                0x08009f0c                __sfp
 .text._fwalk_reent
                0x08009f84       0x3c d:/program files (x86)/atollic/truestudio for stm32 9.3.0/armtools/bin/../lib/gcc/arm-atollic-eabi/6.3.1/../../../../arm-atollic-eabi/lib/armv7e-m/fpu\libc_nano.a(lib_a-fwalk.o)
                0x08009f84                _fwalk_reent
 .text._malloc_r
                0x08009fc0       0xbc d:/program files (x86)/atollic/truestudio for stm32 9.3.0/armtools/bin/../lib/gcc/arm-atollic-eabi/6.3.1/../../../../arm-atollic-eabi/lib/armv7e-m/fpu\libc_nano.a(lib_a-nano-mallocr.o)
                0x08009fc0                _malloc_r
 .text.__sfputc_r
                0x0800a07c       0x30 d:/program files (x86)/atollic/truestudio for stm32 9.3.0/armtools/bin/../lib/gcc/arm-atollic-eabi/6.3.1/../../../../arm-atollic-eabi/lib/armv7e-m/fpu\libc_nano.a(lib_a-nano-vfprintf.o)
 .text.__sfputs_r
                0x0800a0ac       0x24 d:/program files (x86)/atollic/truestudio for stm32 9.3.0/armtools/bin/../lib/gcc/arm-atollic-eabi/6.3.1/../../../../arm-atollic-eabi/lib/armv7e-m/fpu\libc_nano.a(lib_a-nano-vfprintf.o)
                0x0800a0ac                __sfputs_r
 .text._vfprintf_r
                0x0800a0d0      0x22c d:/program files (x86)/atollic/truestudio for stm32 9.3.0/armtools/bin/../lib/gcc/arm-atollic-eabi/6.3.1/../../../../arm-atollic-eabi/lib/armv7e-m/fpu\libc_nano.a(lib_a-nano-vfprintf.o)
                0x0800a0d0                _vfprintf_r
                0x0800a0d0                _vfiprintf_r
 .text._printf_common
                0x0800a2fc       0xec d:/program files (x86)/atollic/truestudio for stm32 9.3.0/armtools/bin/../lib/gcc/arm-atollic-eabi/6.3.1/../../../../arm-atollic-eabi/lib/armv7e-m/fpu\libc_nano.a(lib_a-nano-vfprintf_i.o)
                0x0800a2fc                _printf_common
 .text._printf_i
                0x0800a3e8      0x240 d:/program files (x86)/atollic/truestudio for stm32 9.3.0/armtools/bin/../lib/gcc/arm-atollic-eabi/6.3.1/../../../../arm-atollic-eabi/lib/armv7e-m/fpu\libc_nano.a(lib_a-nano-vfprintf_i.o)
                0x0800a3e8                _printf_i
 .text._sbrk_r  0x0800a628       0x20 d:/program files (x86)/atollic/truestudio for stm32 9.3.0/armtools/bin/../lib/gcc/arm-atollic-eabi/6.3.1/../../../../arm-atollic-eabi/lib/armv7e-m/fpu\libc_nano.a(lib_a-sbrkr.o)
                0x0800a628                _sbrk_r
 .text.__sread  0x0800a648       0x22 d:/program files (x86)/atollic/truestudio for stm32 9.3.0/armtools/bin/../lib/gcc/arm-atollic-eabi/6.3.1/../../../../arm-atollic-eabi/lib/armv7e-m/fpu\libc_nano.a(lib_a-stdio.o)
                0x0800a648                __sread
 .text.__swrite
                0x0800a66a       0x38 d:/program files (x86)/atollic/truestudio for stm32 9.3.0/armtools/bin/../lib/gcc/arm-atollic-eabi/6.3.1/../../../../arm-atollic-eabi/lib/armv7e-m/fpu\libc_nano.a(lib_a-stdio.o)
                0x0800a66a                __swrite
 .text.__sseek  0x0800a6a2       0x24 d:/program files (x86)/atollic/truestudio for stm32 9.3.0/armtools/bin/../lib/gcc/arm-atollic-eabi/6.3.1/../../../../arm-atollic-eabi/lib/armv7e-m/fpu\libc_nano.a(lib_a-stdio.o)
                0x0800a6a2                __sseek
 .text.__sclose
                0x0800a6c6        0x8 d:/program files (x86)/atollic/truestudio for stm32 9.3.0/armtools/bin/../lib/gcc/arm-atollic-eabi/6.3.1/../../../../arm-atollic-eabi/lib/armv7e-m/fpu\libc_nano.a(lib_a-stdio.o)
                0x0800a6c6                __sclose
 *fill*         0x0800a6ce        0x2 
 .text.__swbuf_r
                0x0800a6d0       0xa4 d:/program files (x86)/atollic/truestudio for stm32 9.3.0/armtools/bin/../lib/gcc/arm-atollic-eabi/6.3.1/../../../../arm-atollic-eabi/lib/armv7e-m/fpu\libc_nano.a(lib_a-wbuf.o)
                0x0800a6d0                __swbuf_r
 .text._write_r
                0x0800a774       0x24 d:/program files (x86)/atollic/truestudio for stm32 9.3.0/armtools/bin/../lib/gcc/arm-atollic-eabi/6.3.1/../../../../arm-atollic-eabi/lib/armv7e-m/fpu\libc_nano.a(lib_a-writer.o)
                0x0800a774                _write_r
 .text.__swsetup_r
                0x0800a798       0xdc d:/program files (x86)/atollic/truestudio for stm32 9.3.0/armtools/bin/../lib/gcc/arm-atollic-eabi/6.3.1/../../../../arm-atollic-eabi/lib/armv7e-m/fpu\libc_nano.a(lib_a-wsetup.o)
                0x0800a798                __swsetup_r
 .text._close_r
                0x0800a874       0x20 d:/program files (x86)/atollic/truestudio for stm32 9.3.0/armtools/bin/../lib/gcc/arm-atollic-eabi/6.3.1/../../../../arm-atollic-eabi/lib/armv7e-m/fpu\libc_nano.a(lib_a-closer.o)
                0x0800a874                _close_r
 .text.__sflush_r
                0x0800a894      0x110 d:/program files (x86)/atollic/truestudio for stm32 9.3.0/armtools/bin/../lib/gcc/arm-atollic-eabi/6.3.1/../../../../arm-atollic-eabi/lib/armv7e-m/fpu\libc_nano.a(lib_a-fflush.o)
                0x0800a894                __sflush_r
 .text._fflush_r
                0x0800a9a4       0x54 d:/program files (x86)/atollic/truestudio for stm32 9.3.0/armtools/bin/../lib/gcc/arm-atollic-eabi/6.3.1/../../../../arm-atollic-eabi/lib/armv7e-m/fpu\libc_nano.a(lib_a-fflush.o)
                0x0800a9a4                _fflush_r
 .text._lseek_r
                0x0800a9f8       0x24 d:/program files (x86)/atollic/truestudio for stm32 9.3.0/armtools/bin/../lib/gcc/arm-atollic-eabi/6.3.1/../../../../arm-atollic-eabi/lib/armv7e-m/fpu\libc_nano.a(lib_a-lseekr.o)
                0x0800a9f8                _lseek_r
 .text.__swhatbuf_r
                0x0800aa1c       0x48 d:/program files (x86)/atollic/truestudio for stm32 9.3.0/armtools/bin/../lib/gcc/arm-atollic-eabi/6.3.1/../../../../arm-atollic-eabi/lib/armv7e-m/fpu\libc_nano.a(lib_a-makebuf.o)
                0x0800aa1c                __swhatbuf_r
 .text.__smakebuf_r
                0x0800aa64       0x80 d:/program files (x86)/atollic/truestudio for stm32 9.3.0/armtools/bin/../lib/gcc/arm-atollic-eabi/6.3.1/../../../../arm-atollic-eabi/lib/armv7e-m/fpu\libc_nano.a(lib_a-makebuf.o)
                0x0800aa64                __smakebuf_r
 .text.__malloc_lock
                0x0800aae4        0x2 d:/program files (x86)/atollic/truestudio for stm32 9.3.0/armtools/bin/../lib/gcc/arm-atollic-eabi/6.3.1/../../../../arm-atollic-eabi/lib/armv7e-m/fpu\libc_nano.a(lib_a-mlock.o)
                0x0800aae4                __malloc_lock
 .text.__malloc_unlock
                0x0800aae6        0x2 d:/program files (x86)/atollic/truestudio for stm32 9.3.0/armtools/bin/../lib/gcc/arm-atollic-eabi/6.3.1/../../../../arm-atollic-eabi/lib/armv7e-m/fpu\libc_nano.a(lib_a-mlock.o)
                0x0800aae6                __malloc_unlock
 .text._free_r  0x0800aae8       0x9c d:/program files (x86)/atollic/truestudio for stm32 9.3.0/armtools/bin/../lib/gcc/arm-atollic-eabi/6.3.1/../../../../arm-atollic-eabi/lib/armv7e-m/fpu\libc_nano.a(lib_a-nano-freer.o)
                0x0800aae8                _free_r
 .text._read_r  0x0800ab84       0x24 d:/program files (x86)/atollic/truestudio for stm32 9.3.0/armtools/bin/../lib/gcc/arm-atollic-eabi/6.3.1/../../../../arm-atollic-eabi/lib/armv7e-m/fpu\libc_nano.a(lib_a-readr.o)
                0x0800ab84                _read_r
 .text._fstat_r
                0x0800aba8       0x24 d:/program files (x86)/atollic/truestudio for stm32 9.3.0/armtools/bin/../lib/gcc/arm-atollic-eabi/6.3.1/../../../../arm-atollic-eabi/lib/armv7e-m/fpu\libc_nano.a(lib_a-fstatr.o)
                0x0800aba8                _fstat_r
 .text._isatty_r
                0x0800abcc       0x20 d:/program files (x86)/atollic/truestudio for stm32 9.3.0/armtools/bin/../lib/gcc/arm-atollic-eabi/6.3.1/../../../../arm-atollic-eabi/lib/armv7e-m/fpu\libc_nano.a(lib_a-isattyr.o)
                0x0800abcc                _isatty_r
 *(.glue_7)
 .glue_7        0x0800abec        0x0 linker stubs
 *(.glue_7t)
 .glue_7t       0x0800abec        0x0 linker stubs
 *(.eh_frame)
 .eh_frame      0x0800abec        0x0 d:/program files (x86)/atollic/truestudio for stm32 9.3.0/armtools/bin/../lib/gcc/arm-atollic-eabi/6.3.1/armv7e-m/fpu/crtbegin.o
 *(.init)
 .init          0x0800abec        0x4 d:/program files (x86)/atollic/truestudio for stm32 9.3.0/armtools/bin/../lib/gcc/arm-atollic-eabi/6.3.1/armv7e-m/fpu/crti.o
                0x0800abec                _init
 .init          0x0800abf0        0x8 d:/program files (x86)/atollic/truestudio for stm32 9.3.0/armtools/bin/../lib/gcc/arm-atollic-eabi/6.3.1/armv7e-m/fpu/crtn.o
 *(.fini)
 .fini          0x0800abf8        0x4 d:/program files (x86)/atollic/truestudio for stm32 9.3.0/armtools/bin/../lib/gcc/arm-atollic-eabi/6.3.1/armv7e-m/fpu/crti.o
                0x0800abf8                _fini
 .fini          0x0800abfc        0x8 d:/program files (x86)/atollic/truestudio for stm32 9.3.0/armtools/bin/../lib/gcc/arm-atollic-eabi/6.3.1/armv7e-m/fpu/crtn.o
                0x0800ac04                . = ALIGN (0x4)
                0x0800ac04                _etext = .

.vfp11_veneer   0x0800ac04        0x0
 .vfp11_veneer  0x0800ac04        0x0 linker stubs

.v4_bx          0x0800ac04        0x0
 .v4_bx         0x0800ac04        0x0 linker stubs

.iplt           0x0800ac04        0x0
 .iplt          0x0800ac04        0x0 d:/program files (x86)/atollic/truestudio for stm32 9.3.0/armtools/bin/../lib/gcc/arm-atollic-eabi/6.3.1/armv7e-m/fpu/crtbegin.o

.rodata         0x0800ac04    0x97cd8
                0x0800ac04                . = ALIGN (0x4)
 *(.rodata)
 .rodata        0x0800ac04       0xe7 Src\main.o
 *(.rodata*)
 *fill*         0x0800aceb        0x1 
 .rodata.Font24_Table
                0x0800acec     0x1ab8 Drivers\BSP\STM32F429I-Discovery\Fonts\font24.o
                0x0800acec                Font24_Table
 .rodata.flagBitshiftOffset.9081
                0x0800c7a4        0x8 Drivers\STM32F4xx_HAL_Driver\Src\stm32f4xx_hal_dma.o
 .rodata.image_data_Menu
                0x0800c7ac    0x25820 Src\main.o
 .rodata.image_data_Menu_kontynuuj
                0x08031fcc    0x25820 Src\main.o
 .rodata.image_data_Menu_nowagra
                0x080577ec    0x25820 Src\main.o
 .rodata.image_data_Menu_poziomy
                0x0807d00c    0x25820 Src\main.o
 .rodata.AHBPrescTable
                0x080a282c       0x10 Src\system_stm32f4xx.o
                0x080a282c                AHBPrescTable
 .rodata.APBPrescTable
                0x080a283c        0x8 Src\system_stm32f4xx.o
                0x080a283c                APBPrescTable
 .rodata._global_impure_ptr
                0x080a2844        0x4 d:/program files (x86)/atollic/truestudio for stm32 9.3.0/armtools/bin/../lib/gcc/arm-atollic-eabi/6.3.1/../../../../arm-atollic-eabi/lib/armv7e-m/fpu\libc_nano.a(lib_a-impure.o)
                0x080a2844                _global_impure_ptr
 .rodata.__sf_fake_stderr
                0x080a2848       0x20 d:/program files (x86)/atollic/truestudio for stm32 9.3.0/armtools/bin/../lib/gcc/arm-atollic-eabi/6.3.1/../../../../arm-atollic-eabi/lib/armv7e-m/fpu\libc_nano.a(lib_a-findfp.o)
                0x080a2848                __sf_fake_stderr
 .rodata.__sf_fake_stdin
                0x080a2868       0x20 d:/program files (x86)/atollic/truestudio for stm32 9.3.0/armtools/bin/../lib/gcc/arm-atollic-eabi/6.3.1/../../../../arm-atollic-eabi/lib/armv7e-m/fpu\libc_nano.a(lib_a-findfp.o)
                0x080a2868                __sf_fake_stdin
 .rodata.__sf_fake_stdout
                0x080a2888       0x20 d:/program files (x86)/atollic/truestudio for stm32 9.3.0/armtools/bin/../lib/gcc/arm-atollic-eabi/6.3.1/../../../../arm-atollic-eabi/lib/armv7e-m/fpu\libc_nano.a(lib_a-findfp.o)
                0x080a2888                __sf_fake_stdout
 .rodata._vfprintf_r.str1.1
                0x080a28a8       0x11 d:/program files (x86)/atollic/truestudio for stm32 9.3.0/armtools/bin/../lib/gcc/arm-atollic-eabi/6.3.1/../../../../arm-atollic-eabi/lib/armv7e-m/fpu\libc_nano.a(lib_a-nano-vfprintf.o)
 .rodata._printf_i.str1.1
                0x080a28b9       0x22 d:/program files (x86)/atollic/truestudio for stm32 9.3.0/armtools/bin/../lib/gcc/arm-atollic-eabi/6.3.1/../../../../arm-atollic-eabi/lib/armv7e-m/fpu\libc_nano.a(lib_a-nano-vfprintf_i.o)
                0x080a28dc                . = ALIGN (0x4)
 *fill*         0x080a28db        0x1 

.ARM.extab
 *(.ARM.extab* .gnu.linkonce.armextab.*)

.ARM            0x080a28dc        0x8
                0x080a28dc                __exidx_start = .
 *(.ARM.exidx*)
 .ARM.exidx     0x080a28dc        0x8 d:/program files (x86)/atollic/truestudio for stm32 9.3.0/armtools/bin/../lib/gcc/arm-atollic-eabi/6.3.1/armv7e-m/fpu\libgcc.a(_udivmoddi4.o)
                0x080a28e4                __exidx_end = .

.rel.dyn        0x080a28e4        0x0
 .rel.iplt      0x080a28e4        0x0 d:/program files (x86)/atollic/truestudio for stm32 9.3.0/armtools/bin/../lib/gcc/arm-atollic-eabi/6.3.1/armv7e-m/fpu/crtbegin.o

.preinit_array  0x080a28e4        0x0
                0x080a28e4                PROVIDE (__preinit_array_start, .)
 *(.preinit_array*)
                0x080a28e4                PROVIDE (__preinit_array_end, .)

.init_array     0x080a28e4        0x4
                0x080a28e4                PROVIDE (__init_array_start, .)
 *(SORT(.init_array.*))
 *(.init_array*)
 .init_array    0x080a28e4        0x4 d:/program files (x86)/atollic/truestudio for stm32 9.3.0/armtools/bin/../lib/gcc/arm-atollic-eabi/6.3.1/armv7e-m/fpu/crtbegin.o
                0x080a28e8                PROVIDE (__init_array_end, .)

.fini_array     0x080a28e8        0x4
                [!provide]                PROVIDE (__fini_array_start, .)
 *(SORT(.fini_array.*))
 *(.fini_array*)
 .fini_array    0x080a28e8        0x4 d:/program files (x86)/atollic/truestudio for stm32 9.3.0/armtools/bin/../lib/gcc/arm-atollic-eabi/6.3.1/armv7e-m/fpu/crtbegin.o
                [!provide]                PROVIDE (__fini_array_end, .)
                0x080a28ec                _sidata = LOADADDR (.data)

.data           0x20000000       0xb0 load address 0x080a28ec
                0x20000000                . = ALIGN (0x4)
                0x20000000                _sdata = .
 *(.data)
 *(.data*)
 .data.ili9341_drv
                0x20000000       0x38 Drivers\BSP\Components\ili9341\ili9341.o
                0x20000000                ili9341_drv
 .data.Font24   0x20000038        0x8 Drivers\BSP\STM32F429I-Discovery\Fonts\font24.o
                0x20000038                Font24
 .data.SpixTimeout
                0x20000040        0x4 Drivers\BSP\STM32F429I-Discovery\stm32f429i_discovery.o
                0x20000040                SpixTimeout
 .data.sdramstatus.9025
                0x20000044        0x1 Drivers\BSP\STM32F429I-Discovery\stm32f429i_discovery_sdram.o
 .data.uwTickFreq
                0x20000045        0x1 Drivers\STM32F4xx_HAL_Driver\Src\stm32f4xx_hal.o
                0x20000045                uwTickFreq
 *fill*         0x20000046        0x2 
 .data.SystemCoreClock
                0x20000048        0x4 Src\system_stm32f4xx.o
                0x20000048                SystemCoreClock
 .data._impure_ptr
                0x2000004c        0x4 d:/program files (x86)/atollic/truestudio for stm32 9.3.0/armtools/bin/../lib/gcc/arm-atollic-eabi/6.3.1/../../../../arm-atollic-eabi/lib/armv7e-m/fpu\libc_nano.a(lib_a-impure.o)
                0x2000004c                _impure_ptr
 .data.impure_data
                0x20000050       0x60 d:/program files (x86)/atollic/truestudio for stm32 9.3.0/armtools/bin/../lib/gcc/arm-atollic-eabi/6.3.1/../../../../arm-atollic-eabi/lib/armv7e-m/fpu\libc_nano.a(lib_a-impure.o)
                0x200000b0                . = ALIGN (0x4)
                0x200000b0                _edata = .
                0x080a299c                _siccmram = LOADADDR (.ccmram)

.igot.plt       0x200000b0        0x0 load address 0x080a299c
 .igot.plt      0x200000b0        0x0 d:/program files (x86)/atollic/truestudio for stm32 9.3.0/armtools/bin/../lib/gcc/arm-atollic-eabi/6.3.1/armv7e-m/fpu/crtbegin.o

.ccmram         0x10000000        0x0 load address 0x080a299c
                0x10000000                . = ALIGN (0x4)
                0x10000000                _sccmram = .
 *(.ccmram)
 *(.ccmram*)
                0x10000000                . = ALIGN (0x4)
                0x10000000                _eccmram = .
                0x10000000                . = ALIGN (0x4)

.bss            0x200000b0      0x674
                0x200000b0                _sbss = .
                0x200000b0                __bss_start__ = _sbss
 *(.bss)
 .bss           0x200000b0       0x1c d:/program files (x86)/atollic/truestudio for stm32 9.3.0/armtools/bin/../lib/gcc/arm-atollic-eabi/6.3.1/armv7e-m/fpu/crtbegin.o
 *(.bss*)
 .bss.SpiHandle
                0x200000cc       0x58 Drivers\BSP\STM32F429I-Discovery\stm32f429i_discovery.o
 .bss.Is_LCD_IO_Initialized
                0x20000124        0x1 Drivers\BSP\STM32F429I-Discovery\stm32f429i_discovery.o
 *fill*         0x20000125        0x3 
 .bss.Dma2dHandler
                0x20000128       0x40 Drivers\BSP\STM32F429I-Discovery\stm32f429i_discovery_lcd.o
 .bss.PeriphClkInitStruct
                0x20000168       0x30 Drivers\BSP\STM32F429I-Discovery\stm32f429i_discovery_lcd.o
 .bss.ActiveLayer
                0x20000198        0x4 Drivers\BSP\STM32F429I-Discovery\stm32f429i_discovery_lcd.o
 .bss.DrawProp  0x2000019c       0x18 Drivers\BSP\STM32F429I-Discovery\stm32f429i_discovery_lcd.o
 .bss.SdramHandle
                0x200001b4       0x34 Drivers\BSP\STM32F429I-Discovery\stm32f429i_discovery_sdram.o
 .bss.Timing    0x200001e8       0x1c Drivers\BSP\STM32F429I-Discovery\stm32f429i_discovery_sdram.o
 .bss.Command   0x20000204       0x10 Drivers\BSP\STM32F429I-Discovery\stm32f429i_discovery_sdram.o
 .bss.dmaHandle.9060
                0x20000214       0x60 Drivers\BSP\STM32F429I-Discovery\stm32f429i_discovery_sdram.o
 .bss.FMC_Initialized
                0x20000274        0x4 Src\fmc.o
 .bss.heap_end.7010
                0x20000278        0x4 Src\syscalls.o
 .bss.__malloc_free_list
                0x2000027c        0x4 d:/program files (x86)/atollic/truestudio for stm32 9.3.0/armtools/bin/../lib/gcc/arm-atollic-eabi/6.3.1/../../../../arm-atollic-eabi/lib/armv7e-m/fpu\libc_nano.a(lib_a-nano-mallocr.o)
                0x2000027c                __malloc_free_list
 .bss.__malloc_sbrk_start
                0x20000280        0x4 d:/program files (x86)/atollic/truestudio for stm32 9.3.0/armtools/bin/../lib/gcc/arm-atollic-eabi/6.3.1/../../../../arm-atollic-eabi/lib/armv7e-m/fpu\libc_nano.a(lib_a-nano-mallocr.o)
                0x20000280                __malloc_sbrk_start
 *(COMMON)
 COMMON         0x20000284       0xac Drivers\BSP\STM32F429I-Discovery\stm32f429i_discovery_lcd.o
                0x20000284                LtdcHandler
                0x2000032c                LcdDrv
 COMMON         0x20000330        0x4 Drivers\STM32F4xx_HAL_Driver\Src\stm32f4xx_hal.o
                0x20000330                uwTick
 COMMON         0x20000334        0x8 Src\crc.o
                0x20000334                hcrc
 COMMON         0x2000033c       0x40 Src\dma2d.o
                0x2000033c                hdma2d
 COMMON         0x2000037c       0x34 Src\fmc.o
                0x2000037c                hsdram1
 COMMON         0x200003b0       0x54 Src\i2c.o
                0x200003b0                hi2c3
 COMMON         0x20000404       0xa8 Src\ltdc.o
                0x20000404                hltdc
 COMMON         0x200004ac      0x132 Src\main.o
                0x200004ac                DataOld
                0x200004b2                Direction
                0x200004b4                DataTempRom
                0x200004cc                CalkaPomocnicza2RomY
                0x200004d4                CalkaPosrednia2Y
                0x200004d8                hspi5
                0x20000530                PoprzedniCzasPrzycisku
                0x20000534                StanPrzycisku
                0x20000538                CalkaRombX
                0x2000053c                LicznikPomocniczyRomberg
                0x20000540                CalkaPomocniczaRomY
                0x2000054c                dT
                0x20000550                CalkaTrapX
                0x20000554                ZmienionoStanPoziomow
                0x20000558                CalkaPomocniczaRomX
                0x20000564                CalkaPosredniaRomY
                0x20000574                Y
                0x20000578                AngleX
                0x2000057c                DataNow
                0x20000582                ResetTimeX
                0x20000584                CalkaPosrednia1X
                0x20000588                CalkaTrapY
                0x2000058c                fMovedX
                0x20000590                CalkaRichaY
                0x20000594                CalkaPosredniaRomX
                0x200005a4                Animacja
                0x200005a5                StanMenu
                0x200005a8                AngleZ
                0x200005ac                AngleY
                0x200005b0                LicznikPomocniczy
                0x200005b4                CalkaPosrednia2X
                0x200005b8                CalkaRombY
                0x200005bc                fMovedY
                0x200005bd                StanGry
                0x200005be                ZmienionoStanMenu
                0x200005c0                CalkaRichaX
                0x200005c4                DataTempRich
                0x200005cc                CalkaPosrednia1Y
                0x200005d0                ResetTimeY
                0x200005d2                WybranyPoziom
                0x200005d4                CalkaPomocnicza2RomX
                0x200005dc                X
 *fill*         0x200005de        0x2 
 COMMON         0x200005e0       0x40 Src\stm32f4xx_hal_timebase_tim.o
                0x200005e0                htim6
 COMMON         0x20000620       0xc0 Src\tim.o
                0x20000620                htim10
                0x20000660                htim11
                0x200006a0                htim1
 COMMON         0x200006e0       0x40 Src\usart.o
                0x200006e0                huart1
 COMMON         0x20000720        0x4 d:/program files (x86)/atollic/truestudio for stm32 9.3.0/armtools/bin/../lib/gcc/arm-atollic-eabi/6.3.1/../../../../arm-atollic-eabi/lib/armv7e-m/fpu\libc_nano.a(lib_a-reent.o)
                0x20000720                errno
                0x20000724                . = ALIGN (0x4)
                0x20000724                _ebss = .
                0x20000724                __bss_end__ = _ebss

._user_heap_stack
                0x20000724      0x600
                0x20000724                . = ALIGN (0x4)
                0x20000724                PROVIDE (end, .)
                [!provide]                PROVIDE (_end, .)
                0x20000924                . = (. + _Min_Heap_Size)
 *fill*         0x20000724      0x200 
                0x20000d24                . = (. + _Min_Stack_Size)
 *fill*         0x20000924      0x400 
                0x20000d24                . = ALIGN (0x4)

/DISCARD/
 libc.a(*)
 libm.a(*)
 libgcc.a(*)

.ARM.attributes
                0x00000000       0x30
 *(.ARM.attributes)
 .ARM.attributes
                0x00000000       0x22 d:/program files (x86)/atollic/truestudio for stm32 9.3.0/armtools/bin/../lib/gcc/arm-atollic-eabi/6.3.1/armv7e-m/fpu/crti.o
 .ARM.attributes
                0x00000022       0x34 d:/program files (x86)/atollic/truestudio for stm32 9.3.0/armtools/bin/../lib/gcc/arm-atollic-eabi/6.3.1/armv7e-m/fpu/crtbegin.o
 .ARM.attributes
                0x00000056       0x39 Drivers\BSP\Components\ili9341\ili9341.o
 .ARM.attributes
                0x0000008f       0x39 Drivers\BSP\STM32F429I-Discovery\Fonts\font24.o
 .ARM.attributes
                0x000000c8       0x39 Drivers\BSP\STM32F429I-Discovery\stm32f429i_discovery.o
 .ARM.attributes
                0x00000101       0x39 Drivers\BSP\STM32F429I-Discovery\stm32f429i_discovery_lcd.o
 .ARM.attributes
                0x0000013a       0x39 Drivers\BSP\STM32F429I-Discovery\stm32f429i_discovery_sdram.o
 .ARM.attributes
                0x00000173       0x39 Drivers\STM32F4xx_HAL_Driver\Src\stm32f4xx_hal.o
 .ARM.attributes
                0x000001ac       0x39 Drivers\STM32F4xx_HAL_Driver\Src\stm32f4xx_hal_cortex.o
 .ARM.attributes
                0x000001e5       0x39 Drivers\STM32F4xx_HAL_Driver\Src\stm32f4xx_hal_crc.o
 .ARM.attributes
                0x0000021e       0x39 Drivers\STM32F4xx_HAL_Driver\Src\stm32f4xx_hal_dma.o
 .ARM.attributes
                0x00000257       0x39 Drivers\STM32F4xx_HAL_Driver\Src\stm32f4xx_hal_dma2d.o
 .ARM.attributes
                0x00000290       0x39 Drivers\STM32F4xx_HAL_Driver\Src\stm32f4xx_hal_gpio.o
 .ARM.attributes
                0x000002c9       0x39 Drivers\STM32F4xx_HAL_Driver\Src\stm32f4xx_hal_i2c.o
 .ARM.attributes
                0x00000302       0x39 Drivers\STM32F4xx_HAL_Driver\Src\stm32f4xx_hal_i2c_ex.o
 .ARM.attributes
                0x0000033b       0x39 Drivers\STM32F4xx_HAL_Driver\Src\stm32f4xx_hal_ltdc.o
 .ARM.attributes
                0x00000374       0x39 Drivers\STM32F4xx_HAL_Driver\Src\stm32f4xx_hal_pwr_ex.o
 .ARM.attributes
                0x000003ad       0x39 Drivers\STM32F4xx_HAL_Driver\Src\stm32f4xx_hal_rcc.o
 .ARM.attributes
                0x000003e6       0x39 Drivers\STM32F4xx_HAL_Driver\Src\stm32f4xx_hal_rcc_ex.o
 .ARM.attributes
                0x0000041f       0x39 Drivers\STM32F4xx_HAL_Driver\Src\stm32f4xx_hal_sdram.o
 .ARM.attributes
                0x00000458       0x39 Drivers\STM32F4xx_HAL_Driver\Src\stm32f4xx_hal_spi.o
 .ARM.attributes
                0x00000491       0x39 Drivers\STM32F4xx_HAL_Driver\Src\stm32f4xx_hal_tim.o
 .ARM.attributes
                0x000004ca       0x39 Drivers\STM32F4xx_HAL_Driver\Src\stm32f4xx_hal_tim_ex.o
 .ARM.attributes
                0x00000503       0x39 Drivers\STM32F4xx_HAL_Driver\Src\stm32f4xx_hal_uart.o
 .ARM.attributes
                0x0000053c       0x39 Drivers\STM32F4xx_HAL_Driver\Src\stm32f4xx_ll_fmc.o
 .ARM.attributes
                0x00000575       0x39 Src\crc.o
 .ARM.attributes
                0x000005ae       0x39 Src\dma2d.o
 .ARM.attributes
                0x000005e7       0x39 Src\fmc.o
 .ARM.attributes
                0x00000620       0x39 Src\gfxsimulator.o
 .ARM.attributes
                0x00000659       0x39 Src\gpio.o
 .ARM.attributes
                0x00000692       0x39 Src\i2c.o
 .ARM.attributes
                0x000006cb       0x39 Src\ltdc.o
 .ARM.attributes
                0x00000704       0x39 Src\main.o
 .ARM.attributes
                0x0000073d       0x39 Src\spi.o
 .ARM.attributes
                0x00000776       0x39 Src\stm32f4xx_hal_msp.o
 .ARM.attributes
                0x000007af       0x39 Src\stm32f4xx_hal_timebase_tim.o
 .ARM.attributes
                0x000007e8       0x39 Src\stm32f4xx_it.o
 .ARM.attributes
                0x00000821       0x39 Src\syscalls.o
 .ARM.attributes
                0x0000085a       0x39 Src\system_stm32f4xx.o
 .ARM.attributes
                0x00000893       0x39 Src\tim.o
 .ARM.attributes
                0x000008cc       0x39 Src\usart.o
 .ARM.attributes
                0x00000905       0x21 startup\startup_stm32f429xx.o
 .ARM.attributes
                0x00000926       0x34 d:/program files (x86)/atollic/truestudio for stm32 9.3.0/armtools/bin/../lib/gcc/arm-atollic-eabi/6.3.1/../../../../arm-atollic-eabi/lib/armv7e-m/fpu\libc_nano.a(lib_a-errno.o)
 .ARM.attributes
                0x0000095a       0x34 d:/program files (x86)/atollic/truestudio for stm32 9.3.0/armtools/bin/../lib/gcc/arm-atollic-eabi/6.3.1/../../../../arm-atollic-eabi/lib/armv7e-m/fpu\libc_nano.a(lib_a-impure.o)
 .ARM.attributes
                0x0000098e       0x34 d:/program files (x86)/atollic/truestudio for stm32 9.3.0/armtools/bin/../lib/gcc/arm-atollic-eabi/6.3.1/../../../../arm-atollic-eabi/lib/armv7e-m/fpu\libc_nano.a(lib_a-init.o)
 .ARM.attributes
                0x000009c2       0x34 d:/program files (x86)/atollic/truestudio for stm32 9.3.0/armtools/bin/../lib/gcc/arm-atollic-eabi/6.3.1/../../../../arm-atollic-eabi/lib/armv7e-m/fpu\libc_nano.a(lib_a-memset.o)
 .ARM.attributes
                0x000009f6       0x34 d:/program files (x86)/atollic/truestudio for stm32 9.3.0/armtools/bin/../lib/gcc/arm-atollic-eabi/6.3.1/../../../../arm-atollic-eabi/lib/armv7e-m/fpu\libc_nano.a(lib_a-printf.o)
 .ARM.attributes
                0x00000a2a       0x34 d:/program files (x86)/atollic/truestudio for stm32 9.3.0/armtools/bin/../lib/gcc/arm-atollic-eabi/6.3.1/../../../../arm-atollic-eabi/lib/armv7e-m/fpu\libc_nano.a(lib_a-findfp.o)
 .ARM.attributes
                0x00000a5e       0x34 d:/program files (x86)/atollic/truestudio for stm32 9.3.0/armtools/bin/../lib/gcc/arm-atollic-eabi/6.3.1/../../../../arm-atollic-eabi/lib/armv7e-m/fpu\libc_nano.a(lib_a-fwalk.o)
 .ARM.attributes
                0x00000a92       0x34 d:/program files (x86)/atollic/truestudio for stm32 9.3.0/armtools/bin/../lib/gcc/arm-atollic-eabi/6.3.1/../../../../arm-atollic-eabi/lib/armv7e-m/fpu\libc_nano.a(lib_a-nano-mallocr.o)
 .ARM.attributes
                0x00000ac6       0x34 d:/program files (x86)/atollic/truestudio for stm32 9.3.0/armtools/bin/../lib/gcc/arm-atollic-eabi/6.3.1/../../../../arm-atollic-eabi/lib/armv7e-m/fpu\libc_nano.a(lib_a-nano-vfprintf.o)
 .ARM.attributes
                0x00000afa       0x34 d:/program files (x86)/atollic/truestudio for stm32 9.3.0/armtools/bin/../lib/gcc/arm-atollic-eabi/6.3.1/../../../../arm-atollic-eabi/lib/armv7e-m/fpu\libc_nano.a(lib_a-nano-vfprintf_i.o)
 .ARM.attributes
                0x00000b2e       0x34 d:/program files (x86)/atollic/truestudio for stm32 9.3.0/armtools/bin/../lib/gcc/arm-atollic-eabi/6.3.1/../../../../arm-atollic-eabi/lib/armv7e-m/fpu\libc_nano.a(lib_a-sbrkr.o)
 .ARM.attributes
                0x00000b62       0x34 d:/program files (x86)/atollic/truestudio for stm32 9.3.0/armtools/bin/../lib/gcc/arm-atollic-eabi/6.3.1/../../../../arm-atollic-eabi/lib/armv7e-m/fpu\libc_nano.a(lib_a-stdio.o)
 .ARM.attributes
                0x00000b96       0x34 d:/program files (x86)/atollic/truestudio for stm32 9.3.0/armtools/bin/../lib/gcc/arm-atollic-eabi/6.3.1/../../../../arm-atollic-eabi/lib/armv7e-m/fpu\libc_nano.a(lib_a-wbuf.o)
 .ARM.attributes
                0x00000bca       0x34 d:/program files (x86)/atollic/truestudio for stm32 9.3.0/armtools/bin/../lib/gcc/arm-atollic-eabi/6.3.1/../../../../arm-atollic-eabi/lib/armv7e-m/fpu\libc_nano.a(lib_a-writer.o)
 .ARM.attributes
                0x00000bfe       0x34 d:/program files (x86)/atollic/truestudio for stm32 9.3.0/armtools/bin/../lib/gcc/arm-atollic-eabi/6.3.1/../../../../arm-atollic-eabi/lib/armv7e-m/fpu\libc_nano.a(lib_a-wsetup.o)
 .ARM.attributes
                0x00000c32       0x34 d:/program files (x86)/atollic/truestudio for stm32 9.3.0/armtools/bin/../lib/gcc/arm-atollic-eabi/6.3.1/../../../../arm-atollic-eabi/lib/armv7e-m/fpu\libc_nano.a(lib_a-closer.o)
 .ARM.attributes
                0x00000c66       0x34 d:/program files (x86)/atollic/truestudio for stm32 9.3.0/armtools/bin/../lib/gcc/arm-atollic-eabi/6.3.1/../../../../arm-atollic-eabi/lib/armv7e-m/fpu\libc_nano.a(lib_a-fflush.o)
 .ARM.attributes
                0x00000c9a       0x34 d:/program files (x86)/atollic/truestudio for stm32 9.3.0/armtools/bin/../lib/gcc/arm-atollic-eabi/6.3.1/../../../../arm-atollic-eabi/lib/armv7e-m/fpu\libc_nano.a(lib_a-lseekr.o)
 .ARM.attributes
                0x00000cce       0x34 d:/program files (x86)/atollic/truestudio for stm32 9.3.0/armtools/bin/../lib/gcc/arm-atollic-eabi/6.3.1/../../../../arm-atollic-eabi/lib/armv7e-m/fpu\libc_nano.a(lib_a-makebuf.o)
 .ARM.attributes
                0x00000d02       0x20 d:/program files (x86)/atollic/truestudio for stm32 9.3.0/armtools/bin/../lib/gcc/arm-atollic-eabi/6.3.1/../../../../arm-atollic-eabi/lib/armv7e-m/fpu\libc_nano.a(lib_a-memchr.o)
 .ARM.attributes
                0x00000d22       0x34 d:/program files (x86)/atollic/truestudio for stm32 9.3.0/armtools/bin/../lib/gcc/arm-atollic-eabi/6.3.1/../../../../arm-atollic-eabi/lib/armv7e-m/fpu\libc_nano.a(lib_a-mlock.o)
 .ARM.attributes
                0x00000d56       0x34 d:/program files (x86)/atollic/truestudio for stm32 9.3.0/armtools/bin/../lib/gcc/arm-atollic-eabi/6.3.1/../../../../arm-atollic-eabi/lib/armv7e-m/fpu\libc_nano.a(lib_a-nano-freer.o)
 .ARM.attributes
                0x00000d8a       0x34 d:/program files (x86)/atollic/truestudio for stm32 9.3.0/armtools/bin/../lib/gcc/arm-atollic-eabi/6.3.1/../../../../arm-atollic-eabi/lib/armv7e-m/fpu\libc_nano.a(lib_a-readr.o)
 .ARM.attributes
                0x00000dbe       0x34 d:/program files (x86)/atollic/truestudio for stm32 9.3.0/armtools/bin/../lib/gcc/arm-atollic-eabi/6.3.1/../../../../arm-atollic-eabi/lib/armv7e-m/fpu\libc_nano.a(lib_a-reent.o)
 .ARM.attributes
                0x00000df2       0x34 d:/program files (x86)/atollic/truestudio for stm32 9.3.0/armtools/bin/../lib/gcc/arm-atollic-eabi/6.3.1/../../../../arm-atollic-eabi/lib/armv7e-m/fpu\libc_nano.a(lib_a-fstatr.o)
 .ARM.attributes
                0x00000e26       0x34 d:/program files (x86)/atollic/truestudio for stm32 9.3.0/armtools/bin/../lib/gcc/arm-atollic-eabi/6.3.1/../../../../arm-atollic-eabi/lib/armv7e-m/fpu\libc_nano.a(lib_a-isattyr.o)
 .ARM.attributes
                0x00000e5a       0x22 d:/program files (x86)/atollic/truestudio for stm32 9.3.0/armtools/bin/../lib/gcc/arm-atollic-eabi/6.3.1/armv7e-m/fpu\libgcc.a(_arm_addsubdf3.o)
 .ARM.attributes
                0x00000e7c       0x22 d:/program files (x86)/atollic/truestudio for stm32 9.3.0/armtools/bin/../lib/gcc/arm-atollic-eabi/6.3.1/armv7e-m/fpu\libgcc.a(_arm_muldivdf3.o)
 .ARM.attributes
                0x00000e9e       0x22 d:/program files (x86)/atollic/truestudio for stm32 9.3.0/armtools/bin/../lib/gcc/arm-atollic-eabi/6.3.1/armv7e-m/fpu\libgcc.a(_arm_fixdfsi.o)
 .ARM.attributes
                0x00000ec0       0x22 d:/program files (x86)/atollic/truestudio for stm32 9.3.0/armtools/bin/../lib/gcc/arm-atollic-eabi/6.3.1/armv7e-m/fpu\libgcc.a(_aeabi_uldivmod.o)
 .ARM.attributes
                0x00000ee2       0x34 d:/program files (x86)/atollic/truestudio for stm32 9.3.0/armtools/bin/../lib/gcc/arm-atollic-eabi/6.3.1/armv7e-m/fpu\libgcc.a(_udivmoddi4.o)
 .ARM.attributes
                0x00000f16       0x22 d:/program files (x86)/atollic/truestudio for stm32 9.3.0/armtools/bin/../lib/gcc/arm-atollic-eabi/6.3.1/armv7e-m/fpu\libgcc.a(_dvmd_tls.o)
 .ARM.attributes
                0x00000f38       0x22 d:/program files (x86)/atollic/truestudio for stm32 9.3.0/armtools/bin/../lib/gcc/arm-atollic-eabi/6.3.1/armv7e-m/fpu/crtn.o
OUTPUT(AnL_Repo.elf elf32-littlearm)

.debug_info     0x00000000    0x26ab2
 .debug_info    0x00000000      0x340 Drivers\BSP\Components\ili9341\ili9341.o
 .debug_info    0x00000340      0x14a Drivers\BSP\STM32F429I-Discovery\Fonts\font24.o
 .debug_info    0x0000048a     0x1e69 Drivers\BSP\STM32F429I-Discovery\stm32f429i_discovery.o
 .debug_info    0x000022f3     0x2849 Drivers\BSP\STM32F429I-Discovery\stm32f429i_discovery_lcd.o
 .debug_info    0x00004b3c      0xe6b Drivers\BSP\STM32F429I-Discovery\stm32f429i_discovery_sdram.o
 .debug_info    0x000059a7      0x994 Drivers\STM32F4xx_HAL_Driver\Src\stm32f4xx_hal.o
 .debug_info    0x0000633b      0xe0d Drivers\STM32F4xx_HAL_Driver\Src\stm32f4xx_hal_cortex.o
 .debug_info    0x00007148      0x3ef Drivers\STM32F4xx_HAL_Driver\Src\stm32f4xx_hal_crc.o
 .debug_info    0x00007537      0x913 Drivers\STM32F4xx_HAL_Driver\Src\stm32f4xx_hal_dma.o
 .debug_info    0x00007e4a      0xe89 Drivers\STM32F4xx_HAL_Driver\Src\stm32f4xx_hal_dma2d.o
 .debug_info    0x00008cd3      0x77d Drivers\STM32F4xx_HAL_Driver\Src\stm32f4xx_hal_gpio.o
 .debug_info    0x00009450     0x2329 Drivers\STM32F4xx_HAL_Driver\Src\stm32f4xx_hal_i2c.o
 .debug_info    0x0000b779      0x6c9 Drivers\STM32F4xx_HAL_Driver\Src\stm32f4xx_hal_i2c_ex.o
 .debug_info    0x0000be42     0x10b2 Drivers\STM32F4xx_HAL_Driver\Src\stm32f4xx_hal_ltdc.o
 .debug_info    0x0000cef4      0x6f5 Drivers\STM32F4xx_HAL_Driver\Src\stm32f4xx_hal_pwr_ex.o
 .debug_info    0x0000d5e9      0x8be Drivers\STM32F4xx_HAL_Driver\Src\stm32f4xx_hal_rcc.o
 .debug_info    0x0000dea7      0x66a Drivers\STM32F4xx_HAL_Driver\Src\stm32f4xx_hal_rcc_ex.o
 .debug_info    0x0000e511      0xc47 Drivers\STM32F4xx_HAL_Driver\Src\stm32f4xx_hal_sdram.o
 .debug_info    0x0000f158     0x15d7 Drivers\STM32F4xx_HAL_Driver\Src\stm32f4xx_hal_spi.o
 .debug_info    0x0001072f     0x2452 Drivers\STM32F4xx_HAL_Driver\Src\stm32f4xx_hal_tim.o
 .debug_info    0x00012b81     0x1102 Drivers\STM32F4xx_HAL_Driver\Src\stm32f4xx_hal_tim_ex.o
 .debug_info    0x00013c83     0x11d3 Drivers\STM32F4xx_HAL_Driver\Src\stm32f4xx_hal_uart.o
 .debug_info    0x00014e56      0xeba Drivers\STM32F4xx_HAL_Driver\Src\stm32f4xx_ll_fmc.o
 .debug_info    0x00015d10      0xcba Src\crc.o
 .debug_info    0x000169ca     0x10f4 Src\dma2d.o
 .debug_info    0x00017abe     0x115a Src\fmc.o
 .debug_info    0x00018c18      0x940 Src\gfxsimulator.o
 .debug_info    0x00019558      0xd14 Src\gpio.o
 .debug_info    0x0001a26c     0x11dc Src\i2c.o
 .debug_info    0x0001b448     0x1349 Src\ltdc.o
 .debug_info    0x0001c791     0x2c44 Src\main.o
 .debug_info    0x0001f3d5     0x118e Src\spi.o
 .debug_info    0x00020563      0xb3f Src\stm32f4xx_hal_msp.o
 .debug_info    0x000210a2      0xb28 Src\stm32f4xx_hal_timebase_tim.o
 .debug_info    0x00021bca     0x1540 Src\stm32f4xx_it.o
 .debug_info    0x0002310a      0xf16 Src\syscalls.o
 .debug_info    0x00024020      0x51f Src\system_stm32f4xx.o
 .debug_info    0x0002453f     0x13dc Src\tim.o
 .debug_info    0x0002591b     0x1121 Src\usart.o
 .debug_info    0x00026a3c       0x76 startup\startup_stm32f429xx.o

.debug_abbrev   0x00000000     0x4cc2
 .debug_abbrev  0x00000000      0x14e Drivers\BSP\Components\ili9341\ili9341.o
 .debug_abbrev  0x0000014e       0xa2 Drivers\BSP\STM32F429I-Discovery\Fonts\font24.o
 .debug_abbrev  0x000001f0      0x2d0 Drivers\BSP\STM32F429I-Discovery\stm32f429i_discovery.o
 .debug_abbrev  0x000004c0      0x2ce Drivers\BSP\STM32F429I-Discovery\stm32f429i_discovery_lcd.o
 .debug_abbrev  0x0000078e      0x21a Drivers\BSP\STM32F429I-Discovery\stm32f429i_discovery_sdram.o
 .debug_abbrev  0x000009a8      0x1c6 Drivers\STM32F4xx_HAL_Driver\Src\stm32f4xx_hal.o
 .debug_abbrev  0x00000b6e      0x2f5 Drivers\STM32F4xx_HAL_Driver\Src\stm32f4xx_hal_cortex.o
 .debug_abbrev  0x00000e63      0x1b2 Drivers\STM32F4xx_HAL_Driver\Src\stm32f4xx_hal_crc.o
 .debug_abbrev  0x00001015      0x224 Drivers\STM32F4xx_HAL_Driver\Src\stm32f4xx_hal_dma.o
 .debug_abbrev  0x00001239      0x20c Drivers\STM32F4xx_HAL_Driver\Src\stm32f4xx_hal_dma2d.o
 .debug_abbrev  0x00001445      0x1c4 Drivers\STM32F4xx_HAL_Driver\Src\stm32f4xx_hal_gpio.o
 .debug_abbrev  0x00001609      0x24f Drivers\STM32F4xx_HAL_Driver\Src\stm32f4xx_hal_i2c.o
 .debug_abbrev  0x00001858      0x168 Drivers\STM32F4xx_HAL_Driver\Src\stm32f4xx_hal_i2c_ex.o
 .debug_abbrev  0x000019c0      0x204 Drivers\STM32F4xx_HAL_Driver\Src\stm32f4xx_hal_ltdc.o
 .debug_abbrev  0x00001bc4      0x1b3 Drivers\STM32F4xx_HAL_Driver\Src\stm32f4xx_hal_pwr_ex.o
 .debug_abbrev  0x00001d77      0x240 Drivers\STM32F4xx_HAL_Driver\Src\stm32f4xx_hal_rcc.o
 .debug_abbrev  0x00001fb7      0x16e Drivers\STM32F4xx_HAL_Driver\Src\stm32f4xx_hal_rcc_ex.o
 .debug_abbrev  0x00002125      0x1f2 Drivers\STM32F4xx_HAL_Driver\Src\stm32f4xx_hal_sdram.o
 .debug_abbrev  0x00002317      0x23b Drivers\STM32F4xx_HAL_Driver\Src\stm32f4xx_hal_spi.o
 .debug_abbrev  0x00002552      0x229 Drivers\STM32F4xx_HAL_Driver\Src\stm32f4xx_hal_tim.o
 .debug_abbrev  0x0000277b      0x217 Drivers\STM32F4xx_HAL_Driver\Src\stm32f4xx_hal_tim_ex.o
 .debug_abbrev  0x00002992      0x23d Drivers\STM32F4xx_HAL_Driver\Src\stm32f4xx_hal_uart.o
 .debug_abbrev  0x00002bcf      0x187 Drivers\STM32F4xx_HAL_Driver\Src\stm32f4xx_ll_fmc.o
 .debug_abbrev  0x00002d56      0x1eb Src\crc.o
 .debug_abbrev  0x00002f41      0x210 Src\dma2d.o
 .debug_abbrev  0x00003151      0x242 Src\fmc.o
 .debug_abbrev  0x00003393      0x178 Src\gfxsimulator.o
 .debug_abbrev  0x0000350b      0x1c0 Src\gpio.o
 .debug_abbrev  0x000036cb      0x1f6 Src\i2c.o
 .debug_abbrev  0x000038c1      0x1ff Src\ltdc.o
 .debug_abbrev  0x00003ac0      0x327 Src\main.o
 .debug_abbrev  0x00003de7      0x1f6 Src\spi.o
 .debug_abbrev  0x00003fdd      0x1a8 Src\stm32f4xx_hal_msp.o
 .debug_abbrev  0x00004185      0x196 Src\stm32f4xx_hal_timebase_tim.o
 .debug_abbrev  0x0000431b      0x1e0 Src\stm32f4xx_it.o
 .debug_abbrev  0x000044fb      0x271 Src\syscalls.o
 .debug_abbrev  0x0000476c      0x10e Src\system_stm32f4xx.o
 .debug_abbrev  0x0000487a      0x240 Src\tim.o
 .debug_abbrev  0x00004aba      0x1f6 Src\usart.o
 .debug_abbrev  0x00004cb0       0x12 startup\startup_stm32f429xx.o

.debug_aranges  0x00000000     0x1c50
 .debug_aranges
                0x00000000       0x60 Drivers\BSP\Components\ili9341\ili9341.o
 .debug_aranges
                0x00000060       0x18 Drivers\BSP\STM32F429I-Discovery\Fonts\font24.o
 .debug_aranges
                0x00000078      0x1a8 Drivers\BSP\STM32F429I-Discovery\stm32f429i_discovery.o
 .debug_aranges
                0x00000220      0x1a8 Drivers\BSP\STM32F429I-Discovery\stm32f429i_discovery_lcd.o
 .debug_aranges
                0x000003c8       0x68 Drivers\BSP\STM32F429I-Discovery\stm32f429i_discovery_sdram.o
 .debug_aranges
                0x00000430      0x100 Drivers\STM32F4xx_HAL_Driver\Src\stm32f4xx_hal.o
 .debug_aranges
                0x00000530      0x118 Drivers\STM32F4xx_HAL_Driver\Src\stm32f4xx_hal_cortex.o
 .debug_aranges
                0x00000648       0x50 Drivers\STM32F4xx_HAL_Driver\Src\stm32f4xx_hal_crc.o
 .debug_aranges
                0x00000698       0x90 Drivers\STM32F4xx_HAL_Driver\Src\stm32f4xx_hal_dma.o
 .debug_aranges
                0x00000728      0x108 Drivers\STM32F4xx_HAL_Driver\Src\stm32f4xx_hal_dma2d.o
 .debug_aranges
                0x00000830       0x58 Drivers\STM32F4xx_HAL_Driver\Src\stm32f4xx_hal_gpio.o
 .debug_aranges
                0x00000888      0x290 Drivers\STM32F4xx_HAL_Driver\Src\stm32f4xx_hal_i2c.o
 .debug_aranges
                0x00000b18       0x28 Drivers\STM32F4xx_HAL_Driver\Src\stm32f4xx_hal_i2c_ex.o
 .debug_aranges
                0x00000b40      0x158 Drivers\STM32F4xx_HAL_Driver\Src\stm32f4xx_hal_ltdc.o
 .debug_aranges
                0x00000c98       0x60 Drivers\STM32F4xx_HAL_Driver\Src\stm32f4xx_hal_pwr_ex.o
 .debug_aranges
                0x00000cf8       0x88 Drivers\STM32F4xx_HAL_Driver\Src\stm32f4xx_hal_rcc.o
 .debug_aranges
                0x00000d80       0x58 Drivers\STM32F4xx_HAL_Driver\Src\stm32f4xx_hal_rcc_ex.o
 .debug_aranges
                0x00000dd8       0xd0 Drivers\STM32F4xx_HAL_Driver\Src\stm32f4xx_hal_sdram.o
 .debug_aranges
                0x00000ea8      0x1d0 Drivers\STM32F4xx_HAL_Driver\Src\stm32f4xx_hal_spi.o
 .debug_aranges
                0x00001078      0x3a8 Drivers\STM32F4xx_HAL_Driver\Src\stm32f4xx_hal_tim.o
 .debug_aranges
                0x00001420      0x150 Drivers\STM32F4xx_HAL_Driver\Src\stm32f4xx_hal_tim_ex.o
 .debug_aranges
                0x00001570      0x1d0 Drivers\STM32F4xx_HAL_Driver\Src\stm32f4xx_hal_uart.o
 .debug_aranges
                0x00001740       0xf0 Drivers\STM32F4xx_HAL_Driver\Src\stm32f4xx_ll_fmc.o
 .debug_aranges
                0x00001830       0x30 Src\crc.o
 .debug_aranges
                0x00001860       0x30 Src\dma2d.o
 .debug_aranges
                0x00001890       0x40 Src\fmc.o
 .debug_aranges
                0x000018d0       0x20 Src\gfxsimulator.o
 .debug_aranges
                0x000018f0       0x20 Src\gpio.o
 .debug_aranges
                0x00001910       0x30 Src\i2c.o
 .debug_aranges
                0x00001940       0x30 Src\ltdc.o
 .debug_aranges
                0x00001970       0x70 Src\main.o
 .debug_aranges
                0x000019e0       0x30 Src\spi.o
 .debug_aranges
                0x00001a10       0x20 Src\stm32f4xx_hal_msp.o
 .debug_aranges
                0x00001a30       0x30 Src\stm32f4xx_hal_timebase_tim.o
 .debug_aranges
                0x00001a60       0x80 Src\stm32f4xx_it.o
 .debug_aranges
                0x00001ae0       0xb0 Src\syscalls.o
 .debug_aranges
                0x00001b90       0x28 Src\system_stm32f4xx.o
 .debug_aranges
                0x00001bb8       0x40 Src\tim.o
 .debug_aranges
                0x00001bf8       0x30 Src\usart.o
 .debug_aranges
                0x00001c28       0x28 startup\startup_stm32f429xx.o

.debug_ranges   0x00000000     0x19f0
 .debug_ranges  0x00000000       0x50 Drivers\BSP\Components\ili9341\ili9341.o
 .debug_ranges  0x00000050      0x198 Drivers\BSP\STM32F429I-Discovery\stm32f429i_discovery.o
 .debug_ranges  0x000001e8      0x198 Drivers\BSP\STM32F429I-Discovery\stm32f429i_discovery_lcd.o
 .debug_ranges  0x00000380       0x58 Drivers\BSP\STM32F429I-Discovery\stm32f429i_discovery_sdram.o
 .debug_ranges  0x000003d8       0xf0 Drivers\STM32F4xx_HAL_Driver\Src\stm32f4xx_hal.o
 .debug_ranges  0x000004c8      0x108 Drivers\STM32F4xx_HAL_Driver\Src\stm32f4xx_hal_cortex.o
 .debug_ranges  0x000005d0       0x40 Drivers\STM32F4xx_HAL_Driver\Src\stm32f4xx_hal_crc.o
 .debug_ranges  0x00000610       0x80 Drivers\STM32F4xx_HAL_Driver\Src\stm32f4xx_hal_dma.o
 .debug_ranges  0x00000690       0xf8 Drivers\STM32F4xx_HAL_Driver\Src\stm32f4xx_hal_dma2d.o
 .debug_ranges  0x00000788       0x48 Drivers\STM32F4xx_HAL_Driver\Src\stm32f4xx_hal_gpio.o
 .debug_ranges  0x000007d0      0x2a0 Drivers\STM32F4xx_HAL_Driver\Src\stm32f4xx_hal_i2c.o
 .debug_ranges  0x00000a70       0x18 Drivers\STM32F4xx_HAL_Driver\Src\stm32f4xx_hal_i2c_ex.o
 .debug_ranges  0x00000a88      0x148 Drivers\STM32F4xx_HAL_Driver\Src\stm32f4xx_hal_ltdc.o
 .debug_ranges  0x00000bd0       0x50 Drivers\STM32F4xx_HAL_Driver\Src\stm32f4xx_hal_pwr_ex.o
 .debug_ranges  0x00000c20       0x78 Drivers\STM32F4xx_HAL_Driver\Src\stm32f4xx_hal_rcc.o
 .debug_ranges  0x00000c98       0x48 Drivers\STM32F4xx_HAL_Driver\Src\stm32f4xx_hal_rcc_ex.o
 .debug_ranges  0x00000ce0       0xc0 Drivers\STM32F4xx_HAL_Driver\Src\stm32f4xx_hal_sdram.o
 .debug_ranges  0x00000da0      0x1c0 Drivers\STM32F4xx_HAL_Driver\Src\stm32f4xx_hal_spi.o
 .debug_ranges  0x00000f60      0x398 Drivers\STM32F4xx_HAL_Driver\Src\stm32f4xx_hal_tim.o
 .debug_ranges  0x000012f8      0x140 Drivers\STM32F4xx_HAL_Driver\Src\stm32f4xx_hal_tim_ex.o
 .debug_ranges  0x00001438      0x1c0 Drivers\STM32F4xx_HAL_Driver\Src\stm32f4xx_hal_uart.o
 .debug_ranges  0x000015f8       0xe0 Drivers\STM32F4xx_HAL_Driver\Src\stm32f4xx_ll_fmc.o
 .debug_ranges  0x000016d8       0x20 Src\crc.o
 .debug_ranges  0x000016f8       0x20 Src\dma2d.o
 .debug_ranges  0x00001718       0x30 Src\fmc.o
 .debug_ranges  0x00001748       0x10 Src\gfxsimulator.o
 .debug_ranges  0x00001758       0x10 Src\gpio.o
 .debug_ranges  0x00001768       0x20 Src\i2c.o
 .debug_ranges  0x00001788       0x20 Src\ltdc.o
 .debug_ranges  0x000017a8       0x60 Src\main.o
 .debug_ranges  0x00001808       0x20 Src\spi.o
 .debug_ranges  0x00001828       0x10 Src\stm32f4xx_hal_msp.o
 .debug_ranges  0x00001838       0x20 Src\stm32f4xx_hal_timebase_tim.o
 .debug_ranges  0x00001858       0x70 Src\stm32f4xx_it.o
 .debug_ranges  0x000018c8       0xa0 Src\syscalls.o
 .debug_ranges  0x00001968       0x18 Src\system_stm32f4xx.o
 .debug_ranges  0x00001980       0x30 Src\tim.o
 .debug_ranges  0x000019b0       0x20 Src\usart.o
 .debug_ranges  0x000019d0       0x20 startup\startup_stm32f429xx.o

.debug_line     0x00000000     0xd885
 .debug_line    0x00000000      0x282 Drivers\BSP\Components\ili9341\ili9341.o
 .debug_line    0x00000282      0x143 Drivers\BSP\STM32F429I-Discovery\Fonts\font24.o
 .debug_line    0x000003c5      0x76b Drivers\BSP\STM32F429I-Discovery\stm32f429i_discovery.o
 .debug_line    0x00000b30      0x9e8 Drivers\BSP\STM32F429I-Discovery\stm32f429i_discovery_lcd.o
 .debug_line    0x00001518      0x378 Drivers\BSP\STM32F429I-Discovery\stm32f429i_discovery_sdram.o
 .debug_line    0x00001890      0x440 Drivers\STM32F4xx_HAL_Driver\Src\stm32f4xx_hal.o
 .debug_line    0x00001cd0      0x540 Drivers\STM32F4xx_HAL_Driver\Src\stm32f4xx_hal_cortex.o
 .debug_line    0x00002210      0x2c4 Drivers\STM32F4xx_HAL_Driver\Src\stm32f4xx_hal_crc.o
 .debug_line    0x000024d4      0x4f2 Drivers\STM32F4xx_HAL_Driver\Src\stm32f4xx_hal_dma.o
 .debug_line    0x000029c6      0x782 Drivers\STM32F4xx_HAL_Driver\Src\stm32f4xx_hal_dma2d.o
 .debug_line    0x00003148      0x42b Drivers\STM32F4xx_HAL_Driver\Src\stm32f4xx_hal_gpio.o
 .debug_line    0x00003573     0x1612 Drivers\STM32F4xx_HAL_Driver\Src\stm32f4xx_hal_i2c.o
 .debug_line    0x00004b85      0x25b Drivers\STM32F4xx_HAL_Driver\Src\stm32f4xx_hal_i2c_ex.o
 .debug_line    0x00004de0      0xae7 Drivers\STM32F4xx_HAL_Driver\Src\stm32f4xx_hal_ltdc.o
 .debug_line    0x000058c7      0x2fe Drivers\STM32F4xx_HAL_Driver\Src\stm32f4xx_hal_pwr_ex.o
 .debug_line    0x00005bc5      0x499 Drivers\STM32F4xx_HAL_Driver\Src\stm32f4xx_hal_rcc.o