core_cm4.h:1688:22:__NVIC_EnableIRQ	16	static
core_cm4.h:1724:22:__NVIC_DisableIRQ	16	static
core_cm4.h:1777:22:__NVIC_ClearPendingIRQ	16	static
core_cm4.h:1816:22:__NVIC_SetPriority	16	static
core_cm4.h:1913:22:__NVIC_SetVector	24	static
stm32f429i_discovery.c:186:10:BSP_GetVersion	4	static
stm32f429i_discovery.c:198:6:BSP_LED_Init	48	static
stm32f429i_discovery.c:223:6:BSP_LED_On	16	static
stm32f429i_discovery.c:235:6:BSP_LED_Off	16	static
stm32f429i_discovery.c:247:6:BSP_LED_Toggle	16	static
stm32f429i_discovery.c:262:6:BSP_PB_Init	40	static
stm32f429i_discovery.c:299:10:BSP_PB_GetState	16	static
stm32f429i_discovery.c:314:13:I2Cx_MspInit	64	static
stm32f429i_discovery.c:445:13:I2Cx_Init	8	static
stm32f429i_discovery.c:468:13:I2Cx_ITConfig	32	static
stm32f429i_discovery.c:492:13:I2Cx_WriteData	40	static
stm32f429i_discovery.c:513:13:I2Cx_WriteBuffer	40	static
stm32f429i_discovery.c:533:16:I2Cx_ReadData	40	static
stm32f429i_discovery.c:558:16:I2Cx_ReadBuffer	40	static
stm32f429i_discovery.c:587:26:I2Cx_WriteBufferDMA	40	static
stm32f429i_discovery.c:611:26:I2Cx_ReadBufferDMA	40	static
stm32f429i_discovery.c:634:26:I2Cx_IsDeviceReady	16	static
stm32f429i_discovery.c:643:13:I2Cx_Error	8	static
stm32f429i_discovery.c:657:13:SPIx_Init	8	static
stm32f429i_discovery.c:695:17:SPIx_Read	24	static
stm32f429i_discovery.c:716:13:SPIx_Write	24	static
stm32f429i_discovery.c:736:16:SPIx_WriteRead	32	static
stm32f429i_discovery.c:753:13:SPIx_Error	8	static
stm32f429i_discovery.c:766:13:SPIx_MspInit	48	static
stm32f429i_discovery.c:790:6:LCD_IO_Init	40	static
stm32f429i_discovery.c:834:6:LCD_IO_WriteData	16	static
stm32f429i_discovery.c:850:6:LCD_IO_WriteReg	16	static
stm32f429i_discovery.c:869:10:LCD_IO_ReadData	24	static
stm32f429i_discovery.c:896:6:LCD_Delay	16	static
stm32f429i_discovery.c:911:6:IOE_Init	8	static
stm32f429i_discovery.c:919:6:IOE_ITConfig	8	static
stm32f429i_discovery.c:930:6:IOE_Write	16	static
stm32f429i_discovery.c:941:9:IOE_Read	16	static
stm32f429i_discovery.c:953:6:IOE_WriteMultiple	16	static
stm32f429i_discovery.c:966:10:IOE_ReadMultiple	16	static
stm32f429i_discovery.c:975:6:IOE_Delay	16	static
stm32f429i_discovery.c:986:6:GYRO_IO_Init	40	static
stm32f429i_discovery.c:1019:6:GYRO_IO_Write	16	static
stm32f429i_discovery.c:1053:6:GYRO_IO_Read	16	static
stm32f429i_discovery.c:1090:6:EEPROM_IO_Init	8	static
stm32f429i_discovery.c:1103:19:EEPROM_IO_WriteData	24	static
stm32f429i_discovery.c:1116:19:EEPROM_IO_ReadData	24	static
stm32f429i_discovery.c:1128:19:EEPROM_IO_IsDeviceReady	16	static
stm32f429i_discovery.c:1139:13:DMA1_Stream4_IRQHandler	8	static
stm32f429i_discovery.c:1149:13:DMA1_Stream2_IRQHandler	8	static
