stm32f4xx_it.c:76:6:NMI_Handler	4	static
stm32f4xx_it.c:89:6:HardFault_Handler	4	static
stm32f4xx_it.c:104:6:MemManage_Handler	4	static
stm32f4xx_it.c:119:6:BusFault_Handler	4	static
stm32f4xx_it.c:134:6:UsageFault_Handler	4	static
stm32f4xx_it.c:149:6:SVC_Handler	4	static
stm32f4xx_it.c:162:6:DebugMon_Handler	4	static
stm32f4xx_it.c:175:6:PendSV_Handler	4	static
stm32f4xx_it.c:195:6:TIM1_UP_TIM10_IRQHandler	8	static
stm32f4xx_it.c:210:6:TIM1_TRG_COM_TIM11_IRQHandler	8	static
stm32f4xx_it.c:225:6:TIM6_DAC_IRQHandler	8	static
stm32f4xx_it.c:239:6:LTDC_IRQHandler	8	static
stm32f4xx_it.c:253:6:DMA2D_IRQHandler	8	static
